Archive member included to satisfy reference by file (symbol)

c:/st/stm32cubeide_1.5.1/stm32cubeide/plugins/com.st.stm32cube.ide.mcu.externaltools.gnu-tools-for-stm32.10.3-2021.10.win32_1.0.0.202111181127/tools/bin/../lib/gcc/arm-none-eabi/10.3.1/../../../../arm-none-eabi/lib/thumb/v7e-m+fp/hard\libc_nano.a(lib_a-ctype_.o)
                              ./Core/Src/LCD_Control.o (_ctype_)
c:/st/stm32cubeide_1.5.1/stm32cubeide/plugins/com.st.stm32cube.ide.mcu.externaltools.gnu-tools-for-stm32.10.3-2021.10.win32_1.0.0.202111181127/tools/bin/../lib/gcc/arm-none-eabi/10.3.1/../../../../arm-none-eabi/lib/thumb/v7e-m+fp/hard\libc_nano.a(lib_a-errno.o)
                              ./Core/Src/syscalls.o (__errno)
c:/st/stm32cubeide_1.5.1/stm32cubeide/plugins/com.st.stm32cube.ide.mcu.externaltools.gnu-tools-for-stm32.10.3-2021.10.win32_1.0.0.202111181127/tools/bin/../lib/gcc/arm-none-eabi/10.3.1/../../../../arm-none-eabi/lib/thumb/v7e-m+fp/hard\libc_nano.a(lib_a-exit.o)
                              c:/st/stm32cubeide_1.5.1/stm32cubeide/plugins/com.st.stm32cube.ide.mcu.externaltools.gnu-tools-for-stm32.10.3-2021.10.win32_1.0.0.202111181127/tools/bin/../lib/gcc/arm-none-eabi/10.3.1/../../../../arm-none-eabi/lib/thumb/v7e-m+fp/hard/crt0.o (exit)
c:/st/stm32cubeide_1.5.1/stm32cubeide/plugins/com.st.stm32cube.ide.mcu.externaltools.gnu-tools-for-stm32.10.3-2021.10.win32_1.0.0.202111181127/tools/bin/../lib/gcc/arm-none-eabi/10.3.1/../../../../arm-none-eabi/lib/thumb/v7e-m+fp/hard\libc_nano.a(lib_a-impure.o)
                              c:/st/stm32cubeide_1.5.1/stm32cubeide/plugins/com.st.stm32cube.ide.mcu.externaltools.gnu-tools-for-stm32.10.3-2021.10.win32_1.0.0.202111181127/tools/bin/../lib/gcc/arm-none-eabi/10.3.1/../../../../arm-none-eabi/lib/thumb/v7e-m+fp/hard\libc_nano.a(lib_a-exit.o) (_global_impure_ptr)
c:/st/stm32cubeide_1.5.1/stm32cubeide/plugins/com.st.stm32cube.ide.mcu.externaltools.gnu-tools-for-stm32.10.3-2021.10.win32_1.0.0.202111181127/tools/bin/../lib/gcc/arm-none-eabi/10.3.1/../../../../arm-none-eabi/lib/thumb/v7e-m+fp/hard\libc_nano.a(lib_a-init.o)
                              c:/st/stm32cubeide_1.5.1/stm32cubeide/plugins/com.st.stm32cube.ide.mcu.externaltools.gnu-tools-for-stm32.10.3-2021.10.win32_1.0.0.202111181127/tools/bin/../lib/gcc/arm-none-eabi/10.3.1/../../../../arm-none-eabi/lib/thumb/v7e-m+fp/hard/crt0.o (__libc_init_array)
c:/st/stm32cubeide_1.5.1/stm32cubeide/plugins/com.st.stm32cube.ide.mcu.externaltools.gnu-tools-for-stm32.10.3-2021.10.win32_1.0.0.202111181127/tools/bin/../lib/gcc/arm-none-eabi/10.3.1/../../../../arm-none-eabi/lib/thumb/v7e-m+fp/hard\libc_nano.a(lib_a-itoa.o)
                              ./Core/Src/LCD_Control.o (itoa)
c:/st/stm32cubeide_1.5.1/stm32cubeide/plugins/com.st.stm32cube.ide.mcu.externaltools.gnu-tools-for-stm32.10.3-2021.10.win32_1.0.0.202111181127/tools/bin/../lib/gcc/arm-none-eabi/10.3.1/../../../../arm-none-eabi/lib/thumb/v7e-m+fp/hard\libc_nano.a(lib_a-memset.o)
                              c:/st/stm32cubeide_1.5.1/stm32cubeide/plugins/com.st.stm32cube.ide.mcu.externaltools.gnu-tools-for-stm32.10.3-2021.10.win32_1.0.0.202111181127/tools/bin/../lib/gcc/arm-none-eabi/10.3.1/../../../../arm-none-eabi/lib/thumb/v7e-m+fp/hard/crt0.o (memset)
c:/st/stm32cubeide_1.5.1/stm32cubeide/plugins/com.st.stm32cube.ide.mcu.externaltools.gnu-tools-for-stm32.10.3-2021.10.win32_1.0.0.202111181127/tools/bin/../lib/gcc/arm-none-eabi/10.3.1/../../../../arm-none-eabi/lib/thumb/v7e-m+fp/hard\libc_nano.a(lib_a-strlen.o)
                              ./Core/Src/SD_Card_Control.o (strlen)
c:/st/stm32cubeide_1.5.1/stm32cubeide/plugins/com.st.stm32cube.ide.mcu.externaltools.gnu-tools-for-stm32.10.3-2021.10.win32_1.0.0.202111181127/tools/bin/../lib/gcc/arm-none-eabi/10.3.1/../../../../arm-none-eabi/lib/thumb/v7e-m+fp/hard\libc_nano.a(lib_a-utoa.o)
                              c:/st/stm32cubeide_1.5.1/stm32cubeide/plugins/com.st.stm32cube.ide.mcu.externaltools.gnu-tools-for-stm32.10.3-2021.10.win32_1.0.0.202111181127/tools/bin/../lib/gcc/arm-none-eabi/10.3.1/../../../../arm-none-eabi/lib/thumb/v7e-m+fp/hard\libc_nano.a(lib_a-itoa.o) (__utoa)
c:/st/stm32cubeide_1.5.1/stm32cubeide/plugins/com.st.stm32cube.ide.mcu.externaltools.gnu-tools-for-stm32.10.3-2021.10.win32_1.0.0.202111181127/tools/bin/../lib/gcc/arm-none-eabi/10.3.1/../../../../arm-none-eabi/lib/thumb/v7e-m+fp/hard\libc_nano.a(lib_a-vsnprintf.o)
                              ./Core/Src/SD_Card_Control.o (vsnprintf)
c:/st/stm32cubeide_1.5.1/stm32cubeide/plugins/com.st.stm32cube.ide.mcu.externaltools.gnu-tools-for-stm32.10.3-2021.10.win32_1.0.0.202111181127/tools/bin/../lib/gcc/arm-none-eabi/10.3.1/../../../../arm-none-eabi/lib/thumb/v7e-m+fp/hard\libc_nano.a(lib_a-nano-svfprintf.o)
[...]
Memory Configuration

Name             Origin             Length             Attributes
RAM              0x0000000020000000 0x0000000000010000 xrw
RAM2             0x0000000010000000 0x0000000000004000 xrw
FLASH            0x0000000008000000 0x0000000000040000 xr
*default*        0x0000000000000000 0xffffffffffffffff

Linker script and memory map

LOAD c:/st/stm32cubeide_1.5.1/stm32cubeide/plugins/com.st.stm32cube.ide.mcu.externaltools.gnu-tools-for-stm32.10.3-2021.10.win32_1.0.0.202111181127/tools/bin/../lib/gcc/arm-none-eabi/10.3.1/thumb/v7e-m+fp/hard/crti.o
LOAD c:/st/stm32cubeide_1.5.1/stm32cubeide/plugins/com.st.stm32cube.ide.mcu.externaltools.gnu-tools-for-stm32.10.3-2021.10.win32_1.0.0.202111181127/tools/bin/../lib/gcc/arm-none-eabi/10.3.1/thumb/v7e-m+fp/hard/crtbegin.o
LOAD c:/st/stm32cubeide_1.5.1/stm32cubeide/plugins/com.st.stm32cube.ide.mcu.externaltools.gnu-tools-for-stm32.10.3-2021.10.win32_1.0.0.202111181127/tools/bin/../lib/gcc/arm-none-eabi/10.3.1/../../../../arm-none-eabi/lib/thumb/v7e-m+fp/hard/crt0.o
LOAD ./Core/SD_Card/FATFS/App/fatfs.o
LOAD ./Core/SD_Card/FATFS/Target/user_diskio.o
LOAD ./Core/SD_Card/FATFS/Target/user_diskio_spi.o
LOAD ./Core/SD_Card/Middlewares/Third_Party/FatFs/src/diskio.o
LOAD ./Core/SD_Card/Middlewares/Third_Party/FatFs/src/ff.o
LOAD ./Core/SD_Card/Middlewares/Third_Party/FatFs/src/ff_gen_drv.o
LOAD ./Core/SD_Card/Middlewares/Third_Party/FatFs/src/option/syscall.o
LOAD ./Core/Src/Clock_Control.o
LOAD ./Core/Src/GPIO_Control.o
LOAD ./Core/Src/LCD_Control.o
LOAD ./Core/Src/Monitor_GrowTent.o
LOAD ./Core/Src/Power_Control.o
LOAD ./Core/Src/RTC_Control.o
LOAD ./Core/Src/SD_Card_Control.o
LOAD ./Core/Src/TempHumidity_Control.o
LOAD ./Core/Src/TempHumidity_Timer2_Control.o
LOAD ./Core/Src/UART_Control.o
LOAD ./Core/Src/main.o
LOAD ./Core/Src/stm32l4xx_hal_msp.o
LOAD ./Core/Src/stm32l4xx_it.o
LOAD ./Core/Src/syscalls.o
LOAD ./Core/Src/sysmem.o
LOAD ./Core/Src/system_stm32l4xx.o
LOAD ./Core/Startup/startup_stm32l432kcux.o
LOAD ./Drivers/STM32L4xx_HAL_Driver/Src/stm32l4xx_hal.o
LOAD ./Drivers/STM32L4xx_HAL_Driver/Src/stm32l4xx_hal_cortex.o
LOAD ./Drivers/STM32L4xx_HAL_Driver/Src/stm32l4xx_hal_dma.o
LOAD ./Drivers/STM32L4xx_HAL_Driver/Src/stm32l4xx_hal_dma_ex.o
LOAD ./Drivers/STM32L4xx_HAL_Driver/Src/stm32l4xx_hal_exti.o
LOAD ./Drivers/STM32L4xx_HAL_Driver/Src/stm32l4xx_hal_flash.o
LOAD ./Drivers/STM32L4xx_HAL_Driver/Src/stm32l4xx_hal_flash_ex.o
LOAD ./Drivers/STM32L4xx_HAL_Driver/Src/stm32l4xx_hal_flash_ramfunc.o
LOAD ./Drivers/STM32L4xx_HAL_Driver/Src/stm32l4xx_hal_gpio.o
LOAD ./Drivers/STM32L4xx_HAL_Driver/Src/stm32l4xx_hal_i2c.o
LOAD ./Drivers/STM32L4xx_HAL_Driver/Src/stm32l4xx_hal_i2c_ex.o
LOAD ./Drivers/STM32L4xx_HAL_Driver/Src/stm32l4xx_hal_pwr.o
LOAD ./Drivers/STM32L4xx_HAL_Driver/Src/stm32l4xx_hal_pwr_ex.o
LOAD ./Drivers/STM32L4xx_HAL_Driver/Src/stm32l4xx_hal_rcc.o
LOAD ./Drivers/STM32L4xx_HAL_Driver/Src/stm32l4xx_hal_rcc_ex.o
LOAD ./Drivers/STM32L4xx_HAL_Driver/Src/stm32l4xx_hal_rtc.o
LOAD ./Drivers/STM32L4xx_HAL_Driver/Src/stm32l4xx_hal_rtc_ex.o
LOAD ./Drivers/STM32L4xx_HAL_Driver/Src/stm32l4xx_hal_spi.o
LOAD ./Drivers/STM32L4xx_HAL_Driver/Src/stm32l4xx_hal_spi_ex.o
LOAD ./Drivers/STM32L4xx_HAL_Driver/Src/stm32l4xx_hal_tim.o
LOAD ./Drivers/STM32L4xx_HAL_Driver/Src/stm32l4xx_hal_tim_ex.o
LOAD ./Drivers/STM32L4xx_HAL_Driver/Src/stm32l4xx_hal_uart.o
LOAD ./Drivers/STM32L4xx_HAL_Driver/Src/stm32l4xx_hal_uart_ex.o
START GROUP
LOAD c:/st/stm32cubeide_1.5.1/stm32cubeide/plugins/com.st.stm32cube.ide.mcu.externaltools.gnu-tools-for-stm32.10.3-2021.10.win32_1.0.0.202111181127/tools/bin/../lib/gcc/arm-none-eabi/10.3.1/../../../../arm-none-eabi/lib/thumb/v7e-m+fp/hard\libc_nano.a
LOAD c:/st/stm32cubeide_1.5.1/stm32cubeide/plugins/com.st.stm32cube.ide.mcu.externaltools.gnu-tools-for-stm32.10.3-2021.10.win32_1.0.0.202111181127/tools/bin/../lib/gcc/arm-none-eabi/10.3.1/../../../../arm-none-eabi/lib/thumb/v7e-m+fp/hard\libm.a
END GROUP
START GROUP
LOAD c:/st/stm32cubeide_1.5.1/stm32cubeide/plugins/com.st.stm32cube.ide.mcu.externaltools.gnu-tools-for-stm32.10.3-2021.10.win32_1.0.0.202111181127/tools/bin/../lib/gcc/arm-none-eabi/10.3.1/thumb/v7e-m+fp/hard\libgcc.a
LOAD c:/st/stm32cubeide_1.5.1/stm32cubeide/plugins/com.st.stm32cube.ide.mcu.externaltools.gnu-tools-for-stm32.10.3-2021.10.win32_1.0.0.202111181127/tools/bin/../lib/gcc/arm-none-eabi/10.3.1/../../../../arm-none-eabi/lib/thumb/v7e-m+fp/hard\libc_nano.a
END GROUP
START GROUP
LOAD c:/st/stm32cubeide_1.5.1/stm32cubeide/plugins/com.st.stm32cube.ide.mcu.externaltools.gnu-tools-for-stm32.10.3-2021.10.win32_1.0.0.202111181127/tools/bin/../lib/gcc/arm-none-eabi/10.3.1/thumb/v7e-m+fp/hard\libgcc.a
LOAD c:/st/stm32cubeide_1.5.1/stm32cubeide/plugins/com.st.stm32cube.ide.mcu.externaltools.gnu-tools-for-stm32.10.3-2021.10.win32_1.0.0.202111181127/tools/bin/../lib/gcc/arm-none-eabi/10.3.1/../../../../arm-none-eabi/lib/thumb/v7e-m+fp/hard\libc_nano.a
LOAD c:/st/stm32cubeide_1.5.1/stm32cubeide/plugins/com.st.stm32cube.ide.mcu.externaltools.gnu-tools-for-stm32.10.3-2021.10.win32_1.0.0.202111181127/tools/bin/../lib/gcc/arm-none-eabi/10.3.1/../../../../arm-none-eabi/lib/thumb/v7e-m+fp/hard\libnosys.a
END GROUP
START GROUP
LOAD c:/st/stm32cubeide_1.5.1/stm32cubeide/plugins/com.st.stm32cube.ide.mcu.externaltools.gnu-tools-for-stm32.10.3-2021.10.win32_1.0.0.202111181127/tools/bin/../lib/gcc/arm-none-eabi/10.3.1/thumb/v7e-m+fp/hard\libgcc.a
LOAD c:/st/stm32cubeide_1.5.1/stm32cubeide/plugins/com.st.stm32cube.ide.mcu.externaltools.gnu-tools-for-stm32.10.3-2021.10.win32_1.0.0.202111181127/tools/bin/../lib/gcc/arm-none-eabi/10.3.1/../../../../arm-none-eabi/lib/thumb/v7e-m+fp/hard\libc_nano.a
LOAD c:/st/stm32cubeide_1.5.1/stm32cubeide/plugins/com.st.stm32cube.ide.mcu.externaltools.gnu-tools-for-stm32.10.3-2021.10.win32_1.0.0.202111181127/tools/bin/../lib/gcc/arm-none-eabi/10.3.1/../../../../arm-none-eabi/lib/thumb/v7e-m+fp/hard\libnosys.a
END GROUP
LOAD c:/st/stm32cubeide_1.5.1/stm32cubeide/plugins/com.st.stm32cube.ide.mcu.externaltools.gnu-tools-for-stm32.10.3-2021.10.win32_1.0.0.202111181127/tools/bin/../lib/gcc/arm-none-eabi/10.3.1/thumb/v7e-m+fp/hard/crtend.o
LOAD c:/st/stm32cubeide_1.5.1/stm32cubeide/plugins/com.st.stm32cube.ide.mcu.externaltools.gnu-tools-for-stm32.10.3-2021.10.win32_1.0.0.202111181127/tools/bin/../lib/gcc/arm-none-eabi/10.3.1/thumb/v7e-m+fp/hard/crtn.o
                0x0000000020010000                _estack = (ORIGIN (RAM) + LENGTH (RAM))
                0x0000000000000200                _Min_Heap_Size = 0x200
                0x0000000000000400                _Min_Stack_Size = 0x400

.isr_vector     0x0000000008000000      0x18c
                0x0000000008000000                . = ALIGN (0x4)
 *(.isr_vector)
 .isr_vector    0x0000000008000000      0x18c ./Core/Startup/startup_stm32l432kcux.o
                0x0000000008000000                g_pfnVectors
                0x000000000800018c                . = ALIGN (0x4)

.text           0x0000000008000190     0x7070
                0x0000000008000190                . = ALIGN (0x4)
 *(.text)
 .text          0x0000000008000190       0x40 c:/st/stm32cubeide_1.5.1/stm32cubeide/plugins/com.st.stm32cube.ide.mcu.externaltools.gnu-tools-for-stm32.10.3-2021.10.win32_1.0.0.202111181127/tools/bin/../lib/gcc/arm-none-eabi/10.3.1/thumb/v7e-m+fp/hard/crtbegin.o
 .text          0x00000000080001d0       0x10 c:/st/stm32cubeide_1.5.1/stm32cubeide/plugins/com.st.stm32cube.ide.mcu.externaltools.gnu-tools-for-stm32.10.3-2021.10.win32_1.0.0.202111181127/tools/bin/../lib/gcc/arm-none-eabi/10.3.1/../../../../arm-none-eabi/lib/thumb/v7e-m+fp/hard\libc_nano.a(lib_a-strlen.o)
                0x00000000080001d0                strlen
 .text          0x00000000080001e0       0xa0 c:/st/stm32cubeide_1.5.1/stm32cubeide/plugins/com.st.stm32cube.ide.mcu.externaltools.gnu-tools-for-stm32.10.3-2021.10.win32_1.0.0.202111181127/tools/bin/../lib/gcc/arm-none-eabi/10.3.1/../../../../arm-none-eabi/lib/thumb/v7e-m+fp/hard\libc_nano.a(lib_a-memchr.o)
                0x00000000080001e0                memchr
 .text          0x0000000008000280       0x30 c:/st/stm32cubeide_1.5.1/stm32cubeide/plugins/com.st.stm32cube.ide.mcu.externaltools.gnu-tools-for-stm32.10.3-2021.10.win32_1.0.0.202111181127/tools/bin/../lib/gcc/arm-none-eabi/10.3.1/thumb/v7e-m+fp/hard\libgcc.a(_aeabi_uldivmod.o)
                0x0000000008000280                __aeabi_uldivmod
 .text          0x00000000080002b0      0x2d0 c:/st/stm32cubeide_1.5.1/stm32cubeide/plugins/com.st.stm32cube.ide.mcu.externaltools.gnu-tools-for-stm32.10.3-2021.10.win32_1.0.0.202111181127/tools/bin/../lib/gcc/arm-none-eabi/10.3.1/thumb/v7e-m+fp/hard\libgcc.a(_udivmoddi4.o)
                0x00000000080002b0                __udivmoddi4
 .text          0x0000000008000580        0x4 c:/st/stm32cubeide_1.5.1/stm32cubeide/plugins/com.st.stm32cube.ide.mcu.externaltools.gnu-tools-for-stm32.10.3-2021.10.win32_1.0.0.202111181127/tools/bin/../lib/gcc/arm-none-eabi/10.3.1/thumb/v7e-m+fp/hard\libgcc.a(_dvmd_tls.o)
                0x0000000008000580                __aeabi_idiv0
                0x0000000008000580                __aeabi_ldiv0
 *(.text*)
 .text.MX_FATFS_Init
                0x0000000008000584       0x1c ./Core/SD_Card/FATFS/App/fatfs.o
                0x0000000008000584                MX_FATFS_Init
 .text.get_fattime
                0x00000000080005a0        0x4 ./Core/SD_Card/FATFS/App/fatfs.o
                0x00000000080005a0                get_fattime
 .text.USER_initialize
                0x00000000080005a4       0x10 ./Core/SD_Card/FATFS/Target/user_diskio.o
                0x00000000080005a4                USER_initialize
 .text.USER_status
                0x00000000080005b4       0x10 ./Core/SD_Card/FATFS/Target/user_diskio.o
                0x00000000080005b4                USER_status
 .text.USER_read
                0x00000000080005c4        0x4 ./Core/SD_Card/FATFS/Target/user_diskio.o
                0x00000000080005c4                USER_read
 .text.USER_write
                0x00000000080005c8        0x4 ./Core/SD_Card/FATFS/Target/user_diskio.o
                0x00000000080005c8                USER_write
 .text.USER_ioctl
                0x00000000080005cc        0x4 ./Core/SD_Card/FATFS/Target/user_diskio.o
                0x00000000080005cc                USER_ioctl
 .text.xchg_spi
                0x00000000080005d0       0x28 ./Core/SD_Card/FATFS/Target/user_diskio_spi.o
 .text.wait_ready
                0x00000000080005f8       0x2a ./Core/SD_Card/FATFS/Target/user_diskio_spi.o
 *fill*         0x0000000008000622        0x2 
 .text.despiselect
                0x0000000008000624       0x1c ./Core/SD_Card/FATFS/Target/user_diskio_spi.o
 .text.spiselect
                0x0000000008000640       0x30 ./Core/SD_Card/FATFS/Target/user_diskio_spi.o
 .text.send_cmd
                0x0000000008000670       0x84 ./Core/SD_Card/FATFS/Target/user_diskio_spi.o
 .text.xmit_datablock
                0x00000000080006f4       0x4e ./Core/SD_Card/FATFS/Target/user_diskio_spi.o
 *fill*         0x0000000008000742        0x2 
 .text.SPI_Timer_On
                0x0000000008000744       0x1c ./Core/SD_Card/FATFS/Target/user_diskio_spi.o
                0x0000000008000744                SPI_Timer_On
 .text.SPI_Timer_Status
                0x0000000008000760       0x24 ./Core/SD_Card/FATFS/Target/user_diskio_spi.o
                0x0000000008000760                SPI_Timer_Status
 .text.rcvr_datablock
                0x0000000008000784       0x46 ./Core/SD_Card/FATFS/Target/user_diskio_spi.o
 *fill*         0x00000000080007ca        0x2 
 .text.USER_SPI_initialize
                0x00000000080007cc      0x144 ./Core/SD_Card/FATFS/Target/user_diskio_spi.o
                0x00000000080007cc                USER_SPI_initialize
 .text.USER_SPI_status
                0x0000000008000910       0x14 ./Core/SD_Card/FATFS/Target/user_diskio_spi.o
                0x0000000008000910                USER_SPI_status
 .text.USER_SPI_read
                0x0000000008000924       0x80 ./Core/SD_Card/FATFS/Target/user_diskio_spi.o
                0x0000000008000924                USER_SPI_read
 .text.USER_SPI_write
                0x00000000080009a4       0xa0 ./Core/SD_Card/FATFS/Target/user_diskio_spi.o
                0x00000000080009a4                USER_SPI_write
 .text.USER_SPI_ioctl
                0x0000000008000a44      0x1d0 ./Core/SD_Card/FATFS/Target/user_diskio_spi.o
                0x0000000008000a44                USER_SPI_ioctl
 .text.disk_status
                0x0000000008000c14       0x14 ./Core/SD_Card/Middlewares/Third_Party/FatFs/src/diskio.o
                0x0000000008000c14                disk_status
 .text.disk_initialize
                0x0000000008000c28       0x20 ./Core/SD_Card/Middlewares/Third_Party/FatFs/src/diskio.o
                0x0000000008000c28                disk_initialize
 .text.disk_read
                0x0000000008000c48       0x1c ./Core/SD_Card/Middlewares/Third_Party/FatFs/src/diskio.o
                0x0000000008000c48                disk_read
 .text.disk_write
                0x0000000008000c64       0x1c ./Core/SD_Card/Middlewares/Third_Party/FatFs/src/diskio.o
                0x0000000008000c64                disk_write
 .text.disk_ioctl
                0x0000000008000c80       0x1c ./Core/SD_Card/Middlewares/Third_Party/FatFs/src/diskio.o
                0x0000000008000c80                disk_ioctl
 .text.ld_dword
                0x0000000008000c9c        0x4 ./Core/SD_Card/Middlewares/Third_Party/FatFs/src/ff.o
 .text.st_dword
                0x0000000008000ca0       0x10 ./Core/SD_Card/Middlewares/Third_Party/FatFs/src/ff.o
 .text.mem_set  0x0000000008000cb0        0xc ./Core/SD_Card/Middlewares/Third_Party/FatFs/src/ff.o
 .text.chk_lock
                0x0000000008000cbc       0x74 ./Core/SD_Card/Middlewares/Third_Party/FatFs/src/ff.o
 .text.inc_lock
                0x0000000008000d30       0x84 ./Core/SD_Card/Middlewares/Third_Party/FatFs/src/ff.o
 .text.dec_lock
                0x0000000008000db4       0x3c ./Core/SD_Card/Middlewares/Third_Party/FatFs/src/ff.o
 .text.clear_lock
                0x0000000008000df0       0x1c ./Core/SD_Card/Middlewares/Third_Party/FatFs/src/ff.o
 .text.clust2sect
                0x0000000008000e0c       0x16 ./Core/SD_Card/Middlewares/Third_Party/FatFs/src/ff.o
 .text.clmt_clust
                0x0000000008000e22       0x22 ./Core/SD_Card/Middlewares/Third_Party/FatFs/src/ff.o
 .text.st_clust
                0x0000000008000e44       0x18 ./Core/SD_Card/Middlewares/Third_Party/FatFs/src/ff.o
 .text.get_ldnumber
                0x0000000008000e5c       0x30 ./Core/SD_Card/Middlewares/Third_Party/FatFs/src/ff.o
 .text.validate
                0x0000000008000e8c       0x34 ./Core/SD_Card/Middlewares/Third_Party/FatFs/src/ff.o
 .text.mem_cpy.part.0
                0x0000000008000ec0       0x12 ./Core/SD_Card/Middlewares/Third_Party/FatFs/src/ff.o
 .text.sync_window.part.0
                0x0000000008000ed2       0x4c ./Core/SD_Card/Middlewares/Third_Party/FatFs/src/ff.o
 .text.sync_window
                0x0000000008000f1e        0xc ./Core/SD_Card/Middlewares/Third_Party/FatFs/src/ff.o
 .text.move_window
                0x0000000008000f2a       0x32 ./Core/SD_Card/Middlewares/Third_Party/FatFs/src/ff.o
 .text.check_fs
                0x0000000008000f5c       0x74 ./Core/SD_Card/Middlewares/Third_Party/FatFs/src/ff.o
 .text.find_volume
                0x0000000008000fd0      0x254 ./Core/SD_Card/Middlewares/Third_Party/FatFs/src/ff.o
 .text.put_fat  0x0000000008001224       0xfa ./Core/SD_Card/Middlewares/Third_Party/FatFs/src/ff.o
 .text.sync_fs  0x000000000800131e       0x96 ./Core/SD_Card/Middlewares/Third_Party/FatFs/src/ff.o
 .text.ld_clust.isra.0
                0x00000000080013b4       0x10 ./Core/SD_Card/Middlewares/Third_Party/FatFs/src/ff.o
 .text.get_fat.isra.0
                0x00000000080013c4       0xac ./Core/SD_Card/Middlewares/Third_Party/FatFs/src/ff.o
 .text.dir_sdi.constprop.0
                0x0000000008001470       0x64 ./Core/SD_Card/Middlewares/Third_Party/FatFs/src/ff.o
 .text.remove_chain
                0x00000000080014d4       0x70 ./Core/SD_Card/Middlewares/Third_Party/FatFs/src/ff.o
 .text.create_chain
                0x0000000008001544       0xb0 ./Core/SD_Card/Middlewares/Third_Party/FatFs/src/ff.o
 .text.dir_next
                0x00000000080015f4       0xea ./Core/SD_Card/Middlewares/Third_Party/FatFs/src/ff.o
 *fill*         0x00000000080016de        0x2 
 .text.follow_path
                0x00000000080016e0      0x17c ./Core/SD_Card/Middlewares/Third_Party/FatFs/src/ff.o
 .text.dir_register
                0x000000000800185c       0x62 ./Core/SD_Card/Middlewares/Third_Party/FatFs/src/ff.o
 *fill*         0x00000000080018be        0x2 
 .text.f_mount  0x00000000080018c0       0x54 ./Core/SD_Card/Middlewares/Third_Party/FatFs/src/ff.o
                0x00000000080018c0                f_mount
 .text.f_open   0x0000000008001914      0x200 ./Core/SD_Card/Middlewares/Third_Party/FatFs/src/ff.o
                0x0000000008001914                f_open
 .text.f_write  0x0000000008001b14      0x18e ./Core/SD_Card/Middlewares/Third_Party/FatFs/src/ff.o
                0x0000000008001b14                f_write
 .text.putc_bfd
                0x0000000008001ca2       0x44 ./Core/SD_Card/Middlewares/Third_Party/FatFs/src/ff.o
 .text.putc_flush
                0x0000000008001ce6       0x2e ./Core/SD_Card/Middlewares/Third_Party/FatFs/src/ff.o
 .text.f_sync   0x0000000008001d14       0x92 ./Core/SD_Card/Middlewares/Third_Party/FatFs/src/ff.o
                0x0000000008001d14                f_sync
 .text.f_close  0x0000000008001da6       0x22 ./Core/SD_Card/Middlewares/Third_Party/FatFs/src/ff.o
                0x0000000008001da6                f_close
 .text.f_getfree
                0x0000000008001dc8       0xc6 ./Core/SD_Card/Middlewares/Third_Party/FatFs/src/ff.o
                0x0000000008001dc8                f_getfree
 .text.f_putc   0x0000000008001e8e       0x20 ./Core/SD_Card/Middlewares/Third_Party/FatFs/src/ff.o
                0x0000000008001e8e                f_putc
 .text.f_puts   0x0000000008001eae       0x24 ./Core/SD_Card/Middlewares/Third_Party/FatFs/src/ff.o
                0x0000000008001eae                f_puts
 *fill*         0x0000000008001ed2        0x2 
 .text.FATFS_LinkDriverEx
                0x0000000008001ed4       0x40 ./Core/SD_Card/Middlewares/Third_Party/FatFs/src/ff_gen_drv.o
                0x0000000008001ed4                FATFS_LinkDriverEx
 .text.FATFS_LinkDriver
                0x0000000008001f14        0x6 ./Core/SD_Card/Middlewares/Third_Party/FatFs/src/ff_gen_drv.o
                0x0000000008001f14                FATFS_LinkDriver
 *fill*         0x0000000008001f1a        0x2 
 .text.SystemClock_Config
                0x0000000008001f1c       0x7c ./Core/Src/Clock_Control.o
                0x0000000008001f1c                SystemClock_Config
 .text.MX_GPIO_Init
                0x0000000008001f98       0x9c ./Core/Src/GPIO_Control.o
                0x0000000008001f98                MX_GPIO_Init
 .text.LCD_WriteAlphaLCD
                0x0000000008002034       0x54 ./Core/Src/LCD_Control.o
                0x0000000008002034                LCD_WriteAlphaLCD
 .text.LCD_WriteNumericLCD
                0x0000000008002088       0x78 ./Core/Src/LCD_Control.o
                0x0000000008002088                LCD_WriteNumericLCD
 .text.LCD_SetCursorPosition
                0x0000000008002100       0x34 ./Core/Src/LCD_Control.o
                0x0000000008002100                LCD_SetCursorPosition
 .text.LCD_ClearDisplay
                0x0000000008002134       0x28 ./Core/Src/LCD_Control.o
                0x0000000008002134                LCD_ClearDisplay
 .text.LCD_I2C_Init
                0x000000000800215c       0x68 ./Core/Src/LCD_Control.o
                0x000000000800215c                LCD_I2C_Init
 .text.GrowTent_Mode
                0x00000000080021c4       0xdc ./Core/Src/Monitor_GrowTent.o
                0x00000000080021c4                GrowTent_Mode
 .text.PowerControl_Init
                0x00000000080022a0       0x64 ./Core/Src/Power_Control.o
                0x00000000080022a0                PowerControl_Init
 .text.Power_Control_SetRelay
                0x0000000008002304       0x10 ./Core/Src/Power_Control.o
                0x0000000008002304                Power_Control_SetRelay
 .text.RTC_SetAlarm
                0x0000000008002314       0x48 ./Core/Src/RTC_Control.o
 .text.RTC_Setup
                0x000000000800235c      0x198 ./Core/Src/RTC_Control.o
                0x000000000800235c                RTC_Setup
 .text.RTC_GetTimeDate
                0x00000000080024f4      0x158 ./Core/Src/RTC_Control.o
                0x00000000080024f4                RTC_GetTimeDate
 .text.HAL_RTC_AlarmAEventCallback
                0x000000000800264c       0x60 ./Core/Src/RTC_Control.o
                0x000000000800264c                HAL_RTC_AlarmAEventCallback
 .text.myprintf
                0x00000000080026ac       0x40 ./Core/Src/SD_Card_Control.o
 .text.SD_Control_Init
                0x00000000080026ec       0xf4 ./Core/Src/SD_Card_Control.o
                0x00000000080026ec                SD_Control_Init
 .text.SD_Control_Write
                0x00000000080027e0      0x128 ./Core/Src/SD_Card_Control.o
                0x00000000080027e0                SD_Control_Write
 .text.tempHumidPrintErrorMessage
                0x0000000008002908       0x70 ./Core/Src/TempHumidity_Control.o
 .text.TempHumid_Init
                0x0000000008002978       0x54 ./Core/Src/TempHumidity_Control.o
                0x0000000008002978                TempHumid_Init
 .text.TempHumid_Read
                0x00000000080029cc      0x470 ./Core/Src/TempHumidity_Control.o
                0x00000000080029cc                TempHumid_Read
 .text.tempHumidity_Timer_Start
                0x0000000008002e3c       0x7c ./Core/Src/TempHumidity_Timer2_Control.o
                0x0000000008002e3c                tempHumidity_Timer_Start
 .text.tempHumidity_EndTimers
                0x0000000008002eb8       0x38 ./Core/Src/TempHumidity_Timer2_Control.o
                0x0000000008002eb8                tempHumidity_EndTimers
 .text.HAL_TIM_OC_DelayElapsedCallback
                0x0000000008002ef0       0x80 ./Core/Src/TempHumidity_Timer2_Control.o
                0x0000000008002ef0                HAL_TIM_OC_DelayElapsedCallback
 .text.HAL_TIM_IC_CaptureCallback
                0x0000000008002f70       0x74 ./Core/Src/TempHumidity_Timer2_Control.o
                0x0000000008002f70                HAL_TIM_IC_CaptureCallback
 .text.MX_USART2_UART_Init
                0x0000000008002fe4       0x3c ./Core/Src/UART_Control.o
                0x0000000008002fe4                MX_USART2_UART_Init
 .text.startup.main
                0x0000000008003020      0x2a0 ./Core/Src/main.o
                0x0000000008003020                main
 .text.Error_Handler
                0x00000000080032c0        0x4 ./Core/Src/main.o
                0x00000000080032c0                Error_Handler
 .text.HAL_MspInit
                0x00000000080032c4       0x30 ./Core/Src/stm32l4xx_hal_msp.o
                0x00000000080032c4                HAL_MspInit
 .text.HAL_UART_MspInit
                0x00000000080032f4       0x9c ./Core/Src/stm32l4xx_hal_msp.o
                0x00000000080032f4                HAL_UART_MspInit
 .text.HAL_TIM_OC_MspInit
                0x0000000008003390       0x58 ./Core/Src/stm32l4xx_hal_msp.o
                0x0000000008003390                HAL_TIM_OC_MspInit
 .text.HAL_TIM_OC_MspDeInit
                0x00000000080033e8       0x14 ./Core/Src/stm32l4xx_hal_msp.o
                0x00000000080033e8                HAL_TIM_OC_MspDeInit
 .text.HAL_TIM_IC_MspInit
                0x00000000080033fc        0x4 ./Core/Src/stm32l4xx_hal_msp.o
                0x00000000080033fc                HAL_TIM_IC_MspInit
 .text.HAL_TIM_IC_MspDeInit
                0x0000000008003400        0x4 ./Core/Src/stm32l4xx_hal_msp.o
                0x0000000008003400                HAL_TIM_IC_MspDeInit
 .text.HAL_RTC_MspInit
                0x0000000008003404       0x48 ./Core/Src/stm32l4xx_hal_msp.o
                0x0000000008003404                HAL_RTC_MspInit
 .text.HAL_I2C_MspInit
                0x000000000800344c       0x5c ./Core/Src/stm32l4xx_hal_msp.o
                0x000000000800344c                HAL_I2C_MspInit
 .text.HAL_SPI_MspInit
                0x00000000080034a8       0x40 ./Core/Src/stm32l4xx_hal_msp.o
                0x00000000080034a8                HAL_SPI_MspInit
 .text.NMI_Handler
                0x00000000080034e8        0x2 ./Core/Src/stm32l4xx_it.o
                0x00000000080034e8                NMI_Handler
 .text.HardFault_Handler
                0x00000000080034ea        0x2 ./Core/Src/stm32l4xx_it.o
                0x00000000080034ea                HardFault_Handler
 .text.MemManage_Handler
                0x00000000080034ec        0x2 ./Core/Src/stm32l4xx_it.o
                0x00000000080034ec                MemManage_Handler
 .text.BusFault_Handler
                0x00000000080034ee        0x2 ./Core/Src/stm32l4xx_it.o
                0x00000000080034ee                BusFault_Handler
 .text.UsageFault_Handler
                0x00000000080034f0        0x2 ./Core/Src/stm32l4xx_it.o
                0x00000000080034f0                UsageFault_Handler
 .text.SVC_Handler
                0x00000000080034f2        0x2 ./Core/Src/stm32l4xx_it.o
                0x00000000080034f2                SVC_Handler
 .text.DebugMon_Handler
                0x00000000080034f4        0x2 ./Core/Src/stm32l4xx_it.o
                0x00000000080034f4                DebugMon_Handler
 .text.PendSV_Handler
                0x00000000080034f6        0x2 ./Core/Src/stm32l4xx_it.o
                0x00000000080034f6                PendSV_Handler
 .text.SysTick_Handler
                0x00000000080034f8       0x78 ./Core/Src/stm32l4xx_it.o
                0x00000000080034f8                SysTick_Handler
 .text.TIM6_DAC_IRQHandler
                0x0000000008003570        0x2 ./Core/Src/stm32l4xx_it.o
                0x0000000008003570                TIM6_DAC_IRQHandler
 *fill*         0x0000000008003572        0x2 
 .text.TIM2_IRQHandler
                0x0000000008003574       0x1c ./Core/Src/stm32l4xx_it.o
                0x0000000008003574                TIM2_IRQHandler
 .text.RTC_Alarm_IRQHandler
                0x0000000008003590        0xc ./Core/Src/stm32l4xx_it.o
                0x0000000008003590                RTC_Alarm_IRQHandler
 .text._sbrk    0x000000000800359c       0x40 ./Core/Src/sysmem.o
                0x000000000800359c                _sbrk
 .text.SystemInit
                0x00000000080035dc       0x14 ./Core/Src/system_stm32l4xx.o
                0x00000000080035dc                SystemInit
 .text.Reset_Handler
                0x00000000080035f0       0x50 ./Core/Startup/startup_stm32l432kcux.o
                0x00000000080035f0                Reset_Handler
 .text.Default_Handler
                0x0000000008003640        0x2 ./Core/Startup/startup_stm32l432kcux.o
                0x0000000008003640                EXTI2_IRQHandler
                0x0000000008003640                TIM1_CC_IRQHandler
                0x0000000008003640                TSC_IRQHandler
                0x0000000008003640                TAMP_STAMP_IRQHandler
                0x0000000008003640                EXTI3_IRQHandler
                0x0000000008003640                LPTIM2_IRQHandler
                0x0000000008003640                I2C3_ER_IRQHandler
                0x0000000008003640                EXTI0_IRQHandler
                0x0000000008003640                CAN1_RX0_IRQHandler
                0x0000000008003640                FPU_IRQHandler
                0x0000000008003640                TIM1_UP_TIM16_IRQHandler
                0x0000000008003640                SPI1_IRQHandler
                0x0000000008003640                DMA2_Channel2_IRQHandler
                0x0000000008003640                DMA1_Channel4_IRQHandler
                0x0000000008003640                ADC1_IRQHandler
                0x0000000008003640                DMA1_Channel7_IRQHandler
                0x0000000008003640                CAN1_RX1_IRQHandler
                0x0000000008003640                DMA2_Channel1_IRQHandler
                0x0000000008003640                QUADSPI_IRQHandler
                0x0000000008003640                I2C1_EV_IRQHandler
                0x0000000008003640                DMA1_Channel6_IRQHandler
                0x0000000008003640                DMA2_Channel4_IRQHandler
                0x0000000008003640                RCC_IRQHandler
                0x0000000008003640                TIM1_TRG_COM_IRQHandler
                0x0000000008003640                DMA1_Channel1_IRQHandler
                0x0000000008003640                Default_Handler
                0x0000000008003640                DMA2_Channel7_IRQHandler
                0x0000000008003640                EXTI15_10_IRQHandler
                0x0000000008003640                TIM7_IRQHandler
                0x0000000008003640                I2C3_EV_IRQHandler
                0x0000000008003640                USB_IRQHandler
                0x0000000008003640                EXTI9_5_IRQHandler
                0x0000000008003640                RTC_WKUP_IRQHandler
                0x0000000008003640                PVD_PVM_IRQHandler
                0x0000000008003640                CAN1_TX_IRQHandler
                0x0000000008003640                DMA2_Channel5_IRQHandler
                0x0000000008003640                CRS_IRQHandler
                0x0000000008003640                DMA1_Channel5_IRQHandler
                0x0000000008003640                EXTI4_IRQHandler
                0x0000000008003640                RNG_IRQHandler
                0x0000000008003640                DMA1_Channel3_IRQHandler
                0x0000000008003640                COMP_IRQHandler
                0x0000000008003640                WWDG_IRQHandler
                0x0000000008003640                LPUART1_IRQHandler
                0x0000000008003640                DMA2_Channel6_IRQHandler
                0x0000000008003640                EXTI1_IRQHandler
                0x0000000008003640                USART2_IRQHandler
                0x0000000008003640                DMA1_Channel2_IRQHandler
                0x0000000008003640                CAN1_SCE_IRQHandler
                0x0000000008003640                FLASH_IRQHandler
                0x0000000008003640                USART1_IRQHandler
                0x0000000008003640                SPI3_IRQHandler
                0x0000000008003640                I2C1_ER_IRQHandler
                0x0000000008003640                SWPMI1_IRQHandler
                0x0000000008003640                LPTIM1_IRQHandler
                0x0000000008003640                SAI1_IRQHandler
                0x0000000008003640                DMA2_Channel3_IRQHandler
                0x0000000008003640                TIM1_BRK_TIM15_IRQHandler
 *fill*         0x0000000008003642        0x2 
 .text.HAL_InitTick
                0x0000000008003644       0x4c ./Drivers/STM32L4xx_HAL_Driver/Src/stm32l4xx_hal.o
                0x0000000008003644                HAL_InitTick
 .text.HAL_Init
                0x0000000008003690       0x1e ./Drivers/STM32L4xx_HAL_Driver/Src/stm32l4xx_hal.o
                0x0000000008003690                HAL_Init
 *fill*         0x00000000080036ae        0x2 
 .text.HAL_IncTick
                0x00000000080036b0       0x18 ./Drivers/STM32L4xx_HAL_Driver/Src/stm32l4xx_hal.o
                0x00000000080036b0                HAL_IncTick
 .text.HAL_GetTick
                0x00000000080036c8        0xc ./Drivers/STM32L4xx_HAL_Driver/Src/stm32l4xx_hal.o
                0x00000000080036c8                HAL_GetTick
 .text.HAL_Delay
                0x00000000080036d4       0x28 ./Drivers/STM32L4xx_HAL_Driver/Src/stm32l4xx_hal.o
                0x00000000080036d4                HAL_Delay
 .text.HAL_NVIC_SetPriorityGrouping
                0x00000000080036fc       0x24 ./Drivers/STM32L4xx_HAL_Driver/Src/stm32l4xx_hal_cortex.o
                0x00000000080036fc                HAL_NVIC_SetPriorityGrouping
 .text.HAL_NVIC_SetPriority
                0x0000000008003720       0x64 ./Drivers/STM32L4xx_HAL_Driver/Src/stm32l4xx_hal_cortex.o
                0x0000000008003720                HAL_NVIC_SetPriority
 .text.HAL_NVIC_EnableIRQ
                0x0000000008003784       0x1c ./Drivers/STM32L4xx_HAL_Driver/Src/stm32l4xx_hal_cortex.o
                0x0000000008003784                HAL_NVIC_EnableIRQ
 .text.HAL_NVIC_DisableIRQ
                0x00000000080037a0       0x28 ./Drivers/STM32L4xx_HAL_Driver/Src/stm32l4xx_hal_cortex.o
                0x00000000080037a0                HAL_NVIC_DisableIRQ
 .text.HAL_SYSTICK_Config
                0x00000000080037c8       0x28 ./Drivers/STM32L4xx_HAL_Driver/Src/stm32l4xx_hal_cortex.o
                0x00000000080037c8                HAL_SYSTICK_Config
 .text.HAL_GPIO_Init
                0x00000000080037f0      0x170 ./Drivers/STM32L4xx_HAL_Driver/Src/stm32l4xx_hal_gpio.o
                0x00000000080037f0                HAL_GPIO_Init
 .text.HAL_GPIO_WritePin
                0x0000000008003960        0xa ./Drivers/STM32L4xx_HAL_Driver/Src/stm32l4xx_hal_gpio.o
                0x0000000008003960                HAL_GPIO_WritePin
 .text.HAL_GPIO_TogglePin
                0x000000000800396a       0x12 ./Drivers/STM32L4xx_HAL_Driver/Src/stm32l4xx_hal_gpio.o
                0x000000000800396a                HAL_GPIO_TogglePin
 .text.I2C_Flush_TXDR
                0x000000000800397c       0x1c ./Drivers/STM32L4xx_HAL_Driver/Src/stm32l4xx_hal_i2c.o
 .text.I2C_TransferConfig
                0x0000000008003998       0x2c ./Drivers/STM32L4xx_HAL_Driver/Src/stm32l4xx_hal_i2c.o
 .text.I2C_IsErrorOccurred
                0x00000000080039c4      0x116 ./Drivers/STM32L4xx_HAL_Driver/Src/stm32l4xx_hal_i2c.o
 .text.I2C_WaitOnTXISFlagUntilTimeout
                0x0000000008003ada       0x4e ./Drivers/STM32L4xx_HAL_Driver/Src/stm32l4xx_hal_i2c.o
 .text.I2C_WaitOnRXNEFlagUntilTimeout
                0x0000000008003b28       0x90 ./Drivers/STM32L4xx_HAL_Driver/Src/stm32l4xx_hal_i2c.o
 .text.I2C_WaitOnFlagUntilTimeout
                0x0000000008003bb8       0x54 ./Drivers/STM32L4xx_HAL_Driver/Src/stm32l4xx_hal_i2c.o
 .text.I2C_RequestMemoryWrite
                0x0000000008003c0c       0x6c ./Drivers/STM32L4xx_HAL_Driver/Src/stm32l4xx_hal_i2c.o
 .text.I2C_WaitOnSTOPFlagUntilTimeout
                0x0000000008003c78       0x4a ./Drivers/STM32L4xx_HAL_Driver/Src/stm32l4xx_hal_i2c.o
 .text.HAL_I2C_Init
                0x0000000008003cc2       0xa2 ./Drivers/STM32L4xx_HAL_Driver/Src/stm32l4xx_hal_i2c.o
                0x0000000008003cc2                HAL_I2C_Init
 .text.HAL_I2C_Master_Transmit
                0x0000000008003d64      0x12c ./Drivers/STM32L4xx_HAL_Driver/Src/stm32l4xx_hal_i2c.o
                0x0000000008003d64                HAL_I2C_Master_Transmit
 .text.HAL_I2C_Master_Receive
                0x0000000008003e90      0x130 ./Drivers/STM32L4xx_HAL_Driver/Src/stm32l4xx_hal_i2c.o
                0x0000000008003e90                HAL_I2C_Master_Receive
 .text.HAL_I2C_Mem_Write
                0x0000000008003fc0      0x16c ./Drivers/STM32L4xx_HAL_Driver/Src/stm32l4xx_hal_i2c.o
                0x0000000008003fc0                HAL_I2C_Mem_Write
 .text.HAL_I2C_IsDeviceReady
                0x000000000800412c      0x13a ./Drivers/STM32L4xx_HAL_Driver/Src/stm32l4xx_hal_i2c.o
                0x000000000800412c                HAL_I2C_IsDeviceReady
 *fill*         0x0000000008004266        0x2 
 .text.HAL_PWR_EnableBkUpAccess
                0x0000000008004268       0x10 ./Drivers/STM32L4xx_HAL_Driver/Src/stm32l4xx_hal_pwr.o
                0x0000000008004268                HAL_PWR_EnableBkUpAccess
 .text.HAL_PWREx_GetVoltageRange
                0x0000000008004278       0x10 ./Drivers/STM32L4xx_HAL_Driver/Src/stm32l4xx_hal_pwr_ex.o
                0x0000000008004278                HAL_PWREx_GetVoltageRange
 .text.HAL_PWREx_ControlVoltageScaling
                0x0000000008004288       0x6c ./Drivers/STM32L4xx_HAL_Driver/Src/stm32l4xx_hal_pwr_ex.o
                0x0000000008004288                HAL_PWREx_ControlVoltageScaling
 .text.RCC_SetFlashLatencyFromMSIRange
                0x00000000080042f4       0x84 ./Drivers/STM32L4xx_HAL_Driver/Src/stm32l4xx_hal_rcc.o
 .text.HAL_RCC_GetSysClockFreq
                0x0000000008004378       0x9c ./Drivers/STM32L4xx_HAL_Driver/Src/stm32l4xx_hal_rcc.o
                0x0000000008004378                HAL_RCC_GetSysClockFreq
 .text.HAL_RCC_OscConfig
                0x0000000008004414      0x554 ./Drivers/STM32L4xx_HAL_Driver/Src/stm32l4xx_hal_rcc.o
                0x0000000008004414                HAL_RCC_OscConfig
 .text.HAL_RCC_ClockConfig
                0x0000000008004968      0x128 ./Drivers/STM32L4xx_HAL_Driver/Src/stm32l4xx_hal_rcc.o
                0x0000000008004968                HAL_RCC_ClockConfig
 .text.HAL_RCC_GetPCLK1Freq
                0x0000000008004a90       0x24 ./Drivers/STM32L4xx_HAL_Driver/Src/stm32l4xx_hal_rcc.o
                0x0000000008004a90                HAL_RCC_GetPCLK1Freq
 .text.HAL_RCC_GetPCLK2Freq
                0x0000000008004ab4       0x24 ./Drivers/STM32L4xx_HAL_Driver/Src/stm32l4xx_hal_rcc.o
                0x0000000008004ab4                HAL_RCC_GetPCLK2Freq
 .text.RCCEx_PLLSAI1_Config
                0x0000000008004ad8      0x114 ./Drivers/STM32L4xx_HAL_Driver/Src/stm32l4xx_hal_rcc_ex.o
 .text.HAL_RCCEx_PeriphCLKConfig
                0x0000000008004bec      0x288 ./Drivers/STM32L4xx_HAL_Driver/Src/stm32l4xx_hal_rcc_ex.o
                0x0000000008004bec                HAL_RCCEx_PeriphCLKConfig
 .text.HAL_RTC_AlarmIRQHandler
                0x0000000008004e74       0x54 ./Drivers/STM32L4xx_HAL_Driver/Src/stm32l4xx_hal_rtc.o
                0x0000000008004e74                HAL_RTC_AlarmIRQHandler
 .text.HAL_RTC_WaitForSynchro
                0x0000000008004ec8       0x30 ./Drivers/STM32L4xx_HAL_Driver/Src/stm32l4xx_hal_rtc.o
                0x0000000008004ec8                HAL_RTC_WaitForSynchro
 .text.RTC_EnterInitMode
                0x0000000008004ef8       0x44 ./Drivers/STM32L4xx_HAL_Driver/Src/stm32l4xx_hal_rtc.o
                0x0000000008004ef8                RTC_EnterInitMode
 .text.RTC_ExitInitMode
                0x0000000008004f3c       0x48 ./Drivers/STM32L4xx_HAL_Driver/Src/stm32l4xx_hal_rtc.o
                0x0000000008004f3c                RTC_ExitInitMode
 .text.HAL_RTC_Init
                0x0000000008004f84       0x8c ./Drivers/STM32L4xx_HAL_Driver/Src/stm32l4xx_hal_rtc.o
                0x0000000008004f84                HAL_RTC_Init
 .text.RTC_ByteToBcd2
                0x0000000008005010       0x16 ./Drivers/STM32L4xx_HAL_Driver/Src/stm32l4xx_hal_rtc.o
                0x0000000008005010                RTC_ByteToBcd2
 .text.HAL_RTC_SetTime
                0x0000000008005026       0xc4 ./Drivers/STM32L4xx_HAL_Driver/Src/stm32l4xx_hal_rtc.o
                0x0000000008005026                HAL_RTC_SetTime
 .text.HAL_RTC_SetDate
                0x00000000080050ea       0xa4 ./Drivers/STM32L4xx_HAL_Driver/Src/stm32l4xx_hal_rtc.o
                0x00000000080050ea                HAL_RTC_SetDate
 *fill*         0x000000000800518e        0x2 
 .text.HAL_RTC_SetAlarm_IT
                0x0000000008005190      0x178 ./Drivers/STM32L4xx_HAL_Driver/Src/stm32l4xx_hal_rtc.o
                0x0000000008005190                HAL_RTC_SetAlarm_IT
 .text.RTC_Bcd2ToByte
                0x0000000008005308       0x12 ./Drivers/STM32L4xx_HAL_Driver/Src/stm32l4xx_hal_rtc.o
                0x0000000008005308                RTC_Bcd2ToByte
 .text.HAL_RTC_GetTime
                0x000000000800531a       0x46 ./Drivers/STM32L4xx_HAL_Driver/Src/stm32l4xx_hal_rtc.o
                0x000000000800531a                HAL_RTC_GetTime
 .text.HAL_RTC_GetDate
                0x0000000008005360       0x3a ./Drivers/STM32L4xx_HAL_Driver/Src/stm32l4xx_hal_rtc.o
                0x0000000008005360                HAL_RTC_GetDate
 .text.HAL_RTCEx_AlarmBEventCallback
                0x000000000800539a        0x2 ./Drivers/STM32L4xx_HAL_Driver/Src/stm32l4xx_hal_rtc_ex.o
                0x000000000800539a                HAL_RTCEx_AlarmBEventCallback
 .text.SPI_WaitFifoStateUntilTimeout.constprop.0
                0x000000000800539c       0xcc ./Drivers/STM32L4xx_HAL_Driver/Src/stm32l4xx_hal_spi.o
 .text.SPI_WaitFlagStateUntilTimeout.constprop.0
                0x0000000008005468       0xa4 ./Drivers/STM32L4xx_HAL_Driver/Src/stm32l4xx_hal_spi.o
 .text.SPI_EndRxTxTransaction
                0x000000000800550c       0x4a ./Drivers/STM32L4xx_HAL_Driver/Src/stm32l4xx_hal_spi.o
 .text.HAL_SPI_Init
                0x0000000008005556       0xd4 ./Drivers/STM32L4xx_HAL_Driver/Src/stm32l4xx_hal_spi.o
                0x0000000008005556                HAL_SPI_Init
 .text.HAL_SPI_TransmitReceive
                0x000000000800562a      0x258 ./Drivers/STM32L4xx_HAL_Driver/Src/stm32l4xx_hal_spi.o
                0x000000000800562a                HAL_SPI_TransmitReceive
 *fill*         0x0000000008005882        0x2 
 .text.TIM_OC1_SetConfig
                0x0000000008005884       0x78 ./Drivers/STM32L4xx_HAL_Driver/Src/stm32l4xx_hal_tim.o
 .text.TIM_OC3_SetConfig
                0x00000000080058fc       0x70 ./Drivers/STM32L4xx_HAL_Driver/Src/stm32l4xx_hal_tim.o
 .text.TIM_OC4_SetConfig
                0x000000000800596c       0x58 ./Drivers/STM32L4xx_HAL_Driver/Src/stm32l4xx_hal_tim.o
 .text.TIM_OC5_SetConfig
                0x00000000080059c4       0x58 ./Drivers/STM32L4xx_HAL_Driver/Src/stm32l4xx_hal_tim.o
 .text.TIM_OC6_SetConfig
                0x0000000008005a1c       0x58 ./Drivers/STM32L4xx_HAL_Driver/Src/stm32l4xx_hal_tim.o
 .text.HAL_TIM_OC_DeInit
                0x0000000008005a74       0x66 ./Drivers/STM32L4xx_HAL_Driver/Src/stm32l4xx_hal_tim.o
                0x0000000008005a74                HAL_TIM_OC_DeInit
 .text.HAL_TIM_IC_DeInit
                0x0000000008005ada       0x66 ./Drivers/STM32L4xx_HAL_Driver/Src/stm32l4xx_hal_tim.o
                0x0000000008005ada                HAL_TIM_IC_DeInit
 .text.HAL_TIM_ReadCapturedValue
                0x0000000008005b40       0x2c ./Drivers/STM32L4xx_HAL_Driver/Src/stm32l4xx_hal_tim.o
                0x0000000008005b40                HAL_TIM_ReadCapturedValue
 .text.HAL_TIM_PeriodElapsedCallback
                0x0000000008005b6c        0x2 ./Drivers/STM32L4xx_HAL_Driver/Src/stm32l4xx_hal_tim.o
                0x0000000008005b6c                HAL_TIM_PeriodElapsedCallback
 .text.HAL_TIM_PWM_PulseFinishedCallback
                0x0000000008005b6e        0x2 ./Drivers/STM32L4xx_HAL_Driver/Src/stm32l4xx_hal_tim.o
                0x0000000008005b6e                HAL_TIM_PWM_PulseFinishedCallback
 .text.HAL_TIM_TriggerCallback
                0x0000000008005b70        0x2 ./Drivers/STM32L4xx_HAL_Driver/Src/stm32l4xx_hal_tim.o
                0x0000000008005b70                HAL_TIM_TriggerCallback
 .text.HAL_TIM_IRQHandler
                0x0000000008005b72      0x160 ./Drivers/STM32L4xx_HAL_Driver/Src/stm32l4xx_hal_tim.o
                0x0000000008005b72                HAL_TIM_IRQHandler
 *fill*         0x0000000008005cd2        0x2 
 .text.TIM_Base_SetConfig
                0x0000000008005cd4       0x74 ./Drivers/STM32L4xx_HAL_Driver/Src/stm32l4xx_hal_tim.o
                0x0000000008005cd4                TIM_Base_SetConfig
 .text.HAL_TIM_OC_Init
                0x0000000008005d48       0x60 ./Drivers/STM32L4xx_HAL_Driver/Src/stm32l4xx_hal_tim.o
                0x0000000008005d48                HAL_TIM_OC_Init
 .text.HAL_TIM_IC_Init
                0x0000000008005da8       0x60 ./Drivers/STM32L4xx_HAL_Driver/Src/stm32l4xx_hal_tim.o
                0x0000000008005da8                HAL_TIM_IC_Init
 .text.TIM_OC2_SetConfig
                0x0000000008005e08       0x70 ./Drivers/STM32L4xx_HAL_Driver/Src/stm32l4xx_hal_tim.o
                0x0000000008005e08                TIM_OC2_SetConfig
 .text.HAL_TIM_OC_ConfigChannel
                0x0000000008005e78       0x68 ./Drivers/STM32L4xx_HAL_Driver/Src/stm32l4xx_hal_tim.o
                0x0000000008005e78                HAL_TIM_OC_ConfigChannel
 .text.TIM_TI1_SetConfig
                0x0000000008005ee0       0x4c ./Drivers/STM32L4xx_HAL_Driver/Src/stm32l4xx_hal_tim.o
                0x0000000008005ee0                TIM_TI1_SetConfig
 .text.HAL_TIM_IC_ConfigChannel
                0x0000000008005f2c      0x126 ./Drivers/STM32L4xx_HAL_Driver/Src/stm32l4xx_hal_tim.o
                0x0000000008005f2c                HAL_TIM_IC_ConfigChannel
 .text.TIM_CCxChannelCmd
                0x0000000008006052       0x1c ./Drivers/STM32L4xx_HAL_Driver/Src/stm32l4xx_hal_tim.o
                0x0000000008006052                TIM_CCxChannelCmd
 *fill*         0x000000000800606e        0x2 
 .text.HAL_TIM_OC_Start_IT
                0x0000000008006070      0x108 ./Drivers/STM32L4xx_HAL_Driver/Src/stm32l4xx_hal_tim.o
                0x0000000008006070                HAL_TIM_OC_Start_IT
 .text.HAL_TIM_IC_Stop
                0x0000000008006178       0x76 ./Drivers/STM32L4xx_HAL_Driver/Src/stm32l4xx_hal_tim.o
                0x0000000008006178                HAL_TIM_IC_Stop
 *fill*         0x00000000080061ee        0x2 
 .text.HAL_TIM_IC_Start_IT
                0x00000000080061f0      0x110 ./Drivers/STM32L4xx_HAL_Driver/Src/stm32l4xx_hal_tim.o
                0x00000000080061f0                HAL_TIM_IC_Start_IT
 .text.HAL_TIMEx_CommutCallback
                0x0000000008006300        0x2 ./Drivers/STM32L4xx_HAL_Driver/Src/stm32l4xx_hal_tim_ex.o
                0x0000000008006300                HAL_TIMEx_CommutCallback
 .text.HAL_TIMEx_BreakCallback
                0x0000000008006302        0x2 ./Drivers/STM32L4xx_HAL_Driver/Src/stm32l4xx_hal_tim_ex.o
                0x0000000008006302                HAL_TIMEx_BreakCallback
 .text.HAL_TIMEx_Break2Callback
                0x0000000008006304        0x2 ./Drivers/STM32L4xx_HAL_Driver/Src/stm32l4xx_hal_tim_ex.o
                0x0000000008006304                HAL_TIMEx_Break2Callback
 *fill*         0x0000000008006306        0x2 
 .text.UART_SetConfig
                0x0000000008006308      0x1d8 ./Drivers/STM32L4xx_HAL_Driver/Src/stm32l4xx_hal_uart.o
                0x0000000008006308                UART_SetConfig
 .text.UART_AdvFeatureConfig
                0x00000000080064e0       0xa8 ./Drivers/STM32L4xx_HAL_Driver/Src/stm32l4xx_hal_uart.o
                0x00000000080064e0                UART_AdvFeatureConfig
 .text.UART_WaitOnFlagUntilTimeout
                0x0000000008006588       0xbc ./Drivers/STM32L4xx_HAL_Driver/Src/stm32l4xx_hal_uart.o
                0x0000000008006588                UART_WaitOnFlagUntilTimeout
 .text.HAL_UART_Transmit
                0x0000000008006644       0xb4 ./Drivers/STM32L4xx_HAL_Driver/Src/stm32l4xx_hal_uart.o
                0x0000000008006644                HAL_UART_Transmit
 .text.UART_CheckIdleState
                0x00000000080066f8       0x66 ./Drivers/STM32L4xx_HAL_Driver/Src/stm32l4xx_hal_uart.o
                0x00000000080066f8                UART_CheckIdleState
 .text.HAL_UART_Init
                0x000000000800675e       0x5c ./Drivers/STM32L4xx_HAL_Driver/Src/stm32l4xx_hal_uart.o
                0x000000000800675e                HAL_UART_Init
 *fill*         0x00000000080067ba        0x2 
 .text.__errno  0x00000000080067bc        0xc c:/st/stm32cubeide_1.5.1/stm32cubeide/plugins/com.st.stm32cube.ide.mcu.externaltools.gnu-tools-for-stm32.10.3-2021.10.win32_1.0.0.202111181127/tools/bin/../lib/gcc/arm-none-eabi/10.3.1/../../../../arm-none-eabi/lib/thumb/v7e-m+fp/hard\libc_nano.a(lib_a-errno.o)
                0x00000000080067bc                __errno
 .text.__libc_init_array
                0x00000000080067c8       0x48 c:/st/stm32cubeide_1.5.1/stm32cubeide/plugins/com.st.stm32cube.ide.mcu.externaltools.gnu-tools-for-stm32.10.3-2021.10.win32_1.0.0.202111181127/tools/bin/../lib/gcc/arm-none-eabi/10.3.1/../../../../arm-none-eabi/lib/thumb/v7e-m+fp/hard\libc_nano.a(lib_a-init.o)
                0x00000000080067c8                __libc_init_array
 .text.__itoa   0x0000000008006810       0x30 c:/st/stm32cubeide_1.5.1/stm32cubeide/plugins/com.st.stm32cube.ide.mcu.externaltools.gnu-tools-for-stm32.10.3-2021.10.win32_1.0.0.202111181127/tools/bin/../lib/gcc/arm-none-eabi/10.3.1/../../../../arm-none-eabi/lib/thumb/v7e-m+fp/hard\libc_nano.a(lib_a-itoa.o)
                0x0000000008006810                __itoa
 .text.itoa     0x0000000008006840        0x4 c:/st/stm32cubeide_1.5.1/stm32cubeide/plugins/com.st.stm32cube.ide.mcu.externaltools.gnu-tools-for-stm32.10.3-2021.10.win32_1.0.0.202111181127/tools/bin/../lib/gcc/arm-none-eabi/10.3.1/../../../../arm-none-eabi/lib/thumb/v7e-m+fp/hard\libc_nano.a(lib_a-itoa.o)
                0x0000000008006840                itoa
 .text.memset   0x0000000008006844       0x10 c:/st/stm32cubeide_1.5.1/stm32cubeide/plugins/com.st.stm32cube.ide.mcu.externaltools.gnu-tools-for-stm32.10.3-2021.10.win32_1.0.0.202111181127/tools/bin/../lib/gcc/arm-none-eabi/10.3.1/../../../../arm-none-eabi/lib/thumb/v7e-m+fp/hard\libc_nano.a(lib_a-memset.o)
                0x0000000008006844                memset
 .text.__utoa   0x0000000008006854       0x84 c:/st/stm32cubeide_1.5.1/stm32cubeide/plugins/com.st.stm32cube.ide.mcu.externaltools.gnu-tools-for-stm32.10.3-2021.10.win32_1.0.0.202111181127/tools/bin/../lib/gcc/arm-none-eabi/10.3.1/../../../../arm-none-eabi/lib/thumb/v7e-m+fp/hard\libc_nano.a(lib_a-utoa.o)
                0x0000000008006854                __utoa
 .text._vsnprintf_r
                0x00000000080068d8       0x56 c:/st/stm32cubeide_1.5.1/stm32cubeide/plugins/com.st.stm32cube.ide.mcu.externaltools.gnu-tools-for-stm32.10.3-2021.10.win32_1.0.0.202111181127/tools/bin/../lib/gcc/arm-none-eabi/10.3.1/../../../../arm-none-eabi/lib/thumb/v7e-m+fp/hard\libc_nano.a(lib_a-vsnprintf.o)
                0x00000000080068d8                _vsniprintf_r
                0x00000000080068d8                _vsnprintf_r
 *fill*         0x000000000800692e        0x2 
 .text.vsnprintf
                0x0000000008006930       0x1c c:/st/stm32cubeide_1.5.1/stm32cubeide/plugins/com.st.stm32cube.ide.mcu.externaltools.gnu-tools-for-stm32.10.3-2021.10.win32_1.0.0.202111181127/tools/bin/../lib/gcc/arm-none-eabi/10.3.1/../../../../arm-none-eabi/lib/thumb/v7e-m+fp/hard\libc_nano.a(lib_a-vsnprintf.o)
                0x0000000008006930                vsniprintf
                0x0000000008006930                vsnprintf
 .text.__ssputs_r
                0x000000000800694c       0xb6 c:/st/stm32cubeide_1.5.1/stm32cubeide/plugins/com.st.stm32cube.ide.mcu.externaltools.gnu-tools-for-stm32.10.3-2021.10.win32_1.0.0.202111181127/tools/bin/../lib/gcc/arm-none-eabi/10.3.1/../../../../arm-none-eabi/lib/thumb/v7e-m+fp/hard\libc_nano.a(lib_a-nano-svfprintf.o)
                0x000000000800694c                __ssputs_r
 *fill*         0x0000000008006a02        0x2 
 .text._svfprintf_r
                0x0000000008006a04      0x200 c:/st/stm32cubeide_1.5.1/stm32cubeide/plugins/com.st.stm32cube.ide.mcu.externaltools.gnu-tools-for-stm32.10.3-2021.10.win32_1.0.0.202111181127/tools/bin/../lib/gcc/arm-none-eabi/10.3.1/../../../../arm-none-eabi/lib/thumb/v7e-m+fp/hard\libc_nano.a(lib_a-nano-svfprintf.o)
                0x0000000008006a04                _svfiprintf_r
                0x0000000008006a04                _svfprintf_r
 .text._printf_common
                0x0000000008006c04       0xda c:/st/stm32cubeide_1.5.1/stm32cubeide/plugins/com.st.stm32cube.ide.mcu.externaltools.gnu-tools-for-stm32.10.3-2021.10.win32_1.0.0.202111181127/tools/bin/../lib/gcc/arm-none-eabi/10.3.1/../../../../arm-none-eabi/lib/thumb/v7e-m+fp/hard\libc_nano.a(lib_a-nano-vfprintf_i.o)
                0x0000000008006c04                _printf_common
 *fill*         0x0000000008006cde        0x2 
 .text._printf_i
                0x0000000008006ce0      0x24c c:/st/stm32cubeide_1.5.1/stm32cubeide/plugins/com.st.stm32cube.ide.mcu.externaltools.gnu-tools-for-stm32.10.3-2021.10.win32_1.0.0.202111181127/tools/bin/../lib/gcc/arm-none-eabi/10.3.1/../../../../arm-none-eabi/lib/thumb/v7e-m+fp/hard\libc_nano.a(lib_a-nano-vfprintf_i.o)
                0x0000000008006ce0                _printf_i
 .text.memcpy   0x0000000008006f2c       0x1c c:/st/stm32cubeide_1.5.1/stm32cubeide/plugins/com.st.stm32cube.ide.mcu.externaltools.gnu-tools-for-stm32.10.3-2021.10.win32_1.0.0.202111181127/tools/bin/../lib/gcc/arm-none-eabi/10.3.1/../../../../arm-none-eabi/lib/thumb/v7e-m+fp/hard\libc_nano.a(lib_a-memcpy-stub.o)
                0x0000000008006f2c                memcpy
 .text.memmove  0x0000000008006f48       0x34 c:/st/stm32cubeide_1.5.1/stm32cubeide/plugins/com.st.stm32cube.ide.mcu.externaltools.gnu-tools-for-stm32.10.3-2021.10.win32_1.0.0.202111181127/tools/bin/../lib/gcc/arm-none-eabi/10.3.1/../../../../arm-none-eabi/lib/thumb/v7e-m+fp/hard\libc_nano.a(lib_a-memmove.o)
                0x0000000008006f48                memmove
 .text._free_r  0x0000000008006f7c       0x98 c:/st/stm32cubeide_1.5.1/stm32cubeide/plugins/com.st.stm32cube.ide.mcu.externaltools.gnu-tools-for-stm32.10.3-2021.10.win32_1.0.0.202111181127/tools/bin/../lib/gcc/arm-none-eabi/10.3.1/../../../../arm-none-eabi/lib/thumb/v7e-m+fp/hard\libc_nano.a(lib_a-nano-freer.o)
                0x0000000008006f7c                _free_r
 .text.sbrk_aligned
                0x0000000008007014       0x40 c:/st/stm32cubeide_1.5.1/stm32cubeide/plugins/com.st.stm32cube.ide.mcu.externaltools.gnu-tools-for-stm32.10.3-2021.10.win32_1.0.0.202111181127/tools/bin/../lib/gcc/arm-none-eabi/10.3.1/../../../../arm-none-eabi/lib/thumb/v7e-m+fp/hard\libc_nano.a(lib_a-nano-mallocr.o)
 .text._malloc_r
                0x0000000008007054       0xe8 c:/st/stm32cubeide_1.5.1/stm32cubeide/plugins/com.st.stm32cube.ide.mcu.externaltools.gnu-tools-for-stm32.10.3-2021.10.win32_1.0.0.202111181127/tools/bin/../lib/gcc/arm-none-eabi/10.3.1/../../../../arm-none-eabi/lib/thumb/v7e-m+fp/hard\libc_nano.a(lib_a-nano-mallocr.o)
                0x0000000008007054                _malloc_r
 .text._realloc_r
                0x000000000800713c       0x5e c:/st/stm32cubeide_1.5.1/stm32cubeide/plugins/com.st.stm32cube.ide.mcu.externaltools.gnu-tools-for-stm32.10.3-2021.10.win32_1.0.0.202111181127/tools/bin/../lib/gcc/arm-none-eabi/10.3.1/../../../../arm-none-eabi/lib/thumb/v7e-m+fp/hard\libc_nano.a(lib_a-nano-reallocr.o)
                0x000000000800713c                _realloc_r
 *fill*         0x000000000800719a        0x2 
 .text._sbrk_r  0x000000000800719c       0x20 c:/st/stm32cubeide_1.5.1/stm32cubeide/plugins/com.st.stm32cube.ide.mcu.externaltools.gnu-tools-for-stm32.10.3-2021.10.win32_1.0.0.202111181127/tools/bin/../lib/gcc/arm-none-eabi/10.3.1/../../../../arm-none-eabi/lib/thumb/v7e-m+fp/hard\libc_nano.a(lib_a-sbrkr.o)
                0x000000000800719c                _sbrk_r
 .text.__malloc_lock
                0x00000000080071bc        0xc c:/st/stm32cubeide_1.5.1/stm32cubeide/plugins/com.st.stm32cube.ide.mcu.externaltools.gnu-tools-for-stm32.10.3-2021.10.win32_1.0.0.202111181127/tools/bin/../lib/gcc/arm-none-eabi/10.3.1/../../../../arm-none-eabi/lib/thumb/v7e-m+fp/hard\libc_nano.a(lib_a-mlock.o)
                0x00000000080071bc                __malloc_lock
 .text.__malloc_unlock
                0x00000000080071c8        0xc c:/st/stm32cubeide_1.5.1/stm32cubeide/plugins/com.st.stm32cube.ide.mcu.externaltools.gnu-tools-for-stm32.10.3-2021.10.win32_1.0.0.202111181127/tools/bin/../lib/gcc/arm-none-eabi/10.3.1/../../../../arm-none-eabi/lib/thumb/v7e-m+fp/hard\libc_nano.a(lib_a-mlock.o)
                0x00000000080071c8                __malloc_unlock
 .text._malloc_usable_size_r
                0x00000000080071d4       0x10 c:/st/stm32cubeide_1.5.1/stm32cubeide/plugins/com.st.stm32cube.ide.mcu.externaltools.gnu-tools-for-stm32.10.3-2021.10.win32_1.0.0.202111181127/tools/bin/../lib/gcc/arm-none-eabi/10.3.1/../../../../arm-none-eabi/lib/thumb/v7e-m+fp/hard\libc_nano.a(lib_a-nano-msizer.o)
                0x00000000080071d4                _malloc_usable_size_r
 .text.__retarget_lock_acquire_recursive
                0x00000000080071e4        0x2 c:/st/stm32cubeide_1.5.1/stm32cubeide/plugins/com.st.stm32cube.ide.mcu.externaltools.gnu-tools-for-stm32.10.3-2021.10.win32_1.0.0.202111181127/tools/bin/../lib/gcc/arm-none-eabi/10.3.1/../../../../arm-none-eabi/lib/thumb/v7e-m+fp/hard\libc_nano.a(lib_a-lock.o)
                0x00000000080071e4                __retarget_lock_acquire_recursive
 .text.__retarget_lock_release_recursive
                0x00000000080071e6        0x2 c:/st/stm32cubeide_1.5.1/stm32cubeide/plugins/com.st.stm32cube.ide.mcu.externaltools.gnu-tools-for-stm32.10.3-2021.10.win32_1.0.0.202111181127/tools/bin/../lib/gcc/arm-none-eabi/10.3.1/../../../../arm-none-eabi/lib/thumb/v7e-m+fp/hard\libc_nano.a(lib_a-lock.o)
                0x00000000080071e6                __retarget_lock_release_recursive
 *(.glue_7)
 .glue_7        0x00000000080071e8        0x0 linker stubs
 *(.glue_7t)
 .glue_7t       0x00000000080071e8        0x0 linker stubs
 *(.eh_frame)
 .eh_frame      0x00000000080071e8        0x0 c:/st/stm32cubeide_1.5.1/stm32cubeide/plugins/com.st.stm32cube.ide.mcu.externaltools.gnu-tools-for-stm32.10.3-2021.10.win32_1.0.0.202111181127/tools/bin/../lib/gcc/arm-none-eabi/10.3.1/thumb/v7e-m+fp/hard/crtbegin.o
 *(.init)
 .init          0x00000000080071e8        0x4 c:/st/stm32cubeide_1.5.1/stm32cubeide/plugins/com.st.stm32cube.ide.mcu.externaltools.gnu-tools-for-stm32.10.3-2021.10.win32_1.0.0.202111181127/tools/bin/../lib/gcc/arm-none-eabi/10.3.1/thumb/v7e-m+fp/hard/crti.o
                0x00000000080071e8                _init
 .init          0x00000000080071ec        0x8 c:/st/stm32cubeide_1.5.1/stm32cubeide/plugins/com.st.stm32cube.ide.mcu.externaltools.gnu-tools-for-stm32.10.3-2021.10.win32_1.0.0.202111181127/tools/bin/../lib/gcc/arm-none-eabi/10.3.1/thumb/v7e-m+fp/hard/crtn.o
 *(.fini)
 .fini          0x00000000080071f4        0x4 c:/st/stm32cubeide_1.5.1/stm32cubeide/plugins/com.st.stm32cube.ide.mcu.externaltools.gnu-tools-for-stm32.10.3-2021.10.win32_1.0.0.202111181127/tools/bin/../lib/gcc/arm-none-eabi/10.3.1/thumb/v7e-m+fp/hard/crti.o
                0x00000000080071f4                _fini
 .fini          0x00000000080071f8        0x8 c:/st/stm32cubeide_1.5.1/stm32cubeide/plugins/com.st.stm32cube.ide.mcu.externaltools.gnu-tools-for-stm32.10.3-2021.10.win32_1.0.0.202111181127/tools/bin/../lib/gcc/arm-none-eabi/10.3.1/thumb/v7e-m+fp/hard/crtn.o
                0x0000000008007200                . = ALIGN (0x4)
                0x0000000008007200                _etext = .

.vfp11_veneer   0x0000000008007200        0x0
 .vfp11_veneer  0x0000000008007200        0x0 linker stubs

.v4_bx          0x0000000008007200        0x0
 .v4_bx         0x0000000008007200        0x0 linker stubs

.iplt           0x0000000008007200        0x0
 .iplt          0x0000000008007200        0x0 c:/st/stm32cubeide_1.5.1/stm32cubeide/plugins/com.st.stm32cube.ide.mcu.externaltools.gnu-tools-for-stm32.10.3-2021.10.win32_1.0.0.202111181127/tools/bin/../lib/gcc/arm-none-eabi/10.3.1/thumb/v7e-m+fp/hard/crtbegin.o

.rodata         0x0000000008007200      0x394
                0x0000000008007200                . = ALIGN (0x4)
 *(.rodata)
 *(.rodata*)
 .rodata.follow_path.str1.1
                0x0000000008007200        0xf ./Core/SD_Card/Middlewares/Third_Party/FatFs/src/ff.o
 .rodata.ExCvt  0x000000000800720f       0x80 ./Core/SD_Card/Middlewares/Third_Party/FatFs/src/ff.o
 .rodata.RTC_Setup.str1.1
                0x000000000800728f        0xf ./Core/Src/RTC_Control.o
                                          0x2 (size before relaxing)
 .rodata.RTC_GetTimeDate.str1.1
                0x000000000800728f        0x2 ./Core/Src/RTC_Control.o
 .rodata.SD_Control_Init.str1.1
                0x0000000008007291      0x132 ./Core/Src/SD_Card_Control.o
                                        0x133 (size before relaxing)
 .rodata.tempHumidPrintErrorMessage.str1.1
                0x00000000080073c3        0x8 ./Core/Src/TempHumidity_Control.o
                                          0xa (size before relaxing)
 .rodata.TempHumid_Read.str1.1
                0x00000000080073cb        0x2 ./Core/Src/TempHumidity_Control.o
 .rodata.main.str1.1
                0x00000000080073cd       0x13 ./Core/Src/main.o
 .rodata.AHBPrescTable
                0x00000000080073e0       0x10 ./Core/Src/system_stm32l4xx.o
                0x00000000080073e0                AHBPrescTable
 .rodata.APBPrescTable
                0x00000000080073f0        0x8 ./Core/Src/system_stm32l4xx.o
                0x00000000080073f0                APBPrescTable
 .rodata.MSIRangeTable
                0x00000000080073f8       0x30 ./Core/Src/system_stm32l4xx.o
                0x00000000080073f8                MSIRangeTable
 .rodata.CSWTCH.53
                0x0000000008007428        0x3 ./Drivers/STM32L4xx_HAL_Driver/Src/stm32l4xx_hal_uart.o
 .rodata.CSWTCH.54
                0x000000000800742b        0xd ./Drivers/STM32L4xx_HAL_Driver/Src/stm32l4xx_hal_uart.o
 .rodata._ctype_
                0x0000000008007438      0x101 c:/st/stm32cubeide_1.5.1/stm32cubeide/plugins/com.st.stm32cube.ide.mcu.externaltools.gnu-tools-for-stm32.10.3-2021.10.win32_1.0.0.202111181127/tools/bin/../lib/gcc/arm-none-eabi/10.3.1/../../../../arm-none-eabi/lib/thumb/v7e-m+fp/hard\libc_nano.a(lib_a-ctype_.o)
                0x0000000008007438                _ctype_
 .rodata.__utoa.str1.1
                0x0000000008007539       0x25 c:/st/stm32cubeide_1.5.1/stm32cubeide/plugins/com.st.stm32cube.ide.mcu.externaltools.gnu-tools-for-stm32.10.3-2021.10.win32_1.0.0.202111181127/tools/bin/../lib/gcc/arm-none-eabi/10.3.1/../../../../arm-none-eabi/lib/thumb/v7e-m+fp/hard\libc_nano.a(lib_a-utoa.o)
 .rodata._svfprintf_r.str1.1
                0x000000000800755e       0x11 c:/st/stm32cubeide_1.5.1/stm32cubeide/plugins/com.st.stm32cube.ide.mcu.externaltools.gnu-tools-for-stm32.10.3-2021.10.win32_1.0.0.202111181127/tools/bin/../lib/gcc/arm-none-eabi/10.3.1/../../../../arm-none-eabi/lib/thumb/v7e-m+fp/hard\libc_nano.a(lib_a-nano-svfprintf.o)
 .rodata._printf_i.str1.1
                0x000000000800756f       0x22 c:/st/stm32cubeide_1.5.1/stm32cubeide/plugins/com.st.stm32cube.ide.mcu.externaltools.gnu-tools-for-stm32.10.3-2021.10.win32_1.0.0.202111181127/tools/bin/../lib/gcc/arm-none-eabi/10.3.1/../../../../arm-none-eabi/lib/thumb/v7e-m+fp/hard\libc_nano.a(lib_a-nano-vfprintf_i.o)
                0x0000000008007594                . = ALIGN (0x4)
 *fill*         0x0000000008007591        0x3 

.ARM.extab      0x0000000008007594        0x0
                0x0000000008007594                . = ALIGN (0x4)
 *(.ARM.extab* .gnu.linkonce.armextab.*)
                0x0000000008007594                . = ALIGN (0x4)

.ARM            0x0000000008007594        0x8
                0x0000000008007594                . = ALIGN (0x4)
                0x0000000008007594                __exidx_start = .
 *(.ARM.exidx*)
 .ARM.exidx     0x0000000008007594        0x8 c:/st/stm32cubeide_1.5.1/stm32cubeide/plugins/com.st.stm32cube.ide.mcu.externaltools.gnu-tools-for-stm32.10.3-2021.10.win32_1.0.0.202111181127/tools/bin/../lib/gcc/arm-none-eabi/10.3.1/thumb/v7e-m+fp/hard\libgcc.a(_udivmoddi4.o)
                0x000000000800759c                __exidx_end = .
                0x000000000800759c                . = ALIGN (0x4)

.rel.dyn        0x000000000800759c        0x0
 .rel.iplt      0x000000000800759c        0x0 c:/st/stm32cubeide_1.5.1/stm32cubeide/plugins/com.st.stm32cube.ide.mcu.externaltools.gnu-tools-for-stm32.10.3-2021.10.win32_1.0.0.202111181127/tools/bin/../lib/gcc/arm-none-eabi/10.3.1/thumb/v7e-m+fp/hard/crtbegin.o

.preinit_array  0x000000000800759c        0x0
                0x000000000800759c                . = ALIGN (0x4)
                0x000000000800759c                PROVIDE (__preinit_array_start = .)
 *(.preinit_array*)
                0x000000000800759c                PROVIDE (__preinit_array_end = .)
                0x000000000800759c                . = ALIGN (0x4)

.init_array     0x000000000800759c        0x4
                0x000000000800759c                . = ALIGN (0x4)
                0x000000000800759c                PROVIDE (__init_array_start = .)
 *(SORT_BY_NAME(.init_array.*))
 *(.init_array*)
 .init_array    0x000000000800759c        0x4 c:/st/stm32cubeide_1.5.1/stm32cubeide/plugins/com.st.stm32cube.ide.mcu.externaltools.gnu-tools-for-stm32.10.3-2021.10.win32_1.0.0.202111181127/tools/bin/../lib/gcc/arm-none-eabi/10.3.1/thumb/v7e-m+fp/hard/crtbegin.o
                0x00000000080075a0                PROVIDE (__init_array_end = .)
                0x00000000080075a0                . = ALIGN (0x4)

.fini_array     0x00000000080075a0        0x4
                0x00000000080075a0                . = ALIGN (0x4)
                [!provide]                        PROVIDE (__fini_array_start = .)
 *(SORT_BY_NAME(.fini_array.*))
 *(.fini_array*)
 .fini_array    0x00000000080075a0        0x4 c:/st/stm32cubeide_1.5.1/stm32cubeide/plugins/com.st.stm32cube.ide.mcu.externaltools.gnu-tools-for-stm32.10.3-2021.10.win32_1.0.0.202111181127/tools/bin/../lib/gcc/arm-none-eabi/10.3.1/thumb/v7e-m+fp/hard/crtbegin.o
                [!provide]                        PROVIDE (__fini_array_end = .)
                0x00000000080075a4                . = ALIGN (0x4)
                0x00000000080075a4                _sidata = LOADADDR (.data)

.data           0x0000000020000000      0x438 load address 0x00000000080075a4
                0x0000000020000000                . = ALIGN (0x4)
                0x0000000020000000                _sdata = .
 *(.data)
 *(.data*)
 .data.Stat     0x0000000020000000        0x1 ./Core/SD_Card/FATFS/Target/user_diskio.o
 *fill*         0x0000000020000001        0x3 
 .data.USER_Driver
                0x0000000020000004       0x14 ./Core/SD_Card/FATFS/Target/user_diskio.o
                0x0000000020000004                USER_Driver
 .data.Stat     0x0000000020000018        0x1 ./Core/SD_Card/FATFS/Target/user_diskio_spi.o
 .data.LCD_InitData
                0x0000000020000019        0xc ./Core/Src/LCD_Control.o
                0x0000000020000019                LCD_InitData
 .data.RTCTimeDateASCIIBuffer
                0x0000000020000025       0xd2 ./Core/Src/RTC_Control.o
                0x0000000020000025                RTCTimeDateASCIIBuffer
 .data.DHT11ErrorStatusBuffer
                0x00000000200000f7       0xc8 ./Core/Src/TempHumidity_Control.o
                0x00000000200000f7                DHT11ErrorStatusBuffer
 .data.DHT11StatusBuffer
                0x00000000200001bf      0x208 ./Core/Src/TempHumidity_Control.o
                0x00000000200001bf                DHT11StatusBuffer
 .data.statusMessage
                0x00000000200003c7        0x1 ./Core/Src/TempHumidity_Control.o
                0x00000000200003c7                statusMessage
 .data.SystemCoreClock
                0x00000000200003c8        0x4 ./Core/Src/system_stm32l4xx.o
                0x00000000200003c8                SystemCoreClock
 .data.uwTickFreq
                0x00000000200003cc        0x1 ./Drivers/STM32L4xx_HAL_Driver/Src/stm32l4xx_hal.o
                0x00000000200003cc                uwTickFreq
 *fill*         0x00000000200003cd        0x3 
 .data.uwTickPrio
                0x00000000200003d0        0x4 ./Drivers/STM32L4xx_HAL_Driver/Src/stm32l4xx_hal.o
                0x00000000200003d0                uwTickPrio
 .data._impure_ptr
                0x00000000200003d4        0x4 c:/st/stm32cubeide_1.5.1/stm32cubeide/plugins/com.st.stm32cube.ide.mcu.externaltools.gnu-tools-for-stm32.10.3-2021.10.win32_1.0.0.202111181127/tools/bin/../lib/gcc/arm-none-eabi/10.3.1/../../../../arm-none-eabi/lib/thumb/v7e-m+fp/hard\libc_nano.a(lib_a-impure.o)
                0x00000000200003d4                _impure_ptr
 .data.impure_data
                0x00000000200003d8       0x60 c:/st/stm32cubeide_1.5.1/stm32cubeide/plugins/com.st.stm32cube.ide.mcu.externaltools.gnu-tools-for-stm32.10.3-2021.10.win32_1.0.0.202111181127/tools/bin/../lib/gcc/arm-none-eabi/10.3.1/../../../../arm-none-eabi/lib/thumb/v7e-m+fp/hard\libc_nano.a(lib_a-impure.o)
 *(.RamFunc)
 *(.RamFunc*)
                0x0000000020000438                . = ALIGN (0x4)
                0x0000000020000438                _edata = .

.igot.plt       0x0000000020000438        0x0 load address 0x00000000080079dc
 .igot.plt      0x0000000020000438        0x0 c:/st/stm32cubeide_1.5.1/stm32cubeide/plugins/com.st.stm32cube.ide.mcu.externaltools.gnu-tools-for-stm32.10.3-2021.10.win32_1.0.0.202111181127/tools/bin/../lib/gcc/arm-none-eabi/10.3.1/thumb/v7e-m+fp/hard/crtbegin.o
                0x0000000020000438                . = ALIGN (0x4)

.bss            0x0000000020000438      0xa88 load address 0x00000000080079dc
                0x0000000020000438                _sbss = .
                0x0000000020000438                __bss_start__ = _sbss
 *(.bss)
 .bss           0x0000000020000438       0x1c c:/st/stm32cubeide_1.5.1/stm32cubeide/plugins/com.st.stm32cube.ide.mcu.externaltools.gnu-tools-for-stm32.10.3-2021.10.win32_1.0.0.202111181127/tools/bin/../lib/gcc/arm-none-eabi/10.3.1/thumb/v7e-m+fp/hard/crtbegin.o
 *(.bss*)
 .bss.USERPath  0x0000000020000454        0x4 ./Core/SD_Card/FATFS/App/fatfs.o
                0x0000000020000454                USERPath
 .bss.retUSER   0x0000000020000458        0x1 ./Core/SD_Card/FATFS/App/fatfs.o
                0x0000000020000458                retUSER
 .bss.CardType  0x0000000020000459        0x1 ./Core/SD_Card/FATFS/Target/user_diskio_spi.o
 *fill*         0x000000002000045a        0x2 
 .bss.spiTimerTickDelay
                0x000000002000045c        0x4 ./Core/SD_Card/FATFS/Target/user_diskio_spi.o
                0x000000002000045c                spiTimerTickDelay
 .bss.spiTimerTickStart
                0x0000000020000460        0x4 ./Core/SD_Card/FATFS/Target/user_diskio_spi.o
                0x0000000020000460                spiTimerTickStart
 .bss.FatFs     0x0000000020000464        0x4 ./Core/SD_Card/Middlewares/Third_Party/FatFs/src/ff.o
 .bss.Files     0x0000000020000468       0x20 ./Core/SD_Card/Middlewares/Third_Party/FatFs/src/ff.o
 .bss.Fsid      0x0000000020000488        0x2 ./Core/SD_Card/Middlewares/Third_Party/FatFs/src/ff.o
 *fill*         0x000000002000048a        0x2 
 .bss.disk      0x000000002000048c        0xc ./Core/SD_Card/Middlewares/Third_Party/FatFs/src/ff_gen_drv.o
                0x000000002000048c                disk
 .bss.LCD_SetupBuffer
                0x0000000020000498        0x3 ./Core/Src/LCD_Control.o
                0x0000000020000498                LCD_SetupBuffer
 .bss.RTCTimeDateNumbersBuffer
                0x000000002000049b        0x7 ./Core/Src/RTC_Control.o
                0x000000002000049b                RTCTimeDateNumbersBuffer
 .bss.rawRTCBackupValues
                0x00000000200004a2        0x7 ./Core/Src/RTC_Control.o
                0x00000000200004a2                rawRTCBackupValues
 *fill*         0x00000000200004a9        0x3 
 .bss.rtc1      0x00000000200004ac       0x24 ./Core/Src/RTC_Control.o
                0x00000000200004ac                rtc1
 .bss.rtcalarmset
                0x00000000200004d0       0x2c ./Core/Src/RTC_Control.o
                0x00000000200004d0                rtcalarmset
 .bss.rtcdateGet
                0x00000000200004fc        0x4 ./Core/Src/RTC_Control.o
                0x00000000200004fc                rtcdateGet
 .bss.rtcdateSet
                0x0000000020000500        0x4 ./Core/Src/RTC_Control.o
                0x0000000020000500                rtcdateSet
 .bss.rtctimeGet
                0x0000000020000504       0x14 ./Core/Src/RTC_Control.o
                0x0000000020000504                rtctimeGet
 .bss.rtctimeSet
                0x0000000020000518       0x14 ./Core/Src/RTC_Control.o
                0x0000000020000518                rtctimeSet
 .bss.FatFs     0x000000002000052c      0x230 ./Core/Src/SD_Card_Control.o
                0x000000002000052c                FatFs
 .bss.buffer.0  0x000000002000075c      0x100 ./Core/Src/SD_Card_Control.o
 .bss.fil       0x000000002000085c      0x230 ./Core/Src/SD_Card_Control.o
                0x000000002000085c                fil
 .bss.fres      0x0000000020000a8c        0x1 ./Core/Src/SD_Card_Control.o
                0x0000000020000a8c                fres
 *fill*         0x0000000020000a8d        0x3 
 .bss.DHT11_DataBufferInputCapture
                0x0000000020000a90      0x14c ./Core/Src/TempHumidity_Control.o
                0x0000000020000a90                DHT11_DataBufferInputCapture
 .bss.TempHumidityDataBuffer
                0x0000000020000bdc        0xa ./Core/Src/TempHumidity_Control.o
                0x0000000020000bdc                TempHumidityDataBuffer
 *fill*         0x0000000020000be6        0x2 
 .bss.TempHumidityDataBuffer_Raw
                0x0000000020000be8       0xa0 ./Core/Src/TempHumidity_Control.o
                0x0000000020000be8                TempHumidityDataBuffer_Raw
 .bss.dataCount
                0x0000000020000c88        0x1 ./Core/Src/TempHumidity_Control.o
                0x0000000020000c88                dataCount
 .bss.errorMessage
                0x0000000020000c89        0x1 ./Core/Src/TempHumidity_Control.o
                0x0000000020000c89                errorMessage
 .bss.icTimeOutValue
                0x0000000020000c8a        0x2 ./Core/Src/TempHumidity_Control.o
                0x0000000020000c8a                icTimeOutValue
 .bss.readSequenceStatus
                0x0000000020000c8c        0x1 ./Core/Src/TempHumidity_Control.o
                0x0000000020000c8c                readSequenceStatus
 .bss.sensorValidValueCount
                0x0000000020000c8d        0x1 ./Core/Src/TempHumidity_Control.o
                0x0000000020000c8d                sensorValidValueCount
 .bss.systicCounter
                0x0000000020000c8e        0x2 ./Core/Src/TempHumidity_Control.o
                0x0000000020000c8e                systicCounter
 .bss.tempHumidDataValidFlag
                0x0000000020000c90        0x1 ./Core/Src/TempHumidity_Control.o
                0x0000000020000c90                tempHumidDataValidFlag
 .bss.tempHumidityCheckSum
                0x0000000020000c91        0x1 ./Core/Src/TempHumidity_Control.o
                0x0000000020000c91                tempHumidityCheckSum
 .bss.inputCaptureCount
                0x0000000020000c92        0x1 ./Core/Src/TempHumidity_Timer2_Control.o
                0x0000000020000c92                inputCaptureCount
 .bss.sensorNumberConfig
                0x0000000020000c93        0x1 ./Core/Src/TempHumidity_Timer2_Control.o
                0x0000000020000c93                sensorNumberConfig
 .bss.tim2IC    0x0000000020000c94       0x4c ./Core/Src/TempHumidity_Timer2_Control.o
                0x0000000020000c94                tim2IC
 .bss.tim2ICinit
                0x0000000020000ce0       0x10 ./Core/Src/TempHumidity_Timer2_Control.o
                0x0000000020000ce0                tim2ICinit
 .bss.tim2OC    0x0000000020000cf0       0x4c ./Core/Src/TempHumidity_Timer2_Control.o
                0x0000000020000cf0                tim2OC
 .bss.tim2OCinit
                0x0000000020000d3c       0x1c ./Core/Src/TempHumidity_Timer2_Control.o
                0x0000000020000d3c                tim2OCinit
 .bss.timerICStartFlag
                0x0000000020000d58        0x1 ./Core/Src/TempHumidity_Timer2_Control.o
                0x0000000020000d58                timerICStartFlag
 .bss.timerOCStartFlag
                0x0000000020000d59        0x1 ./Core/Src/TempHumidity_Timer2_Control.o
                0x0000000020000d59                timerOCStartFlag
 .bss.flags     0x0000000020000d5a        0x3 ./Core/Src/main.o
                0x0000000020000d5a                flags
 *fill*         0x0000000020000d5d        0x3 
 .bss.hspi1     0x0000000020000d60       0x64 ./Core/Src/main.o
                0x0000000020000d60                hspi1
 .bss.huart2    0x0000000020000dc4       0x84 ./Core/Src/main.o
                0x0000000020000dc4                huart2
 .bss.i2c1      0x0000000020000e48       0x4c ./Core/Src/main.o
                0x0000000020000e48                i2c1
 .bss.systemVariables
                0x0000000020000e94        0xc ./Core/Src/main.o
                0x0000000020000e94                systemVariables
 .bss.LCDUpdateCount
                0x0000000020000ea0        0x2 ./Core/Src/stm32l4xx_it.o
                0x0000000020000ea0                LCDUpdateCount
 .bss.modeUpdateCount
                0x0000000020000ea2        0x2 ./Core/Src/stm32l4xx_it.o
                0x0000000020000ea2                modeUpdateCount
 .bss.sensorUpdateCount
                0x0000000020000ea4        0x2 ./Core/Src/stm32l4xx_it.o
                0x0000000020000ea4                sensorUpdateCount
 *fill*         0x0000000020000ea6        0x2 
 .bss.__sbrk_heap_end
                0x0000000020000ea8        0x4 ./Core/Src/sysmem.o
 .bss.uwTick    0x0000000020000eac        0x4 ./Drivers/STM32L4xx_HAL_Driver/Src/stm32l4xx_hal.o
                0x0000000020000eac                uwTick
 .bss.__malloc_free_list
                0x0000000020000eb0        0x4 c:/st/stm32cubeide_1.5.1/stm32cubeide/plugins/com.st.stm32cube.ide.mcu.externaltools.gnu-tools-for-stm32.10.3-2021.10.win32_1.0.0.202111181127/tools/bin/../lib/gcc/arm-none-eabi/10.3.1/../../../../arm-none-eabi/lib/thumb/v7e-m+fp/hard\libc_nano.a(lib_a-nano-mallocr.o)
                0x0000000020000eb0                __malloc_free_list
 .bss.__malloc_sbrk_start
                0x0000000020000eb4        0x4 c:/st/stm32cubeide_1.5.1/stm32cubeide/plugins/com.st.stm32cube.ide.mcu.externaltools.gnu-tools-for-stm32.10.3-2021.10.win32_1.0.0.202111181127/tools/bin/../lib/gcc/arm-none-eabi/10.3.1/../../../../arm-none-eabi/lib/thumb/v7e-m+fp/hard\libc_nano.a(lib_a-nano-mallocr.o)
                0x0000000020000eb4                __malloc_sbrk_start
 .bss.errno     0x0000000020000eb8        0x4 c:/st/stm32cubeide_1.5.1/stm32cubeide/plugins/com.st.stm32cube.ide.mcu.externaltools.gnu-tools-for-stm32.10.3-2021.10.win32_1.0.0.202111181127/tools/bin/../lib/gcc/arm-none-eabi/10.3.1/../../../../arm-none-eabi/lib/thumb/v7e-m+fp/hard\libc_nano.a(lib_a-reent.o)
                0x0000000020000eb8                errno
 .bss.__lock___malloc_recursive_mutex
                0x0000000020000ebc        0x1 c:/st/stm32cubeide_1.5.1/stm32cubeide/plugins/com.st.stm32cube.ide.mcu.externaltools.gnu-tools-for-stm32.10.3-2021.10.win32_1.0.0.202111181127/tools/bin/../lib/gcc/arm-none-eabi/10.3.1/../../../../arm-none-eabi/lib/thumb/v7e-m+fp/hard\libc_nano.a(lib_a-lock.o)
                0x0000000020000ebc                __lock___malloc_recursive_mutex
 *(COMMON)
                0x0000000020000ec0                . = ALIGN (0x4)
 *fill*         0x0000000020000ebd        0x3 
                0x0000000020000ec0                _ebss = .
                0x0000000020000ec0                __bss_end__ = _ebss

._user_heap_stack
                0x0000000020000ec0      0x600 load address 0x00000000080079dc
                0x0000000020000ec0                . = ALIGN (0x8)
                [!provide]                        PROVIDE (end = .)
                0x0000000020000ec0                PROVIDE (_end = .)
                0x00000000200010c0                . = (. + _Min_Heap_Size)
 *fill*         0x0000000020000ec0      0x200 
                0x00000000200014c0                . = (. + _Min_Stack_Size)
 *fill*         0x00000000200010c0      0x400 
                0x00000000200014c0                . = ALIGN (0x8)

/DISCARD/
 libc.a(*)
 libm.a(*)
 libgcc.a(*)

.ARM.attributes
                0x0000000000000000       0x30
 *(.ARM.attributes)
 .ARM.attributes
                0x0000000000000000       0x1e c:/st/stm32cubeide_1.5.1/stm32cubeide/plugins/com.st.stm32cube.ide.mcu.externaltools.gnu-tools-for-stm32.10.3-2021.10.win32_1.0.0.202111181127/tools/bin/../lib/gcc/arm-none-eabi/10.3.1/thumb/v7e-m+fp/hard/crti.o
 .ARM.attributes
                0x000000000000001e       0x34 c:/st/stm32cubeide_1.5.1/stm32cubeide/plugins/com.st.stm32cube.ide.mcu.externaltools.gnu-tools-for-stm32.10.3-2021.10.win32_1.0.0.202111181127/tools/bin/../lib/gcc/arm-none-eabi/10.3.1/thumb/v7e-m+fp/hard/crtbegin.o
 .ARM.attributes
                0x0000000000000052       0x34 ./Core/SD_Card/FATFS/App/fatfs.o
 .ARM.attributes
                0x0000000000000086       0x34 ./Core/SD_Card/FATFS/Target/user_diskio.o
 .ARM.attributes
                0x00000000000000ba       0x34 ./Core/SD_Card/FATFS/Target/user_diskio_spi.o
 .ARM.attributes
                0x00000000000000ee       0x34 ./Core/SD_Card/Middlewares/Third_Party/FatFs/src/diskio.o
 .ARM.attributes
                0x0000000000000122       0x34 ./Core/SD_Card/Middlewares/Third_Party/FatFs/src/ff.o
 .ARM.attributes
                0x0000000000000156       0x34 ./Core/SD_Card/Middlewares/Third_Party/FatFs/src/ff_gen_drv.o
 .ARM.attributes
                0x000000000000018a       0x34 ./Core/Src/Clock_Control.o
 .ARM.attributes
                0x00000000000001be       0x34 ./Core/Src/GPIO_Control.o
 .ARM.attributes
                0x00000000000001f2       0x34 ./Core/Src/LCD_Control.o
 .ARM.attributes
                0x0000000000000226       0x34 ./Core/Src/Monitor_GrowTent.o
 .ARM.attributes
                0x000000000000025a       0x34 ./Core/Src/Power_Control.o
 .ARM.attributes
                0x000000000000028e       0x34 ./Core/Src/RTC_Control.o
 .ARM.attributes
                0x00000000000002c2       0x34 ./Core/Src/SD_Card_Control.o
 .ARM.attributes
                0x00000000000002f6       0x34 ./Core/Src/TempHumidity_Control.o
 .ARM.attributes
                0x000000000000032a       0x34 ./Core/Src/TempHumidity_Timer2_Control.o
 .ARM.attributes
                0x000000000000035e       0x34 ./Core/Src/UART_Control.o
 .ARM.attributes
                0x0000000000000392       0x34 ./Core/Src/main.o
 .ARM.attributes
                0x00000000000003c6       0x34 ./Core/Src/stm32l4xx_hal_msp.o
 .ARM.attributes
                0x00000000000003fa       0x34 ./Core/Src/stm32l4xx_it.o
 .ARM.attributes
                0x000000000000042e       0x34 ./Core/Src/sysmem.o
 .ARM.attributes
                0x0000000000000462       0x34 ./Core/Src/system_stm32l4xx.o
 .ARM.attributes
                0x0000000000000496       0x21 ./Core/Startup/startup_stm32l432kcux.o
 .ARM.attributes
                0x00000000000004b7       0x34 ./Drivers/STM32L4xx_HAL_Driver/Src/stm32l4xx_hal.o
 .ARM.attributes
                0x00000000000004eb       0x34 ./Drivers/STM32L4xx_HAL_Driver/Src/stm32l4xx_hal_cortex.o
 .ARM.attributes
                0x000000000000051f       0x34 ./Drivers/STM32L4xx_HAL_Driver/Src/stm32l4xx_hal_gpio.o
 .ARM.attributes
                0x0000000000000553       0x34 ./Drivers/STM32L4xx_HAL_Driver/Src/stm32l4xx_hal_i2c.o
 .ARM.attributes
                0x0000000000000587       0x34 ./Drivers/STM32L4xx_HAL_Driver/Src/stm32l4xx_hal_pwr.o
 .ARM.attributes
                0x00000000000005bb       0x34 ./Drivers/STM32L4xx_HAL_Driver/Src/stm32l4xx_hal_pwr_ex.o
 .ARM.attributes
                0x00000000000005ef       0x34 ./Drivers/STM32L4xx_HAL_Driver/Src/stm32l4xx_hal_rcc.o
 .ARM.attributes
                0x0000000000000623       0x34 ./Drivers/STM32L4xx_HAL_Driver/Src/stm32l4xx_hal_rcc_ex.o
 .ARM.attributes
                0x0000000000000657       0x34 ./Drivers/STM32L4xx_HAL_Driver/Src/stm32l4xx_hal_rtc.o
 .ARM.attributes
                0x000000000000068b       0x34 ./Drivers/STM32L4xx_HAL_Driver/Src/stm32l4xx_hal_rtc_ex.o
 .ARM.attributes
                0x00000000000006bf       0x34 ./Drivers/STM32L4xx_HAL_Driver/Src/stm32l4xx_hal_spi.o
 .ARM.attributes
                0x00000000000006f3       0x34 ./Drivers/STM32L4xx_HAL_Driver/Src/stm32l4xx_hal_tim.o
 .ARM.attributes
                0x0000000000000727       0x34 ./Drivers/STM32L4xx_HAL_Driver/Src/stm32l4xx_hal_tim_ex.o
 .ARM.attributes
                0x000000000000075b       0x34 ./Drivers/STM32L4xx_HAL_Driver/Src/stm32l4xx_hal_uart.o
 .ARM.attributes
                0x000000000000078f       0x34 c:/st/stm32cubeide_1.5.1/stm32cubeide/plugins/com.st.stm32cube.ide.mcu.externaltools.gnu-tools-for-stm32.10.3-2021.10.win32_1.0.0.202111181127/tools/bin/../lib/gcc/arm-none-eabi/10.3.1/../../../../arm-none-eabi/lib/thumb/v7e-m+fp/hard\libc_nano.a(lib_a-ctype_.o)
 .ARM.attributes
                0x00000000000007c3       0x34 c:/st/stm32cubeide_1.5.1/stm32cubeide/plugins/com.st.stm32cube.ide.mcu.externaltools.gnu-tools-for-stm32.10.3-2021.10.win32_1.0.0.202111181127/tools/bin/../lib/gcc/arm-none-eabi/10.3.1/../../../../arm-none-eabi/lib/thumb/v7e-m+fp/hard\libc_nano.a(lib_a-errno.o)
 .ARM.attributes
                0x00000000000007f7       0x34 c:/st/stm32cubeide_1.5.1/stm32cubeide/plugins/com.st.stm32cube.ide.mcu.externaltools.gnu-tools-for-stm32.10.3-2021.10.win32_1.0.0.202111181127/tools/bin/../lib/gcc/arm-none-eabi/10.3.1/../../../../arm-none-eabi/lib/thumb/v7e-m+fp/hard\libc_nano.a(lib_a-impure.o)
 .ARM.attributes
                0x000000000000082b       0x34 c:/st/stm32cubeide_1.5.1/stm32cubeide/plugins/com.st.stm32cube.ide.mcu.externaltools.gnu-tools-for-stm32.10.3-2021.10.win32_1.0.0.202111181127/tools/bin/../lib/gcc/arm-none-eabi/10.3.1/../../../../arm-none-eabi/lib/thumb/v7e-m+fp/hard\libc_nano.a(lib_a-init.o)
 .ARM.attributes
                0x000000000000085f       0x34 c:/st/stm32cubeide_1.5.1/stm32cubeide/plugins/com.st.stm32cube.ide.mcu.externaltools.gnu-tools-for-stm32.10.3-2021.10.win32_1.0.0.202111181127/tools/bin/../lib/gcc/arm-none-eabi/10.3.1/../../../../arm-none-eabi/lib/thumb/v7e-m+fp/hard\libc_nano.a(lib_a-itoa.o)
 .ARM.attributes
                0x0000000000000893       0x34 c:/st/stm32cubeide_1.5.1/stm32cubeide/plugins/com.st.stm32cube.ide.mcu.externaltools.gnu-tools-for-stm32.10.3-2021.10.win32_1.0.0.202111181127/tools/bin/../lib/gcc/arm-none-eabi/10.3.1/../../../../arm-none-eabi/lib/thumb/v7e-m+fp/hard\libc_nano.a(lib_a-memset.o)
 .ARM.attributes
                0x00000000000008c7       0x17 c:/st/stm32cubeide_1.5.1/stm32cubeide/plugins/com.st.stm32cube.ide.mcu.externaltools.gnu-tools-for-stm32.10.3-2021.10.win32_1.0.0.202111181127/tools/bin/../lib/gcc/arm-none-eabi/10.3.1/../../../../arm-none-eabi/lib/thumb/v7e-m+fp/hard\libc_nano.a(lib_a-strlen.o)
 .ARM.attributes
                0x00000000000008de       0x34 c:/st/stm32cubeide_1.5.1/stm32cubeide/plugins/com.st.stm32cube.ide.mcu.externaltools.gnu-tools-for-stm32.10.3-2021.10.win32_1.0.0.202111181127/tools/bin/../lib/gcc/arm-none-eabi/10.3.1/../../../../arm-none-eabi/lib/thumb/v7e-m+fp/hard\libc_nano.a(lib_a-utoa.o)
 .ARM.attributes
                0x0000000000000912       0x34 c:/st/stm32cubeide_1.5.1/stm32cubeide/plugins/com.st.stm32cube.ide.mcu.externaltools.gnu-tools-for-stm32.10.3-2021.10.win32_1.0.0.202111181127/tools/bin/../lib/gcc/arm-none-eabi/10.3.1/../../../../arm-none-eabi/lib/thumb/v7e-m+fp/hard\libc_nano.a(lib_a-vsnprintf.o)
 .ARM.attributes
                0x0000000000000946       0x34 c:/st/stm32cubeide_1.5.1/stm32cubeide/plugins/com.st.stm32cube.ide.mcu.externaltools.gnu-tools-for-stm32.10.3-2021.10.win32_1.0.0.202111181127/tools/bin/../lib/gcc/arm-none-eabi/10.3.1/../../../../arm-none-eabi/lib/thumb/v7e-m+fp/hard\libc_nano.a(lib_a-nano-svfprintf.o)
 .ARM.attributes
                0x000000000000097a       0x34 c:/st/stm32cubeide_1.5.1/stm32cubeide/plugins/com.st.stm32cube.ide.mcu.externaltools.gnu-tools-for-stm32.10.3-2021.10.win32_1.0.0.202111181127/tools/bin/../lib/gcc/arm-none-eabi/10.3.1/../../../../arm-none-eabi/lib/thumb/v7e-m+fp/hard\libc_nano.a(lib_a-nano-vfprintf_i.o)
 .ARM.attributes
                0x00000000000009ae       0x1c c:/st/stm32cubeide_1.5.1/stm32cubeide/plugins/com.st.stm32cube.ide.mcu.externaltools.gnu-tools-for-stm32.10.3-2021.10.win32_1.0.0.202111181127/tools/bin/../lib/gcc/arm-none-eabi/10.3.1/../../../../arm-none-eabi/lib/thumb/v7e-m+fp/hard\libc_nano.a(lib_a-memchr.o)
 .ARM.attributes
                0x00000000000009ca       0x34 c:/st/stm32cubeide_1.5.1/stm32cubeide/plugins/com.st.stm32cube.ide.mcu.externaltools.gnu-tools-for-stm32.10.3-2021.10.win32_1.0.0.202111181127/tools/bin/../lib/gcc/arm-none-eabi/10.3.1/../../../../arm-none-eabi/lib/thumb/v7e-m+fp/hard\libc_nano.a(lib_a-memcpy-stub.o)
 .ARM.attributes
                0x00000000000009fe       0x34 c:/st/stm32cubeide_1.5.1/stm32cubeide/plugins/com.st.stm32cube.ide.mcu.externaltools.gnu-tools-for-stm32.10.3-2021.10.win32_1.0.0.202111181127/tools/bin/../lib/gcc/arm-none-eabi/10.3.1/../../../../arm-none-eabi/lib/thumb/v7e-m+fp/hard\libc_nano.a(lib_a-memmove.o)
 .ARM.attributes
                0x0000000000000a32       0x34 c:/st/stm32cubeide_1.5.1/stm32cubeide/plugins/com.st.stm32cube.ide.mcu.externaltools.gnu-tools-for-stm32.10.3-2021.10.win32_1.0.0.202111181127/tools/bin/../lib/gcc/arm-none-eabi/10.3.1/../../../../arm-none-eabi/lib/thumb/v7e-m+fp/hard\libc_nano.a(lib_a-nano-freer.o)
 .ARM.attributes
                0x0000000000000a66       0x34 c:/st/stm32cubeide_1.5.1/stm32cubeide/plugins/com.st.stm32cube.ide.mcu.externaltools.gnu-tools-for-stm32.10.3-2021.10.win32_1.0.0.202111181127/tools/bin/../lib/gcc/arm-none-eabi/10.3.1/../../../../arm-none-eabi/lib/thumb/v7e-m+fp/hard\libc_nano.a(lib_a-nano-mallocr.o)
 .ARM.attributes
                0x0000000000000a9a       0x34 c:/st/stm32cubeide_1.5.1/stm32cubeide/plugins/com.st.stm32cube.ide.mcu.externaltools.gnu-tools-for-stm32.10.3-2021.10.win32_1.0.0.202111181127/tools/bin/../lib/gcc/arm-none-eabi/10.3.1/../../../../arm-none-eabi/lib/thumb/v7e-m+fp/hard\libc_nano.a(lib_a-nano-reallocr.o)
 .ARM.attributes
                0x0000000000000ace       0x34 c:/st/stm32cubeide_1.5.1/stm32cubeide/plugins/com.st.stm32cube.ide.mcu.externaltools.gnu-tools-for-stm32.10.3-2021.10.win32_1.0.0.202111181127/tools/bin/../lib/gcc/arm-none-eabi/10.3.1/../../../../arm-none-eabi/lib/thumb/v7e-m+fp/hard\libc_nano.a(lib_a-sbrkr.o)
 .ARM.attributes
                0x0000000000000b02       0x34 c:/st/stm32cubeide_1.5.1/stm32cubeide/plugins/com.st.stm32cube.ide.mcu.externaltools.gnu-tools-for-stm32.10.3-2021.10.win32_1.0.0.202111181127/tools/bin/../lib/gcc/arm-none-eabi/10.3.1/../../../../arm-none-eabi/lib/thumb/v7e-m+fp/hard\libc_nano.a(lib_a-mlock.o)
 .ARM.attributes
                0x0000000000000b36       0x34 c:/st/stm32cubeide_1.5.1/stm32cubeide/plugins/com.st.stm32cube.ide.mcu.externaltools.gnu-tools-for-stm32.10.3-2021.10.win32_1.0.0.202111181127/tools/bin/../lib/gcc/arm-none-eabi/10.3.1/../../../../arm-none-eabi/lib/thumb/v7e-m+fp/hard\libc_nano.a(lib_a-nano-msizer.o)
 .ARM.attributes
                0x0000000000000b6a       0x34 c:/st/stm32cubeide_1.5.1/stm32cubeide/plugins/com.st.stm32cube.ide.mcu.externaltools.gnu-tools-for-stm32.10.3-2021.10.win32_1.0.0.202111181127/tools/bin/../lib/gcc/arm-none-eabi/10.3.1/../../../../arm-none-eabi/lib/thumb/v7e-m+fp/hard\libc_nano.a(lib_a-reent.o)
 .ARM.attributes
                0x0000000000000b9e       0x34 c:/st/stm32cubeide_1.5.1/stm32cubeide/plugins/com.st.stm32cube.ide.mcu.externaltools.gnu-tools-for-stm32.10.3-2021.10.win32_1.0.0.202111181127/tools/bin/../lib/gcc/arm-none-eabi/10.3.1/../../../../arm-none-eabi/lib/thumb/v7e-m+fp/hard\libc_nano.a(lib_a-lock.o)
 .ARM.attributes
                0x0000000000000bd2       0x1e c:/st/stm32cubeide_1.5.1/stm32cubeide/plugins/com.st.stm32cube.ide.mcu.externaltools.gnu-tools-for-stm32.10.3-2021.10.win32_1.0.0.202111181127/tools/bin/../lib/gcc/arm-none-eabi/10.3.1/thumb/v7e-m+fp/hard\libgcc.a(_aeabi_uldivmod.o)
 .ARM.attributes
                0x0000000000000bf0       0x34 c:/st/stm32cubeide_1.5.1/stm32cubeide/plugins/com.st.stm32cube.ide.mcu.externaltools.gnu-tools-for-stm32.10.3-2021.10.win32_1.0.0.202111181127/tools/bin/../lib/gcc/arm-none-eabi/10.3.1/thumb/v7e-m+fp/hard\libgcc.a(_udivmoddi4.o)
 .ARM.attributes
                0x0000000000000c24       0x1e c:/st/stm32cubeide_1.5.1/stm32cubeide/plugins/com.st.stm32cube.ide.mcu.externaltools.gnu-tools-for-stm32.10.3-2021.10.win32_1.0.0.202111181127/tools/bin/../lib/gcc/arm-none-eabi/10.3.1/thumb/v7e-m+fp/hard\libgcc.a(_dvmd_tls.o)
 .ARM.attributes
                0x0000000000000c42       0x1e c:/st/stm32cubeide_1.5.1/stm32cubeide/plugins/com.st.stm32cube.ide.mcu.externaltools.gnu-tools-for-stm32.10.3-2021.10.win32_1.0.0.202111181127/tools/bin/../lib/gcc/arm-none-eabi/10.3.1/thumb/v7e-m+fp/hard/crtn.o
OUTPUT(001GrowTent.elf elf32-littlearm)
LOAD linker stubs
LOAD c:/st/stm32cubeide_1.5.1/stm32cubeide/plugins/com.st.stm32cube.ide.mcu.externaltools.gnu-tools-for-stm32.10.3-2021.10.win32_1.0.0.202111181127/tools/bin/../lib/gcc/arm-none-eabi/10.3.1/../../../../arm-none-eabi/lib/thumb/v7e-m+fp/hard\libc.a
LOAD c:/st/stm32cubeide_1.5.1/stm32cubeide/plugins/com.st.stm32cube.ide.mcu.externaltools.gnu-tools-for-stm32.10.3-2021.10.win32_1.0.0.202111181127/tools/bin/../lib/gcc/arm-none-eabi/10.3.1/../../../../arm-none-eabi/lib/thumb/v7e-m+fp/hard\libm.a
LOAD c:/st/stm32cubeide_1.5.1/stm32cubeide/plugins/com.st.stm32cube.ide.mcu.externaltools.gnu-tools-for-stm32.10.3-2021.10.win32_1.0.0.202111181127/tools/bin/../lib/gcc/arm-none-eabi/10.3.1/thumb/v7e-m+fp/hard\libgcc.a

.comment        0x0000000000000000       0x50
 .comment       0x0000000000000000       0x50 ./Core/SD_Card/FATFS/App/fatfs.o
                                         0x51 (size before relaxing)
 .comment       0x0000000000000050       0x51 ./Core/SD_Card/FATFS/Target/user_diskio.o
 .comment       0x0000000000000050       0x51 ./Core/SD_Card/FATFS/Target/user_diskio_spi.o
 .comment       0x0000000000000050       0x51 ./Core/SD_Card/Middlewares/Third_Party/FatFs/src/diskio.o
 .comment       0x0000000000000050       0x51 ./Core/SD_Card/Middlewares/Third_Party/FatFs/src/ff.o
 .comment       0x0000000000000050       0x51 ./Core/SD_Card/Middlewares/Third_Party/FatFs/src/ff_gen_drv.o
 .comment       0x0000000000000050       0x51 ./Core/Src/Clock_Control.o
 .comment       0x0000000000000050       0x51 ./Core/Src/GPIO_Control.o
 .comment       0x0000000000000050       0x51 ./Core/Src/LCD_Control.o
 .comment       0x0000000000000050       0x51 ./Core/Src/Monitor_GrowTent.o
 .comment       0x0000000000000050       0x51 ./Core/Src/Power_Control.o