../Core/ST7565/ST7565.c:22:20:ST7565_Select	8	static
../Core/ST7565/ST7565.c:45:20:ST7565_Unselect	8	static
../Core/ST7565/ST7565.c:73:13:ST7565_Reset	8	static
../Core/ST7565/ST7565.c:93:20:ST7565_w_dat	16	static
../Core/ST7565/ST7565.c:177:20:ST7565_w_cmd	16	static
../Core/ST7565/ST7565.c:276:6:ST7565_Display_fill	24	static
../Core/ST7565/ST7565.c:307:6:ST7565_Init	8	static
../Core/ST7565/ST7565.c:376:6:ST7565_Clear_buffer	8	static
../Core/ST7565/ST7565.c:392:6:ST7565_Clear	16	static
../Core/ST7565/ST7565.c:427:6:ST7565_Draw_pixel	24	static
../Core/ST7565/ST7565.c:453:6:ST7565_Update	16	static
../Core/ST7565/ST7565.c:482:6:ST7565_InvertDisplay	16	static
../Core/ST7565/ST7565.c:507:6:ST7565_DisplayOnOff	16	static
../Core/ST7565/ST7565.c:531:6:ST7565_DrawBitmap	32	static
../Core/ST7565/ST7565.c:564:6:ST7565_DrawChar	40	static
../Core/ST7565/ST7565.c:676:6:ST7565_Print	40	static
../Core/ST7565/ST7565.c:748:6:ST7565_DrawLine	40	static
../Core/ST7565/ST7565.c:844:6:ST7565_DrawRectangle	32	static
../Core/ST7565/ST7565.c:881:6:ST7565_DrawFilledRectangle	40	static
../Core/ST7565/ST7565.c:920:6:ST7565_DrawTriangle	32	static
../Core/ST7565/ST7565.c:938:6:ST7565_DrawFilledTriangle	64	static
../Core/ST7565/ST7565.c:1006:6:ST7565_DrawCircle	40	static
../Core/ST7565/ST7565.c:1052:6:ST7565_DrawFilledCircle	48	static
../Core/ST7565/ST7565.c:1094:10:strlenUTF8	24	static
