Archive member included to satisfy reference by file (symbol)

c:/st/stm32cubeide_1.5.1/stm32cubeide/plugins/com.st.stm32cube.ide.mcu.externaltools.gnu-tools-for-stm32.10.3-2021.10.win32_1.0.0.202111181127/tools/bin/../lib/gcc/arm-none-eabi/10.3.1/../../../../arm-none-eabi/lib/thumb/v7e-m/nofp\libc_nano.a(lib_a-ctype_.o)
                              ./Core/Src/LCD_Control.o (_ctype_)
c:/st/stm32cubeide_1.5.1/stm32cubeide/plugins/com.st.stm32cube.ide.mcu.externaltools.gnu-tools-for-stm32.10.3-2021.10.win32_1.0.0.202111181127/tools/bin/../lib/gcc/arm-none-eabi/10.3.1/../../../../arm-none-eabi/lib/thumb/v7e-m/nofp\libc_nano.a(lib_a-errno.o)
                              ./Core/Src/syscalls.o (__errno)
c:/st/stm32cubeide_1.5.1/stm32cubeide/plugins/com.st.stm32cube.ide.mcu.externaltools.gnu-tools-for-stm32.10.3-2021.10.win32_1.0.0.202111181127/tools/bin/../lib/gcc/arm-none-eabi/10.3.1/../../../../arm-none-eabi/lib/thumb/v7e-m/nofp\libc_nano.a(lib_a-exit.o)
                              c:/st/stm32cubeide_1.5.1/stm32cubeide/plugins/com.st.stm32cube.ide.mcu.externaltools.gnu-tools-for-stm32.10.3-2021.10.win32_1.0.0.202111181127/tools/bin/../lib/gcc/arm-none-eabi/10.3.1/../../../../arm-none-eabi/lib/thumb/v7e-m/nofp/crt0.o (exit)
c:/st/stm32cubeide_1.5.1/stm32cubeide/plugins/com.st.stm32cube.ide.mcu.externaltools.gnu-tools-for-stm32.10.3-2021.10.win32_1.0.0.202111181127/tools/bin/../lib/gcc/arm-none-eabi/10.3.1/../../../../arm-none-eabi/lib/thumb/v7e-m/nofp\libc_nano.a(lib_a-impure.o)
                              c:/st/stm32cubeide_1.5.1/stm32cubeide/plugins/com.st.stm32cube.ide.mcu.externaltools.gnu-tools-for-stm32.10.3-2021.10.win32_1.0.0.202111181127/tools/bin/../lib/gcc/arm-none-eabi/10.3.1/../../../../arm-none-eabi/lib/thumb/v7e-m/nofp\libc_nano.a(lib_a-exit.o) (_global_impure_ptr)
c:/st/stm32cubeide_1.5.1/stm32cubeide/plugins/com.st.stm32cube.ide.mcu.externaltools.gnu-tools-for-stm32.10.3-2021.10.win32_1.0.0.202111181127/tools/bin/../lib/gcc/arm-none-eabi/10.3.1/../../../../arm-none-eabi/lib/thumb/v7e-m/nofp\libc_nano.a(lib_a-init.o)
                              c:/st/stm32cubeide_1.5.1/stm32cubeide/plugins/com.st.stm32cube.ide.mcu.externaltools.gnu-tools-for-stm32.10.3-2021.10.win32_1.0.0.202111181127/tools/bin/../lib/gcc/arm-none-eabi/10.3.1/../../../../arm-none-eabi/lib/thumb/v7e-m/nofp/crt0.o (__libc_init_array)
c:/st/stm32cubeide_1.5.1/stm32cubeide/plugins/com.st.stm32cube.ide.mcu.externaltools.gnu-tools-for-stm32.10.3-2021.10.win32_1.0.0.202111181127/tools/bin/../lib/gcc/arm-none-eabi/10.3.1/../../../../arm-none-eabi/lib/thumb/v7e-m/nofp\libc_nano.a(lib_a-itoa.o)
                              ./Core/Src/CCS811_GasSensor.o (itoa)
c:/st/stm32cubeide_1.5.1/stm32cubeide/plugins/com.st.stm32cube.ide.mcu.externaltools.gnu-tools-for-stm32.10.3-2021.10.win32_1.0.0.202111181127/tools/bin/../lib/gcc/arm-none-eabi/10.3.1/../../../../arm-none-eabi/lib/thumb/v7e-m/nofp\libc_nano.a(lib_a-memset.o)
                              c:/st/stm32cubeide_1.5.1/stm32cubeide/plugins/com.st.stm32cube.ide.mcu.externaltools.gnu-tools-for-stm32.10.3-2021.10.win32_1.0.0.202111181127/tools/bin/../lib/gcc/arm-none-eabi/10.3.1/../../../../arm-none-eabi/lib/thumb/v7e-m/nofp/crt0.o (memset)
c:/st/stm32cubeide_1.5.1/stm32cubeide/plugins/com.st.stm32cube.ide.mcu.externaltools.gnu-tools-for-stm32.10.3-2021.10.win32_1.0.0.202111181127/tools/bin/../lib/gcc/arm-none-eabi/10.3.1/../../../../arm-none-eabi/lib/thumb/v7e-m/nofp\libc_nano.a(lib_a-strcat.o)
                              ./Core/Src/SD_Card_Control.o (strcat)
c:/st/stm32cubeide_1.5.1/stm32cubeide/plugins/com.st.stm32cube.ide.mcu.externaltools.gnu-tools-for-stm32.10.3-2021.10.win32_1.0.0.202111181127/tools/bin/../lib/gcc/arm-none-eabi/10.3.1/../../../../arm-none-eabi/lib/thumb/v7e-m/nofp\libc_nano.a(lib_a-strlen.o)
                              ./Core/ST7565/ST7565.o (strlen)
c:/st/stm32cubeide_1.5.1/stm32cubeide/plugins/com.st.stm32cube.ide.mcu.externaltools.gnu-tools-for-stm32.10.3-2021.10.win32_1.0.0.202111181127/tools/bin/../lib/gcc/arm-none-eabi/10.3.1/../../../../arm-none-eabi/lib/thumb/v7e-m/nofp\libc_nano.a(lib_a-utoa.o)
                              c:/st/stm32cubeide_1.5.1/stm32cubeide/plugins/com.st.stm32cube.ide.mcu.externaltools.gnu-tools-for-stm32.10.3-2021.10.win32_1.0.0.202111181127/tools/bin/../lib/gcc/arm-none-eabi/10.3.1/../../../../arm-none-eabi/lib/thumb/v7e-m/nofp\libc_nano.a(lib_a-itoa.o) (__utoa)
c:/st/stm32cubeide_1.5.1/stm32cubeide/plugins/com.st.stm32cube.ide.mcu.externaltools.gnu-tools-for-stm32.10.3-2021.10.win32_1.0.0.202111181127/tools/bin/../lib/gcc/arm-none-eabi/10.3.1/../../../../arm-none-eabi/lib/thumb/v7e-m/nofp\libc_nano.a(lib_a-vsnprintf.o)
                              ./Core/Src/SD_Card_Control.o (vsnprintf)
[...]
Memory Configuration

Name             Origin             Length             Attributes
RAM              0x0000000020000000 0x0000000000010000 xrw
RAM2             0x0000000010000000 0x0000000000004000 xrw
FLASH            0x0000000008000000 0x0000000000040000 xr
*default*        0x0000000000000000 0xffffffffffffffff

Linker script and memory map

LOAD c:/st/stm32cubeide_1.5.1/stm32cubeide/plugins/com.st.stm32cube.ide.mcu.externaltools.gnu-tools-for-stm32.10.3-2021.10.win32_1.0.0.202111181127/tools/bin/../lib/gcc/arm-none-eabi/10.3.1/thumb/v7e-m/nofp/crti.o
LOAD c:/st/stm32cubeide_1.5.1/stm32cubeide/plugins/com.st.stm32cube.ide.mcu.externaltools.gnu-tools-for-stm32.10.3-2021.10.win32_1.0.0.202111181127/tools/bin/../lib/gcc/arm-none-eabi/10.3.1/thumb/v7e-m/nofp/crtbegin.o
LOAD c:/st/stm32cubeide_1.5.1/stm32cubeide/plugins/com.st.stm32cube.ide.mcu.externaltools.gnu-tools-for-stm32.10.3-2021.10.win32_1.0.0.202111181127/tools/bin/../lib/gcc/arm-none-eabi/10.3.1/../../../../arm-none-eabi/lib/thumb/v7e-m/nofp/crt0.o
LOAD ./Core/SD_Card/FATFS/App/fatfs.o
LOAD ./Core/SD_Card/FATFS/Target/user_diskio.o
LOAD ./Core/SD_Card/FATFS/Target/user_diskio_spi.o
LOAD ./Core/SD_Card/Middlewares/Third_Party/FatFs/src/diskio.o
LOAD ./Core/SD_Card/Middlewares/Third_Party/FatFs/src/ff.o
LOAD ./Core/SD_Card/Middlewares/Third_Party/FatFs/src/ff_gen_drv.o
LOAD ./Core/SD_Card/Middlewares/Third_Party/FatFs/src/option/syscall.o
LOAD ./Core/ST7565/ST7565.o
LOAD ./Core/ST7565/bitmap.o
LOAD ./Core/ST7565/fonts.o
LOAD ./Core/Src/CCS811_GasSensor.o
LOAD ./Core/Src/Clock_Control.o
LOAD ./Core/Src/GPIO_Control.o
LOAD ./Core/Src/LCD_Control.o
LOAD ./Core/Src/LCD_ST7565_Control.o
LOAD ./Core/Src/Monitor_GrowTent.o
LOAD ./Core/Src/Power_Control.o
LOAD ./Core/Src/RTC_Control.o
LOAD ./Core/Src/SD_Card_Control.o
LOAD ./Core/Src/TempHumidity_Control.o
LOAD ./Core/Src/TempHumidity_Timer2_Control.o
LOAD ./Core/Src/UART_Control.o
LOAD ./Core/Src/main.o
LOAD ./Core/Src/stm32l4xx_hal_msp.o
LOAD ./Core/Src/stm32l4xx_it.o
LOAD ./Core/Src/syscalls.o
LOAD ./Core/Src/sysmem.o
LOAD ./Core/Src/system_stm32l4xx.o
LOAD ./Core/Startup/startup_stm32l432kcux.o
LOAD ./Drivers/STM32L4xx_HAL_Driver/Src/stm32l4xx_hal.o
LOAD ./Drivers/STM32L4xx_HAL_Driver/Src/stm32l4xx_hal_cortex.o
LOAD ./Drivers/STM32L4xx_HAL_Driver/Src/stm32l4xx_hal_dma.o
LOAD ./Drivers/STM32L4xx_HAL_Driver/Src/stm32l4xx_hal_dma_ex.o
LOAD ./Drivers/STM32L4xx_HAL_Driver/Src/stm32l4xx_hal_exti.o
LOAD ./Drivers/STM32L4xx_HAL_Driver/Src/stm32l4xx_hal_flash.o
LOAD ./Drivers/STM32L4xx_HAL_Driver/Src/stm32l4xx_hal_flash_ex.o
LOAD ./Drivers/STM32L4xx_HAL_Driver/Src/stm32l4xx_hal_flash_ramfunc.o
LOAD ./Drivers/STM32L4xx_HAL_Driver/Src/stm32l4xx_hal_gpio.o
LOAD ./Drivers/STM32L4xx_HAL_Driver/Src/stm32l4xx_hal_i2c.o
LOAD ./Drivers/STM32L4xx_HAL_Driver/Src/stm32l4xx_hal_i2c_ex.o
LOAD ./Drivers/STM32L4xx_HAL_Driver/Src/stm32l4xx_hal_pwr.o
LOAD ./Drivers/STM32L4xx_HAL_Driver/Src/stm32l4xx_hal_pwr_ex.o
LOAD ./Drivers/STM32L4xx_HAL_Driver/Src/stm32l4xx_hal_rcc.o
LOAD ./Drivers/STM32L4xx_HAL_Driver/Src/stm32l4xx_hal_rcc_ex.o
LOAD ./Drivers/STM32L4xx_HAL_Driver/Src/stm32l4xx_hal_rtc.o
LOAD ./Drivers/STM32L4xx_HAL_Driver/Src/stm32l4xx_hal_rtc_ex.o
LOAD ./Drivers/STM32L4xx_HAL_Driver/Src/stm32l4xx_hal_spi.o
LOAD ./Drivers/STM32L4xx_HAL_Driver/Src/stm32l4xx_hal_spi_ex.o
LOAD ./Drivers/STM32L4xx_HAL_Driver/Src/stm32l4xx_hal_tim.o
LOAD ./Drivers/STM32L4xx_HAL_Driver/Src/stm32l4xx_hal_tim_ex.o
LOAD ./Drivers/STM32L4xx_HAL_Driver/Src/stm32l4xx_hal_uart.o
LOAD ./Drivers/STM32L4xx_HAL_Driver/Src/stm32l4xx_hal_uart_ex.o
START GROUP
LOAD c:/st/stm32cubeide_1.5.1/stm32cubeide/plugins/com.st.stm32cube.ide.mcu.externaltools.gnu-tools-for-stm32.10.3-2021.10.win32_1.0.0.202111181127/tools/bin/../lib/gcc/arm-none-eabi/10.3.1/../../../../arm-none-eabi/lib/thumb/v7e-m/nofp\libc_nano.a
LOAD c:/st/stm32cubeide_1.5.1/stm32cubeide/plugins/com.st.stm32cube.ide.mcu.externaltools.gnu-tools-for-stm32.10.3-2021.10.win32_1.0.0.202111181127/tools/bin/../lib/gcc/arm-none-eabi/10.3.1/../../../../arm-none-eabi/lib/thumb/v7e-m/nofp\libm.a
END GROUP
START GROUP
LOAD c:/st/stm32cubeide_1.5.1/stm32cubeide/plugins/com.st.stm32cube.ide.mcu.externaltools.gnu-tools-for-stm32.10.3-2021.10.win32_1.0.0.202111181127/tools/bin/../lib/gcc/arm-none-eabi/10.3.1/thumb/v7e-m/nofp\libgcc.a
LOAD c:/st/stm32cubeide_1.5.1/stm32cubeide/plugins/com.st.stm32cube.ide.mcu.externaltools.gnu-tools-for-stm32.10.3-2021.10.win32_1.0.0.202111181127/tools/bin/../lib/gcc/arm-none-eabi/10.3.1/../../../../arm-none-eabi/lib/thumb/v7e-m/nofp\libc_nano.a
END GROUP
START GROUP
LOAD c:/st/stm32cubeide_1.5.1/stm32cubeide/plugins/com.st.stm32cube.ide.mcu.externaltools.gnu-tools-for-stm32.10.3-2021.10.win32_1.0.0.202111181127/tools/bin/../lib/gcc/arm-none-eabi/10.3.1/thumb/v7e-m/nofp\libgcc.a
LOAD c:/st/stm32cubeide_1.5.1/stm32cubeide/plugins/com.st.stm32cube.ide.mcu.externaltools.gnu-tools-for-stm32.10.3-2021.10.win32_1.0.0.202111181127/tools/bin/../lib/gcc/arm-none-eabi/10.3.1/../../../../arm-none-eabi/lib/thumb/v7e-m/nofp\libc_nano.a
LOAD c:/st/stm32cubeide_1.5.1/stm32cubeide/plugins/com.st.stm32cube.ide.mcu.externaltools.gnu-tools-for-stm32.10.3-2021.10.win32_1.0.0.202111181127/tools/bin/../lib/gcc/arm-none-eabi/10.3.1/../../../../arm-none-eabi/lib/thumb/v7e-m/nofp\libnosys.a
END GROUP
START GROUP
LOAD c:/st/stm32cubeide_1.5.1/stm32cubeide/plugins/com.st.stm32cube.ide.mcu.externaltools.gnu-tools-for-stm32.10.3-2021.10.win32_1.0.0.202111181127/tools/bin/../lib/gcc/arm-none-eabi/10.3.1/thumb/v7e-m/nofp\libgcc.a
LOAD c:/st/stm32cubeide_1.5.1/stm32cubeide/plugins/com.st.stm32cube.ide.mcu.externaltools.gnu-tools-for-stm32.10.3-2021.10.win32_1.0.0.202111181127/tools/bin/../lib/gcc/arm-none-eabi/10.3.1/../../../../arm-none-eabi/lib/thumb/v7e-m/nofp\libc_nano.a
LOAD c:/st/stm32cubeide_1.5.1/stm32cubeide/plugins/com.st.stm32cube.ide.mcu.externaltools.gnu-tools-for-stm32.10.3-2021.10.win32_1.0.0.202111181127/tools/bin/../lib/gcc/arm-none-eabi/10.3.1/../../../../arm-none-eabi/lib/thumb/v7e-m/nofp\libnosys.a
END GROUP
LOAD c:/st/stm32cubeide_1.5.1/stm32cubeide/plugins/com.st.stm32cube.ide.mcu.externaltools.gnu-tools-for-stm32.10.3-2021.10.win32_1.0.0.202111181127/tools/bin/../lib/gcc/arm-none-eabi/10.3.1/thumb/v7e-m/nofp/crtend.o
LOAD c:/st/stm32cubeide_1.5.1/stm32cubeide/plugins/com.st.stm32cube.ide.mcu.externaltools.gnu-tools-for-stm32.10.3-2021.10.win32_1.0.0.202111181127/tools/bin/../lib/gcc/arm-none-eabi/10.3.1/thumb/v7e-m/nofp/crtn.o
                0x0000000020010000                _estack = (ORIGIN (RAM) + LENGTH (RAM))
                0x0000000000000200                _Min_Heap_Size = 0x200
                0x0000000000000400                _Min_Stack_Size = 0x400

.isr_vector     0x0000000008000000      0x18c
                0x0000000008000000                . = ALIGN (0x4)
 *(.isr_vector)
 .isr_vector    0x0000000008000000      0x18c ./Core/Startup/startup_stm32l432kcux.o
                0x0000000008000000                g_pfnVectors
                0x000000000800018c                . = ALIGN (0x4)

.text           0x0000000008000190     0xcfd8
                0x0000000008000190                . = ALIGN (0x4)
 *(.text)
 .text          0x0000000008000190       0x40 c:/st/stm32cubeide_1.5.1/stm32cubeide/plugins/com.st.stm32cube.ide.mcu.externaltools.gnu-tools-for-stm32.10.3-2021.10.win32_1.0.0.202111181127/tools/bin/../lib/gcc/arm-none-eabi/10.3.1/thumb/v7e-m/nofp/crtbegin.o
 .text          0x00000000080001d0       0x10 c:/st/stm32cubeide_1.5.1/stm32cubeide/plugins/com.st.stm32cube.ide.mcu.externaltools.gnu-tools-for-stm32.10.3-2021.10.win32_1.0.0.202111181127/tools/bin/../lib/gcc/arm-none-eabi/10.3.1/../../../../arm-none-eabi/lib/thumb/v7e-m/nofp\libc_nano.a(lib_a-strlen.o)
                0x00000000080001d0                strlen
 .text          0x00000000080001e0       0xa0 c:/st/stm32cubeide_1.5.1/stm32cubeide/plugins/com.st.stm32cube.ide.mcu.externaltools.gnu-tools-for-stm32.10.3-2021.10.win32_1.0.0.202111181127/tools/bin/../lib/gcc/arm-none-eabi/10.3.1/../../../../arm-none-eabi/lib/thumb/v7e-m/nofp\libc_nano.a(lib_a-memchr.o)
                0x00000000080001e0                memchr
 .text          0x0000000008000280       0x30 c:/st/stm32cubeide_1.5.1/stm32cubeide/plugins/com.st.stm32cube.ide.mcu.externaltools.gnu-tools-for-stm32.10.3-2021.10.win32_1.0.0.202111181127/tools/bin/../lib/gcc/arm-none-eabi/10.3.1/thumb/v7e-m/nofp\libgcc.a(_aeabi_uldivmod.o)
                0x0000000008000280                __aeabi_uldivmod
 .text          0x00000000080002b0      0x2d0 c:/st/stm32cubeide_1.5.1/stm32cubeide/plugins/com.st.stm32cube.ide.mcu.externaltools.gnu-tools-for-stm32.10.3-2021.10.win32_1.0.0.202111181127/tools/bin/../lib/gcc/arm-none-eabi/10.3.1/thumb/v7e-m/nofp\libgcc.a(_udivmoddi4.o)
                0x00000000080002b0                __udivmoddi4
 .text          0x0000000008000580        0x4 c:/st/stm32cubeide_1.5.1/stm32cubeide/plugins/com.st.stm32cube.ide.mcu.externaltools.gnu-tools-for-stm32.10.3-2021.10.win32_1.0.0.202111181127/tools/bin/../lib/gcc/arm-none-eabi/10.3.1/thumb/v7e-m/nofp\libgcc.a(_dvmd_tls.o)
                0x0000000008000580                __aeabi_idiv0
                0x0000000008000580                __aeabi_ldiv0
 *(.text*)
 .text.MX_FATFS_Init
                0x0000000008000584       0x24 ./Core/SD_Card/FATFS/App/fatfs.o
                0x0000000008000584                MX_FATFS_Init
 .text.get_fattime
                0x00000000080005a8        0xe ./Core/SD_Card/FATFS/App/fatfs.o
                0x00000000080005a8                get_fattime
 *fill*         0x00000000080005b6        0x2 
 .text.USER_initialize
                0x00000000080005b8       0x28 ./Core/SD_Card/FATFS/Target/user_diskio.o
                0x00000000080005b8                USER_initialize
 .text.USER_status
                0x00000000080005e0       0x28 ./Core/SD_Card/FATFS/Target/user_diskio.o
                0x00000000080005e0                USER_status
 .text.USER_read
                0x0000000008000608       0x26 ./Core/SD_Card/FATFS/Target/user_diskio.o
                0x0000000008000608                USER_read
 .text.USER_write
                0x000000000800062e       0x26 ./Core/SD_Card/FATFS/Target/user_diskio.o
                0x000000000800062e                USER_write
 .text.USER_ioctl
                0x0000000008000654       0x2a ./Core/SD_Card/FATFS/Target/user_diskio.o
                0x0000000008000654                USER_ioctl
 *fill*         0x000000000800067e        0x2 
 .text.SPI_Timer_On
                0x0000000008000680       0x28 ./Core/SD_Card/FATFS/Target/user_diskio_spi.o
                0x0000000008000680                SPI_Timer_On
 .text.SPI_Timer_Status
                0x00000000080006a8       0x2c ./Core/SD_Card/FATFS/Target/user_diskio_spi.o
                0x00000000080006a8                SPI_Timer_Status
 .text.xchg_spi
                0x00000000080006d4       0x2c ./Core/SD_Card/FATFS/Target/user_diskio_spi.o
 .text.rcvr_spi_multi
                0x0000000008000700       0x38 ./Core/SD_Card/FATFS/Target/user_diskio_spi.o
 .text.xmit_spi_multi
                0x0000000008000738       0x36 ./Core/SD_Card/FATFS/Target/user_diskio_spi.o
 .text.wait_ready
                0x000000000800076e       0x46 ./Core/SD_Card/FATFS/Target/user_diskio_spi.o
 .text.despiselect
                0x00000000080007b4       0x1c ./Core/SD_Card/FATFS/Target/user_diskio_spi.o
 .text.spiselect
                0x00000000080007d0       0x34 ./Core/SD_Card/FATFS/Target/user_diskio_spi.o
 .text.rcvr_datablock
                0x0000000008000804       0x52 ./Core/SD_Card/FATFS/Target/user_diskio_spi.o
 .text.xmit_datablock
                0x0000000008000856       0x64 ./Core/SD_Card/FATFS/Target/user_diskio_spi.o
 .text.send_cmd
                0x00000000080008ba       0xde ./Core/SD_Card/FATFS/Target/user_diskio_spi.o
 .text.USER_SPI_initialize
                0x0000000008000998      0x1d8 ./Core/SD_Card/FATFS/Target/user_diskio_spi.o
                0x0000000008000998                USER_SPI_initialize
 .text.USER_SPI_status
                0x0000000008000b70       0x28 ./Core/SD_Card/FATFS/Target/user_diskio_spi.o
                0x0000000008000b70                USER_SPI_status
 .text.USER_SPI_read
                0x0000000008000b98       0xcc ./Core/SD_Card/FATFS/Target/user_diskio_spi.o
                0x0000000008000b98                USER_SPI_read
 .text.USER_SPI_write
                0x0000000008000c64       0xf8 ./Core/SD_Card/FATFS/Target/user_diskio_spi.o
                0x0000000008000c64                USER_SPI_write
 .text.USER_SPI_ioctl
                0x0000000008000d5c      0x2e0 ./Core/SD_Card/FATFS/Target/user_diskio_spi.o
                0x0000000008000d5c                USER_SPI_ioctl
 .text.disk_status
                0x000000000800103c       0x34 ./Core/SD_Card/Middlewares/Third_Party/FatFs/src/diskio.o
                0x000000000800103c                disk_status
 .text.disk_initialize
                0x0000000008001070       0x4c ./Core/SD_Card/Middlewares/Third_Party/FatFs/src/diskio.o
                0x0000000008001070                disk_initialize
 .text.disk_read
                0x00000000080010bc       0x40 ./Core/SD_Card/Middlewares/Third_Party/FatFs/src/diskio.o
                0x00000000080010bc                disk_read
 .text.disk_write
                0x00000000080010fc       0x40 ./Core/SD_Card/Middlewares/Third_Party/FatFs/src/diskio.o
                0x00000000080010fc                disk_write
 .text.disk_ioctl
                0x000000000800113c       0x3c ./Core/SD_Card/Middlewares/Third_Party/FatFs/src/diskio.o
                0x000000000800113c                disk_ioctl
 .text.ld_word  0x0000000008001178       0x2e ./Core/SD_Card/Middlewares/Third_Party/FatFs/src/ff.o
 .text.ld_dword
                0x00000000080011a6       0x44 ./Core/SD_Card/Middlewares/Third_Party/FatFs/src/ff.o
 .text.st_word  0x00000000080011ea       0x34 ./Core/SD_Card/Middlewares/Third_Party/FatFs/src/ff.o
 .text.st_dword
                0x000000000800121e       0x56 ./Core/SD_Card/Middlewares/Third_Party/FatFs/src/ff.o
 .text.mem_cpy  0x0000000008001274       0x40 ./Core/SD_Card/Middlewares/Third_Party/FatFs/src/ff.o
 .text.mem_set  0x00000000080012b4       0x34 ./Core/SD_Card/Middlewares/Third_Party/FatFs/src/ff.o
 .text.mem_cmp  0x00000000080012e8       0x4c ./Core/SD_Card/Middlewares/Third_Party/FatFs/src/ff.o
 .text.chk_chr  0x0000000008001334       0x34 ./Core/SD_Card/Middlewares/Third_Party/FatFs/src/ff.o
 .text.chk_lock
                0x0000000008001368       0xb4 ./Core/SD_Card/Middlewares/Third_Party/FatFs/src/ff.o
 .text.enq_lock
                0x000000000800141c       0x40 ./Core/SD_Card/Middlewares/Third_Party/FatFs/src/ff.o
 .text.inc_lock
                0x000000000800145c      0x11c ./Core/SD_Card/Middlewares/Third_Party/FatFs/src/ff.o
 .text.dec_lock
                0x0000000008001578       0x74 ./Core/SD_Card/Middlewares/Third_Party/FatFs/src/ff.o
 .text.clear_lock
                0x00000000080015ec       0x48 ./Core/SD_Card/Middlewares/Third_Party/FatFs/src/ff.o
 .text.sync_window
                0x0000000008001634       0x88 ./Core/SD_Card/Middlewares/Third_Party/FatFs/src/ff.o
 .text.move_window
                0x00000000080016bc       0x5a ./Core/SD_Card/Middlewares/Third_Party/FatFs/src/ff.o
 *fill*         0x0000000008001716        0x2 
 .text.sync_fs  0x0000000008001718       0xdc ./Core/SD_Card/Middlewares/Third_Party/FatFs/src/ff.o
 .text.clust2sect
                0x00000000080017f4       0x3c ./Core/SD_Card/Middlewares/Third_Party/FatFs/src/ff.o
 .text.get_fat  0x0000000008001830      0x150 ./Core/SD_Card/Middlewares/Third_Party/FatFs/src/ff.o
 .text.put_fat  0x0000000008001980      0x1d8 ./Core/SD_Card/Middlewares/Third_Party/FatFs/src/ff.o
 .text.remove_chain
                0x0000000008001b58       0xca ./Core/SD_Card/Middlewares/Third_Party/FatFs/src/ff.o
 .text.create_chain
                0x0000000008001c22      0x130 ./Core/SD_Card/Middlewares/Third_Party/FatFs/src/ff.o
 .text.clmt_clust
                0x0000000008001d52       0x66 ./Core/SD_Card/Middlewares/Third_Party/FatFs/src/ff.o
 .text.dir_sdi  0x0000000008001db8       0xf6 ./Core/SD_Card/Middlewares/Third_Party/FatFs/src/ff.o
 .text.dir_next
                0x0000000008001eae      0x18a ./Core/SD_Card/Middlewares/Third_Party/FatFs/src/ff.o
 .text.dir_alloc
                0x0000000008002038       0x8e ./Core/SD_Card/Middlewares/Third_Party/FatFs/src/ff.o
 .text.ld_clust
                0x00000000080020c6       0x3e ./Core/SD_Card/Middlewares/Third_Party/FatFs/src/ff.o
 .text.st_clust
                0x0000000008002104       0x40 ./Core/SD_Card/Middlewares/Third_Party/FatFs/src/ff.o
 .text.dir_find
                0x0000000008002144       0xaa ./Core/SD_Card/Middlewares/Third_Party/FatFs/src/ff.o
 .text.dir_register
                0x00000000080021ee       0x64 ./Core/SD_Card/Middlewares/Third_Party/FatFs/src/ff.o
 *fill*         0x0000000008002252        0x2 
 .text.create_name
                0x0000000008002254      0x128 ./Core/SD_Card/Middlewares/Third_Party/FatFs/src/ff.o
 .text.follow_path
                0x000000000800237c       0xe2 ./Core/SD_Card/Middlewares/Third_Party/FatFs/src/ff.o
 .text.get_ldnumber
                0x000000000800245e       0x86 ./Core/SD_Card/Middlewares/Third_Party/FatFs/src/ff.o
 .text.check_fs
                0x00000000080024e4       0xac ./Core/SD_Card/Middlewares/Third_Party/FatFs/src/ff.o
 .text.find_volume
                0x0000000008002590      0x498 ./Core/SD_Card/Middlewares/Third_Party/FatFs/src/ff.o
 .text.validate
                0x0000000008002a28       0x6a ./Core/SD_Card/Middlewares/Third_Party/FatFs/src/ff.o
 *fill*         0x0000000008002a92        0x2 
 .text.f_mount  0x0000000008002a94       0x8c ./Core/SD_Card/Middlewares/Third_Party/FatFs/src/ff.o
                0x0000000008002a94                f_mount
 .text.f_open   0x0000000008002b20      0x37c ./Core/SD_Card/Middlewares/Third_Party/FatFs/src/ff.o
                0x0000000008002b20                f_open
 .text.f_read   0x0000000008002e9c      0x27e ./Core/SD_Card/Middlewares/Third_Party/FatFs/src/ff.o
                0x0000000008002e9c                f_read
 .text.f_write  0x000000000800311a      0x2ea ./Core/SD_Card/Middlewares/Third_Party/FatFs/src/ff.o
                0x000000000800311a                f_write
 .text.f_sync   0x0000000008003404       0xfc ./Core/SD_Card/Middlewares/Third_Party/FatFs/src/ff.o
                0x0000000008003404                f_sync
 .text.f_close  0x0000000008003500       0x54 ./Core/SD_Card/Middlewares/Third_Party/FatFs/src/ff.o
                0x0000000008003500                f_close
 .text.f_getfree
                0x0000000008003554      0x16a ./Core/SD_Card/Middlewares/Third_Party/FatFs/src/ff.o
                0x0000000008003554                f_getfree
 .text.f_gets   0x00000000080036be       0x7a ./Core/SD_Card/Middlewares/Third_Party/FatFs/src/ff.o
                0x00000000080036be                f_gets
 .text.putc_bfd
                0x0000000008003738       0x7a ./Core/SD_Card/Middlewares/Third_Party/FatFs/src/ff.o
 .text.putc_flush
                0x00000000080037b2       0x4a ./Core/SD_Card/Middlewares/Third_Party/FatFs/src/ff.o
 .text.putc_init
                0x00000000080037fc       0x28 ./Core/SD_Card/Middlewares/Third_Party/FatFs/src/ff.o
 .text.f_putc   0x0000000008003824       0x3a ./Core/SD_Card/Middlewares/Third_Party/FatFs/src/ff.o
                0x0000000008003824                f_putc
 .text.f_puts   0x000000000800385e       0x48 ./Core/SD_Card/Middlewares/Third_Party/FatFs/src/ff.o
                0x000000000800385e                f_puts
 *fill*         0x00000000080038a6        0x2 
 .text.FATFS_LinkDriverEx
                0x00000000080038a8       0x94 ./Core/SD_Card/Middlewares/Third_Party/FatFs/src/ff_gen_drv.o
                0x00000000080038a8                FATFS_LinkDriverEx
 .text.FATFS_LinkDriver
                0x000000000800393c       0x1e ./Core/SD_Card/Middlewares/Third_Party/FatFs/src/ff_gen_drv.o
                0x000000000800393c                FATFS_LinkDriver
 .text.ST7565_Select
                0x000000000800395a       0x14 ./Core/ST7565/ST7565.o
 .text.ST7565_Unselect
                0x000000000800396e       0x14 ./Core/ST7565/ST7565.o
 .text.ST7565_Reset
                0x0000000008003982       0x2c ./Core/ST7565/ST7565.o
 *fill*         0x00000000080039ae        0x2 
 .text.ST7565_w_dat
                0x00000000080039b0       0x34 ./Core/ST7565/ST7565.o
 .text.ST7565_w_cmd
                0x00000000080039e4       0x4c ./Core/ST7565/ST7565.o
 .text.ST7565_Display_fill
                0x0000000008003a30       0x6c ./Core/ST7565/ST7565.o
                0x0000000008003a30                ST7565_Display_fill
 .text.ST7565_Init
                0x0000000008003a9c       0x80 ./Core/ST7565/ST7565.o
                0x0000000008003a9c                ST7565_Init
 .text.ST7565_Clear_buffer
                0x0000000008003b1c       0x18 ./Core/ST7565/ST7565.o
                0x0000000008003b1c                ST7565_Clear_buffer
 .text.ST7565_Clear
                0x0000000008003b34       0x5e ./Core/ST7565/ST7565.o
                0x0000000008003b34                ST7565_Clear
 *fill*         0x0000000008003b92        0x2 
 .text.ST7565_Draw_pixel
                0x0000000008003b94       0xc8 ./Core/ST7565/ST7565.o
                0x0000000008003b94                ST7565_Draw_pixel
 .text.ST7565_Update
                0x0000000008003c5c       0x78 ./Core/ST7565/ST7565.o
                0x0000000008003c5c                ST7565_Update
 .text.ST7565_DisplayOnOff
                0x0000000008003cd4       0x2e ./Core/ST7565/ST7565.o
                0x0000000008003cd4                ST7565_DisplayOnOff
 .text.ST7565_DrawBitmap
                0x0000000008003d02       0xd4 ./Core/ST7565/ST7565.o
                0x0000000008003d02                ST7565_DrawBitmap
 .text.ST7565_DrawChar
                0x0000000008003dd6      0x2e4 ./Core/ST7565/ST7565.o
                0x0000000008003dd6                ST7565_DrawChar
 .text.ST7565_Print
                0x00000000080040ba      0x176 ./Core/ST7565/ST7565.o
                0x00000000080040ba                ST7565_Print
 .text.GasSensor_Init
                0x0000000008004230       0xf4 ./Core/Src/CCS811_GasSensor.o
                0x0000000008004230                GasSensor_Init
 .text.GasSensor_Read
                0x0000000008004324       0xe8 ./Core/Src/CCS811_GasSensor.o
                0x0000000008004324                GasSensor_Read
 .text.SystemClock_Config
                0x000000000800440c       0xa8 ./Core/Src/Clock_Control.o
                0x000000000800440c                SystemClock_Config
 .text.MX_GPIO_Init
                0x00000000080044b4      0x124 ./Core/Src/GPIO_Control.o
                0x00000000080044b4                MX_GPIO_Init
 .text.LCD_ST7565_Init
                0x00000000080045d8       0x48 ./Core/Src/LCD_ST7565_Control.o
                0x00000000080045d8                LCD_ST7565_Init
 .text.LCD_ST7565_Update
                0x0000000008004620      0x588 ./Core/Src/LCD_ST7565_Control.o
                0x0000000008004620                LCD_ST7565_Update
 .text.GrowTent_Mode
                0x0000000008004ba8       0x38 ./Core/Src/Monitor_GrowTent.o
                0x0000000008004ba8                GrowTent_Mode
 .text.PowerControl_Init
                0x0000000008004be0       0x94 ./Core/Src/Power_Control.o
                0x0000000008004be0                PowerControl_Init
 .text.Power_Control_SetRelay
                0x0000000008004c74       0x2c ./Core/Src/Power_Control.o
                0x0000000008004c74                Power_Control_SetRelay
 .text.RTC_Setup
                0x0000000008004ca0       0x64 ./Core/Src/RTC_Control.o
                0x0000000008004ca0                RTC_Setup
 .text.RTC_SetDate
                0x0000000008004d04       0x48 ./Core/Src/RTC_Control.o
 .text.RTC_SetTime
                0x0000000008004d4c       0x40 ./Core/Src/RTC_Control.o
 .text.RTC_GetTimeDate
                0x0000000008004d8c       0xd4 ./Core/Src/RTC_Control.o
                0x0000000008004d8c                RTC_GetTimeDate
 .text.RTC_SetAlarm
                0x0000000008004e60       0x94 ./Core/Src/RTC_Control.o
 .text.RTC_GetBackupTimeDate
                0x0000000008004ef4       0xb4 ./Core/Src/RTC_Control.o
 .text.RTC_ConvertToInteger
                0x0000000008004fa8       0xfc ./Core/Src/RTC_Control.o
 .text.HAL_RTC_AlarmAEventCallback
                0x00000000080050a4       0x4c ./Core/Src/RTC_Control.o
                0x00000000080050a4                HAL_RTC_AlarmAEventCallback
 .text.myprintf
                0x00000000080050f0       0x4c ./Core/Src/SD_Card_Control.o
 .text.SD_Control_Init
                0x000000000800513c      0x258 ./Core/Src/SD_Card_Control.o
                0x000000000800513c                SD_Control_Init
 .text.SD_Control_Write
                0x0000000008005394      0x354 ./Core/Src/SD_Card_Control.o
                0x0000000008005394                SD_Control_Write
 .text.TempHumid_Init
                0x00000000080056e8       0xa8 ./Core/Src/TempHumidity_Control.o
                0x00000000080056e8                TempHumid_Init
 .text.TempHumid_Read
                0x0000000008005790      0x180 ./Core/Src/TempHumidity_Control.o
                0x0000000008005790                TempHumid_Read
 .text.tempHumid_StartDataReadSequence
                0x0000000008005910       0x94 ./Core/Src/TempHumidity_Control.o
 .text.tempHumidity_ConvertRawData
                0x00000000080059a4      0x12c ./Core/Src/TempHumidity_Control.o
 .text.tempHumid_ConvertDataToIntegers
                0x0000000008005ad0      0x1a8 ./Core/Src/TempHumidity_Control.o
 .text.tempHumidity_CheckSum_Validate
                0x0000000008005c78       0xb0 ./Core/Src/TempHumidity_Control.o
 .text.tempHumidity_Average
                0x0000000008005d28       0x6c ./Core/Src/TempHumidity_Control.o
 .text.tempHumidity_Timer_Start
                0x0000000008005d94       0xc0 ./Core/Src/TempHumidity_Timer2_Control.o
                0x0000000008005d94                tempHumidity_Timer_Start
 .text.tempHumidity_Timer_Read_Setup
                0x0000000008005e54       0x9c ./Core/Src/TempHumidity_Timer2_Control.o
 .text.tempHumidity_EndTimers
                0x0000000008005ef0       0x44 ./Core/Src/TempHumidity_Timer2_Control.o
                0x0000000008005ef0                tempHumidity_EndTimers
 .text.HAL_TIM_OC_DelayElapsedCallback
                0x0000000008005f34       0x3c ./Core/Src/TempHumidity_Timer2_Control.o
                0x0000000008005f34                HAL_TIM_OC_DelayElapsedCallback
 .text.HAL_TIM_IC_CaptureCallback
                0x0000000008005f70       0xac ./Core/Src/TempHumidity_Timer2_Control.o
                0x0000000008005f70                HAL_TIM_IC_CaptureCallback
 .text.MX_USART2_UART_Init
                0x000000000800601c       0x60 ./Core/Src/UART_Control.o
                0x000000000800601c                MX_USART2_UART_Init
 .text.main     0x000000000800607c       0xdc ./Core/Src/main.o
                0x000000000800607c                main
 .text.update_Sensors
                0x0000000008006158       0x2c ./Core/Src/main.o
 .text.I2C_Setup
                0x0000000008006184       0x48 ./Core/Src/main.o
 .text.SPI_Setup
                0x00000000080061cc       0x7c ./Core/Src/main.o
 .text.Error_Handler
                0x0000000008006248        0xa ./Core/Src/main.o
                0x0000000008006248                Error_Handler
 *fill*         0x0000000008006252        0x2 
 .text.HAL_MspInit
                0x0000000008006254       0x44 ./Core/Src/stm32l4xx_hal_msp.o
                0x0000000008006254                HAL_MspInit
 .text.HAL_UART_MspInit
                0x0000000008006298       0xd4 ./Core/Src/stm32l4xx_hal_msp.o
                0x0000000008006298                HAL_UART_MspInit
 .text.HAL_TIM_OC_MspInit
                0x000000000800636c       0x88 ./Core/Src/stm32l4xx_hal_msp.o
                0x000000000800636c                HAL_TIM_OC_MspInit
 .text.HAL_TIM_OC_MspDeInit
                0x00000000080063f4       0x28 ./Core/Src/stm32l4xx_hal_msp.o
                0x00000000080063f4                HAL_TIM_OC_MspDeInit
 .text.HAL_TIM_IC_MspInit
                0x000000000800641c       0x88 ./Core/Src/stm32l4xx_hal_msp.o
                0x000000000800641c                HAL_TIM_IC_MspInit
 .text.HAL_TIM_IC_MspDeInit
                0x00000000080064a4       0x28 ./Core/Src/stm32l4xx_hal_msp.o
                0x00000000080064a4                HAL_TIM_IC_MspDeInit
 .text.HAL_RTC_MspInit
                0x00000000080064cc       0x5c ./Core/Src/stm32l4xx_hal_msp.o
                0x00000000080064cc                HAL_RTC_MspInit
 .text.HAL_I2C_MspInit
                0x0000000008006528       0x84 ./Core/Src/stm32l4xx_hal_msp.o
                0x0000000008006528                HAL_I2C_MspInit
 .text.HAL_SPI_MspInit
                0x00000000080065ac       0x50 ./Core/Src/stm32l4xx_hal_msp.o
                0x00000000080065ac                HAL_SPI_MspInit
 .text.NMI_Handler
                0x00000000080065fc        0x6 ./Core/Src/stm32l4xx_it.o
                0x00000000080065fc                NMI_Handler
 .text.HardFault_Handler
                0x0000000008006602        0x6 ./Core/Src/stm32l4xx_it.o
                0x0000000008006602                HardFault_Handler
 .text.MemManage_Handler
                0x0000000008006608        0x6 ./Core/Src/stm32l4xx_it.o
                0x0000000008006608                MemManage_Handler
 .text.BusFault_Handler
                0x000000000800660e        0x6 ./Core/Src/stm32l4xx_it.o
                0x000000000800660e                BusFault_Handler
 .text.UsageFault_Handler
                0x0000000008006614        0x6 ./Core/Src/stm32l4xx_it.o
                0x0000000008006614                UsageFault_Handler
 .text.SVC_Handler
                0x000000000800661a        0xc ./Core/Src/stm32l4xx_it.o
                0x000000000800661a                SVC_Handler
 .text.DebugMon_Handler
                0x0000000008006626        0xc ./Core/Src/stm32l4xx_it.o
                0x0000000008006626                DebugMon_Handler
 .text.PendSV_Handler
                0x0000000008006632        0xc ./Core/Src/stm32l4xx_it.o
                0x0000000008006632                PendSV_Handler
 *fill*         0x000000000800663e        0x2 
 .text.SysTick_Handler
                0x0000000008006640       0xa0 ./Core/Src/stm32l4xx_it.o
                0x0000000008006640                SysTick_Handler
 .text.TIM6_DAC_IRQHandler
                0x00000000080066e0        0xc ./Core/Src/stm32l4xx_it.o
                0x00000000080066e0                TIM6_DAC_IRQHandler
 .text.TIM2_IRQHandler
                0x00000000080066ec       0x1c ./Core/Src/stm32l4xx_it.o
                0x00000000080066ec                TIM2_IRQHandler
 .text.RTC_Alarm_IRQHandler
                0x0000000008006708       0x14 ./Core/Src/stm32l4xx_it.o
                0x0000000008006708                RTC_Alarm_IRQHandler
 .text._sbrk    0x000000000800671c       0x6c ./Core/Src/sysmem.o
                0x000000000800671c                _sbrk
 .text.SystemInit
                0x0000000008006788        0xc ./Core/Src/system_stm32l4xx.o
                0x0000000008006788                SystemInit
 .text.Reset_Handler
                0x0000000008006794       0x50 ./Core/Startup/startup_stm32l432kcux.o
                0x0000000008006794                Reset_Handler
 .text.Default_Handler
                0x00000000080067e4        0x2 ./Core/Startup/startup_stm32l432kcux.o
                0x00000000080067e4                EXTI2_IRQHandler
                0x00000000080067e4                TIM1_CC_IRQHandler
                0x00000000080067e4                TSC_IRQHandler
                0x00000000080067e4                TAMP_STAMP_IRQHandler
                0x00000000080067e4                EXTI3_IRQHandler
                0x00000000080067e4                LPTIM2_IRQHandler
                0x00000000080067e4                I2C3_ER_IRQHandler
                0x00000000080067e4                EXTI0_IRQHandler
                0x00000000080067e4                CAN1_RX0_IRQHandler
                0x00000000080067e4                FPU_IRQHandler
                0x00000000080067e4                TIM1_UP_TIM16_IRQHandler
                0x00000000080067e4                SPI1_IRQHandler
                0x00000000080067e4                DMA2_Channel2_IRQHandler
                0x00000000080067e4                DMA1_Channel4_IRQHandler
                0x00000000080067e4                ADC1_IRQHandler
                0x00000000080067e4                DMA1_Channel7_IRQHandler
                0x00000000080067e4                CAN1_RX1_IRQHandler
                0x00000000080067e4                DMA2_Channel1_IRQHandler
                0x00000000080067e4                QUADSPI_IRQHandler
                0x00000000080067e4                I2C1_EV_IRQHandler
                0x00000000080067e4                DMA1_Channel6_IRQHandler
                0x00000000080067e4                DMA2_Channel4_IRQHandler
                0x00000000080067e4                RCC_IRQHandler
                0x00000000080067e4                TIM1_TRG_COM_IRQHandler
                0x00000000080067e4                DMA1_Channel1_IRQHandler
                0x00000000080067e4                Default_Handler
                0x00000000080067e4                DMA2_Channel7_IRQHandler
                0x00000000080067e4                EXTI15_10_IRQHandler
                0x00000000080067e4                TIM7_IRQHandler
                0x00000000080067e4                I2C3_EV_IRQHandler
                0x00000000080067e4                USB_IRQHandler
                0x00000000080067e4                EXTI9_5_IRQHandler
                0x00000000080067e4                RTC_WKUP_IRQHandler
                0x00000000080067e4                PVD_PVM_IRQHandler
                0x00000000080067e4                CAN1_TX_IRQHandler
                0x00000000080067e4                DMA2_Channel5_IRQHandler
                0x00000000080067e4                CRS_IRQHandler
                0x00000000080067e4                DMA1_Channel5_IRQHandler
                0x00000000080067e4                EXTI4_IRQHandler
                0x00000000080067e4                RNG_IRQHandler
                0x00000000080067e4                DMA1_Channel3_IRQHandler
                0x00000000080067e4                COMP_IRQHandler
                0x00000000080067e4                WWDG_IRQHandler
                0x00000000080067e4                LPUART1_IRQHandler
                0x00000000080067e4                DMA2_Channel6_IRQHandler
                0x00000000080067e4                EXTI1_IRQHandler
                0x00000000080067e4                USART2_IRQHandler
                0x00000000080067e4                DMA1_Channel2_IRQHandler
                0x00000000080067e4                CAN1_SCE_IRQHandler
                0x00000000080067e4                FLASH_IRQHandler
                0x00000000080067e4                USART1_IRQHandler
                0x00000000080067e4                SPI3_IRQHandler
                0x00000000080067e4                I2C1_ER_IRQHandler
                0x00000000080067e4                SWPMI1_IRQHandler
                0x00000000080067e4                LPTIM1_IRQHandler
                0x00000000080067e4                SAI1_IRQHandler
                0x00000000080067e4                DMA2_Channel3_IRQHandler
                0x00000000080067e4                TIM1_BRK_TIM15_IRQHandler
 .text.HAL_Init
                0x00000000080067e6       0x30 ./Drivers/STM32L4xx_HAL_Driver/Src/stm32l4xx_hal.o
                0x00000000080067e6                HAL_Init
 *fill*         0x0000000008006816        0x2 
 .text.HAL_InitTick
                0x0000000008006818       0x78 ./Drivers/STM32L4xx_HAL_Driver/Src/stm32l4xx_hal.o
                0x0000000008006818                HAL_InitTick
 .text.HAL_IncTick
                0x0000000008006890       0x24 ./Drivers/STM32L4xx_HAL_Driver/Src/stm32l4xx_hal.o
                0x0000000008006890                HAL_IncTick
 .text.HAL_GetTick
                0x00000000080068b4       0x14 ./Drivers/STM32L4xx_HAL_Driver/Src/stm32l4xx_hal.o
                0x00000000080068b4                HAL_GetTick
 .text.HAL_Delay
                0x00000000080068c8       0x48 ./Drivers/STM32L4xx_HAL_Driver/Src/stm32l4xx_hal.o
                0x00000000080068c8                HAL_Delay
 .text.__NVIC_SetPriorityGrouping
                0x0000000008006910       0x48 ./Drivers/STM32L4xx_HAL_Driver/Src/stm32l4xx_hal_cortex.o
 .text.__NVIC_GetPriorityGrouping
                0x0000000008006958       0x1c ./Drivers/STM32L4xx_HAL_Driver/Src/stm32l4xx_hal_cortex.o
 .text.__NVIC_EnableIRQ
                0x0000000008006974       0x38 ./Drivers/STM32L4xx_HAL_Driver/Src/stm32l4xx_hal_cortex.o
 .text.__NVIC_DisableIRQ
                0x00000000080069ac       0x48 ./Drivers/STM32L4xx_HAL_Driver/Src/stm32l4xx_hal_cortex.o
 .text.__NVIC_SetPriority
                0x00000000080069f4       0x54 ./Drivers/STM32L4xx_HAL_Driver/Src/stm32l4xx_hal_cortex.o
 .text.NVIC_EncodePriority
                0x0000000008006a48       0x64 ./Drivers/STM32L4xx_HAL_Driver/Src/stm32l4xx_hal_cortex.o
 .text.SysTick_Config
                0x0000000008006aac       0x44 ./Drivers/STM32L4xx_HAL_Driver/Src/stm32l4xx_hal_cortex.o
 .text.HAL_NVIC_SetPriorityGrouping
                0x0000000008006af0       0x16 ./Drivers/STM32L4xx_HAL_Driver/Src/stm32l4xx_hal_cortex.o
                0x0000000008006af0                HAL_NVIC_SetPriorityGrouping
 .text.HAL_NVIC_SetPriority
                0x0000000008006b06       0x38 ./Drivers/STM32L4xx_HAL_Driver/Src/stm32l4xx_hal_cortex.o
                0x0000000008006b06                HAL_NVIC_SetPriority
 .text.HAL_NVIC_EnableIRQ
                0x0000000008006b3e       0x1c ./Drivers/STM32L4xx_HAL_Driver/Src/stm32l4xx_hal_cortex.o
                0x0000000008006b3e                HAL_NVIC_EnableIRQ
 .text.HAL_NVIC_DisableIRQ
                0x0000000008006b5a       0x1c ./Drivers/STM32L4xx_HAL_Driver/Src/stm32l4xx_hal_cortex.o
                0x0000000008006b5a                HAL_NVIC_DisableIRQ
 .text.HAL_SYSTICK_Config
                0x0000000008006b76       0x18 ./Drivers/STM32L4xx_HAL_Driver/Src/stm32l4xx_hal_cortex.o
                0x0000000008006b76                HAL_SYSTICK_Config
 *fill*         0x0000000008006b8e        0x2 
 .text.HAL_GPIO_Init
                0x0000000008006b90      0x2d4 ./Drivers/STM32L4xx_HAL_Driver/Src/stm32l4xx_hal_gpio.o
                0x0000000008006b90                HAL_GPIO_Init
 .text.HAL_GPIO_WritePin
                0x0000000008006e64       0x2e ./Drivers/STM32L4xx_HAL_Driver/Src/stm32l4xx_hal_gpio.o
                0x0000000008006e64                HAL_GPIO_WritePin
 .text.HAL_GPIO_TogglePin
                0x0000000008006e92       0x32 ./Drivers/STM32L4xx_HAL_Driver/Src/stm32l4xx_hal_gpio.o
                0x0000000008006e92                HAL_GPIO_TogglePin
 .text.HAL_I2C_Init
                0x0000000008006ec4      0x11e ./Drivers/STM32L4xx_HAL_Driver/Src/stm32l4xx_hal_i2c.o
                0x0000000008006ec4                HAL_I2C_Init
 *fill*         0x0000000008006fe2        0x2 
 .text.HAL_I2C_Master_Transmit
                0x0000000008006fe4      0x1e8 ./Drivers/STM32L4xx_HAL_Driver/Src/stm32l4xx_hal_i2c.o
                0x0000000008006fe4                HAL_I2C_Master_Transmit
 .text.HAL_I2C_Master_Receive
                0x00000000080071cc      0x1ec ./Drivers/STM32L4xx_HAL_Driver/Src/stm32l4xx_hal_i2c.o
                0x00000000080071cc                HAL_I2C_Master_Receive
 .text.HAL_I2C_Mem_Write
                0x00000000080073b8      0x228 ./Drivers/STM32L4xx_HAL_Driver/Src/stm32l4xx_hal_i2c.o
                0x00000000080073b8                HAL_I2C_Mem_Write
 .text.HAL_I2C_Mem_Read
                0x00000000080075e0      0x234 ./Drivers/STM32L4xx_HAL_Driver/Src/stm32l4xx_hal_i2c.o
                0x00000000080075e0                HAL_I2C_Mem_Read
 .text.HAL_I2C_IsDeviceReady
                0x0000000008007814      0x20e ./Drivers/STM32L4xx_HAL_Driver/Src/stm32l4xx_hal_i2c.o
                0x0000000008007814                HAL_I2C_IsDeviceReady
 *fill*         0x0000000008007a22        0x2 
 .text.I2C_RequestMemoryWrite
                0x0000000008007a24       0xa8 ./Drivers/STM32L4xx_HAL_Driver/Src/stm32l4xx_hal_i2c.o
 .text.I2C_RequestMemoryRead
                0x0000000008007acc       0xa8 ./Drivers/STM32L4xx_HAL_Driver/Src/stm32l4xx_hal_i2c.o
 .text.I2C_Flush_TXDR
                0x0000000008007b74       0x46 ./Drivers/STM32L4xx_HAL_Driver/Src/stm32l4xx_hal_i2c.o
 .text.I2C_WaitOnFlagUntilTimeout
                0x0000000008007bba       0x80 ./Drivers/STM32L4xx_HAL_Driver/Src/stm32l4xx_hal_i2c.o
 .text.I2C_WaitOnTXISFlagUntilTimeout
                0x0000000008007c3a       0x80 ./Drivers/STM32L4xx_HAL_Driver/Src/stm32l4xx_hal_i2c.o
 .text.I2C_WaitOnSTOPFlagUntilTimeout
                0x0000000008007cba       0x78 ./Drivers/STM32L4xx_HAL_Driver/Src/stm32l4xx_hal_i2c.o
 *fill*         0x0000000008007d32        0x2 
 .text.I2C_WaitOnRXNEFlagUntilTimeout
                0x0000000008007d34       0xf4 ./Drivers/STM32L4xx_HAL_Driver/Src/stm32l4xx_hal_i2c.o
 .text.I2C_IsErrorOccurred
                0x0000000008007e28      0x1d8 ./Drivers/STM32L4xx_HAL_Driver/Src/stm32l4xx_hal_i2c.o
 .text.I2C_TransferConfig
                0x0000000008008000       0x60 ./Drivers/STM32L4xx_HAL_Driver/Src/stm32l4xx_hal_i2c.o
 .text.HAL_PWR_EnableBkUpAccess
                0x0000000008008060       0x1c ./Drivers/STM32L4xx_HAL_Driver/Src/stm32l4xx_hal_pwr.o
                0x0000000008008060                HAL_PWR_EnableBkUpAccess
 .text.HAL_PWREx_GetVoltageRange
                0x000000000800807c       0x18 ./Drivers/STM32L4xx_HAL_Driver/Src/stm32l4xx_hal_pwr_ex.o
                0x000000000800807c                HAL_PWREx_GetVoltageRange
 .text.HAL_PWREx_ControlVoltageScaling
                0x0000000008008094       0xa8 ./Drivers/STM32L4xx_HAL_Driver/Src/stm32l4xx_hal_pwr_ex.o
                0x0000000008008094                HAL_PWREx_ControlVoltageScaling
 .text.HAL_RCC_OscConfig
                0x000000000800813c      0x840 ./Drivers/STM32L4xx_HAL_Driver/Src/stm32l4xx_hal_rcc.o
                0x000000000800813c                HAL_RCC_OscConfig
 .text.HAL_RCC_ClockConfig
                0x000000000800897c      0x1c4 ./Drivers/STM32L4xx_HAL_Driver/Src/stm32l4xx_hal_rcc.o
                0x000000000800897c                HAL_RCC_ClockConfig
 .text.HAL_RCC_GetSysClockFreq
                0x0000000008008b40      0x114 ./Drivers/STM32L4xx_HAL_Driver/Src/stm32l4xx_hal_rcc.o
                0x0000000008008b40                HAL_RCC_GetSysClockFreq
 .text.HAL_RCC_GetHCLKFreq
                0x0000000008008c54       0x14 ./Drivers/STM32L4xx_HAL_Driver/Src/stm32l4xx_hal_rcc.o
                0x0000000008008c54                HAL_RCC_GetHCLKFreq
 .text.HAL_RCC_GetPCLK1Freq
                0x0000000008008c68       0x2c ./Drivers/STM32L4xx_HAL_Driver/Src/stm32l4xx_hal_rcc.o
                0x0000000008008c68                HAL_RCC_GetPCLK1Freq
 .text.HAL_RCC_GetPCLK2Freq
                0x0000000008008c94       0x2c ./Drivers/STM32L4xx_HAL_Driver/Src/stm32l4xx_hal_rcc.o
                0x0000000008008c94                HAL_RCC_GetPCLK2Freq
 .text.RCC_SetFlashLatencyFromMSIRange
                0x0000000008008cc0       0xc0 ./Drivers/STM32L4xx_HAL_Driver/Src/stm32l4xx_hal_rcc.o
 .text.HAL_RCCEx_PeriphCLKConfig
                0x0000000008008d80      0x3ec ./Drivers/STM32L4xx_HAL_Driver/Src/stm32l4xx_hal_rcc_ex.o
                0x0000000008008d80                HAL_RCCEx_PeriphCLKConfig
 .text.RCCEx_PLLSAI1_Config
                0x000000000800916c      0x1e4 ./Drivers/STM32L4xx_HAL_Driver/Src/stm32l4xx_hal_rcc_ex.o
 .text.HAL_RTC_Init
                0x0000000008009350       0xf6 ./Drivers/STM32L4xx_HAL_Driver/Src/stm32l4xx_hal_rtc.o
                0x0000000008009350                HAL_RTC_Init
 .text.HAL_RTC_SetTime
                0x0000000008009446      0x13a ./Drivers/STM32L4xx_HAL_Driver/Src/stm32l4xx_hal_rtc.o
                0x0000000008009446                HAL_RTC_SetTime
 .text.HAL_RTC_GetTime
                0x0000000008009580       0xb8 ./Drivers/STM32L4xx_HAL_Driver/Src/stm32l4xx_hal_rtc.o
                0x0000000008009580                HAL_RTC_GetTime
 .text.HAL_RTC_SetDate
                0x0000000008009638      0x10e ./Drivers/STM32L4xx_HAL_Driver/Src/stm32l4xx_hal_rtc.o
                0x0000000008009638                HAL_RTC_SetDate
 .text.HAL_RTC_GetDate
                0x0000000008009746       0x9a ./Drivers/STM32L4xx_HAL_Driver/Src/stm32l4xx_hal_rtc.o
                0x0000000008009746                HAL_RTC_GetDate
 .text.HAL_RTC_SetAlarm_IT
                0x00000000080097e0      0x278 ./Drivers/STM32L4xx_HAL_Driver/Src/stm32l4xx_hal_rtc.o
                0x00000000080097e0                HAL_RTC_SetAlarm_IT
 .text.HAL_RTC_AlarmIRQHandler
                0x0000000008009a58       0x8c ./Drivers/STM32L4xx_HAL_Driver/Src/stm32l4xx_hal_rtc.o
                0x0000000008009a58                HAL_RTC_AlarmIRQHandler
 .text.HAL_RTC_WaitForSynchro
                0x0000000008009ae4       0x4c ./Drivers/STM32L4xx_HAL_Driver/Src/stm32l4xx_hal_rtc.o
                0x0000000008009ae4                HAL_RTC_WaitForSynchro
 .text.RTC_EnterInitMode
                0x0000000008009b30       0x66 ./Drivers/STM32L4xx_HAL_Driver/Src/stm32l4xx_hal_rtc.o
                0x0000000008009b30                RTC_EnterInitMode
 *fill*         0x0000000008009b96        0x2 
 .text.RTC_ExitInitMode
                0x0000000008009b98       0x7c ./Drivers/STM32L4xx_HAL_Driver/Src/stm32l4xx_hal_rtc.o
                0x0000000008009b98                RTC_ExitInitMode
 .text.RTC_ByteToBcd2
                0x0000000008009c14       0x3e ./Drivers/STM32L4xx_HAL_Driver/Src/stm32l4xx_hal_rtc.o
                0x0000000008009c14                RTC_ByteToBcd2
 .text.RTC_Bcd2ToByte
                0x0000000008009c52       0x32 ./Drivers/STM32L4xx_HAL_Driver/Src/stm32l4xx_hal_rtc.o
                0x0000000008009c52                RTC_Bcd2ToByte
 .text.HAL_RTCEx_AlarmBEventCallback
                0x0000000008009c84       0x12 ./Drivers/STM32L4xx_HAL_Driver/Src/stm32l4xx_hal_rtc_ex.o
                0x0000000008009c84                HAL_RTCEx_AlarmBEventCallback
 .text.HAL_SPI_Init
                0x0000000008009c96      0x146 ./Drivers/STM32L4xx_HAL_Driver/Src/stm32l4xx_hal_spi.o
                0x0000000008009c96                HAL_SPI_Init
 .text.HAL_SPI_Transmit
                0x0000000008009ddc      0x2dc ./Drivers/STM32L4xx_HAL_Driver/Src/stm32l4xx_hal_spi.o
                0x0000000008009ddc                HAL_SPI_Transmit
 .text.HAL_SPI_TransmitReceive
                0x000000000800a0b8      0x426 ./Drivers/STM32L4xx_HAL_Driver/Src/stm32l4xx_hal_spi.o
                0x000000000800a0b8                HAL_SPI_TransmitReceive
 .text.HAL_SPI_GetState
                0x000000000800a4de       0x1a ./Drivers/STM32L4xx_HAL_Driver/Src/stm32l4xx_hal_spi.o
                0x000000000800a4de                HAL_SPI_GetState
 .text.SPI_WaitFlagStateUntilTimeout
                0x000000000800a4f8      0x110 ./Drivers/STM32L4xx_HAL_Driver/Src/stm32l4xx_hal_spi.o
 .text.SPI_WaitFifoStateUntilTimeout
                0x000000000800a608      0x12c ./Drivers/STM32L4xx_HAL_Driver/Src/stm32l4xx_hal_spi.o
 .text.SPI_EndRxTxTransaction
                0x000000000800a734       0x8c ./Drivers/STM32L4xx_HAL_Driver/Src/stm32l4xx_hal_spi.o
 .text.HAL_TIM_OC_Init
                0x000000000800a7c0       0xae ./Drivers/STM32L4xx_HAL_Driver/Src/stm32l4xx_hal_tim.o
                0x000000000800a7c0                HAL_TIM_OC_Init
 .text.HAL_TIM_OC_DeInit
                0x000000000800a86e       0xb8 ./Drivers/STM32L4xx_HAL_Driver/Src/stm32l4xx_hal_tim.o
                0x000000000800a86e                HAL_TIM_OC_DeInit
 *fill*         0x000000000800a926        0x2 
 .text.HAL_TIM_OC_Start_IT
                0x000000000800a928      0x258 ./Drivers/STM32L4xx_HAL_Driver/Src/stm32l4xx_hal_tim.o
                0x000000000800a928                HAL_TIM_OC_Start_IT
 .text.HAL_TIM_IC_Init
                0x000000000800ab80       0xae ./Drivers/STM32L4xx_HAL_Driver/Src/stm32l4xx_hal_tim.o
                0x000000000800ab80                HAL_TIM_IC_Init
 .text.HAL_TIM_IC_DeInit
                0x000000000800ac2e       0xb8 ./Drivers/STM32L4xx_HAL_Driver/Src/stm32l4xx_hal_tim.o
                0x000000000800ac2e                HAL_TIM_IC_DeInit
 .text.HAL_TIM_IC_Stop
                0x000000000800ace6       0xe2 ./Drivers/STM32L4xx_HAL_Driver/Src/stm32l4xx_hal_tim.o
                0x000000000800ace6                HAL_TIM_IC_Stop
 .text.HAL_TIM_IC_Start_IT
                0x000000000800adc8      0x25c ./Drivers/STM32L4xx_HAL_Driver/Src/stm32l4xx_hal_tim.o
                0x000000000800adc8                HAL_TIM_IC_Start_IT
 .text.HAL_TIM_IRQHandler
                0x000000000800b024      0x23e ./Drivers/STM32L4xx_HAL_Driver/Src/stm32l4xx_hal_tim.o
                0x000000000800b024                HAL_TIM_IRQHandler
 *fill*         0x000000000800b262        0x2 
 .text.HAL_TIM_OC_ConfigChannel
                0x000000000800b264       0xf4 ./Drivers/STM32L4xx_HAL_Driver/Src/stm32l4xx_hal_tim.o
                0x000000000800b264                HAL_TIM_OC_ConfigChannel
 .text.HAL_TIM_IC_ConfigChannel
                0x000000000800b358      0x138 ./Drivers/STM32L4xx_HAL_Driver/Src/stm32l4xx_hal_tim.o
                0x000000000800b358                HAL_TIM_IC_ConfigChannel
 .text.HAL_TIM_ReadCapturedValue
                0x000000000800b490       0x88 ./Drivers/STM32L4xx_HAL_Driver/Src/stm32l4xx_hal_tim.o
                0x000000000800b490                HAL_TIM_ReadCapturedValue
 .text.HAL_TIM_PeriodElapsedCallback
                0x000000000800b518       0x12 ./Drivers/STM32L4xx_HAL_Driver/Src/stm32l4xx_hal_tim.o
                0x000000000800b518                HAL_TIM_PeriodElapsedCallback
 .text.HAL_TIM_PWM_PulseFinishedCallback
                0x000000000800b52a       0x12 ./Drivers/STM32L4xx_HAL_Driver/Src/stm32l4xx_hal_tim.o
                0x000000000800b52a                HAL_TIM_PWM_PulseFinishedCallback
 .text.HAL_TIM_TriggerCallback
                0x000000000800b53c       0x12 ./Drivers/STM32L4xx_HAL_Driver/Src/stm32l4xx_hal_tim.o
                0x000000000800b53c                HAL_TIM_TriggerCallback
 *fill*         0x000000000800b54e        0x2 
 .text.TIM_Base_SetConfig
                0x000000000800b550       0xc4 ./Drivers/STM32L4xx_HAL_Driver/Src/stm32l4xx_hal_tim.o
                0x000000000800b550                TIM_Base_SetConfig
 .text.TIM_OC1_SetConfig
                0x000000000800b614       0xf8 ./Drivers/STM32L4xx_HAL_Driver/Src/stm32l4xx_hal_tim.o
 .text.TIM_OC2_SetConfig
                0x000000000800b70c       0xf0 ./Drivers/STM32L4xx_HAL_Driver/Src/stm32l4xx_hal_tim.o
                0x000000000800b70c                TIM_OC2_SetConfig
 .text.TIM_OC3_SetConfig
                0x000000000800b7fc       0xf0 ./Drivers/STM32L4xx_HAL_Driver/Src/stm32l4xx_hal_tim.o
 .text.TIM_OC4_SetConfig
                0x000000000800b8ec       0xb8 ./Drivers/STM32L4xx_HAL_Driver/Src/stm32l4xx_hal_tim.o
 .text.TIM_OC5_SetConfig
                0x000000000800b9a4       0xb0 ./Drivers/STM32L4xx_HAL_Driver/Src/stm32l4xx_hal_tim.o
 .text.TIM_OC6_SetConfig
                0x000000000800ba54       0xb0 ./Drivers/STM32L4xx_HAL_Driver/Src/stm32l4xx_hal_tim.o
 .text.TIM_TI1_SetConfig
                0x000000000800bb04       0xa8 ./Drivers/STM32L4xx_HAL_Driver/Src/stm32l4xx_hal_tim.o
                0x000000000800bb04                TIM_TI1_SetConfig
 .text.TIM_TI2_SetConfig
                0x000000000800bbac       0x78 ./Drivers/STM32L4xx_HAL_Driver/Src/stm32l4xx_hal_tim.o
 .text.TIM_TI3_SetConfig
                0x000000000800bc24       0x76 ./Drivers/STM32L4xx_HAL_Driver/Src/stm32l4xx_hal_tim.o
 .text.TIM_TI4_SetConfig
                0x000000000800bc9a       0x78 ./Drivers/STM32L4xx_HAL_Driver/Src/stm32l4xx_hal_tim.o
 .text.TIM_CCxChannelCmd
                0x000000000800bd12       0x48 ./Drivers/STM32L4xx_HAL_Driver/Src/stm32l4xx_hal_tim.o
                0x000000000800bd12                TIM_CCxChannelCmd
 .text.HAL_TIMEx_CommutCallback
                0x000000000800bd5a       0x12 ./Drivers/STM32L4xx_HAL_Driver/Src/stm32l4xx_hal_tim_ex.o
                0x000000000800bd5a                HAL_TIMEx_CommutCallback
 .text.HAL_TIMEx_BreakCallback
                0x000000000800bd6c       0x12 ./Drivers/STM32L4xx_HAL_Driver/Src/stm32l4xx_hal_tim_ex.o
                0x000000000800bd6c                HAL_TIMEx_BreakCallback
 .text.HAL_TIMEx_Break2Callback
                0x000000000800bd7e       0x12 ./Drivers/STM32L4xx_HAL_Driver/Src/stm32l4xx_hal_tim_ex.o
                0x000000000800bd7e                HAL_TIMEx_Break2Callback
 .text.HAL_UART_Init
                0x000000000800bd90       0x9c ./Drivers/STM32L4xx_HAL_Driver/Src/stm32l4xx_hal_uart.o
                0x000000000800bd90                HAL_UART_Init
 .text.HAL_UART_Transmit
                0x000000000800be2c      0x128 ./Drivers/STM32L4xx_HAL_Driver/Src/stm32l4xx_hal_uart.o
                0x000000000800be2c                HAL_UART_Transmit
 .text.UART_SetConfig
                0x000000000800bf54      0x458 ./Drivers/STM32L4xx_HAL_Driver/Src/stm32l4xx_hal_uart.o
                0x000000000800bf54                UART_SetConfig
 .text.UART_AdvFeatureConfig
                0x000000000800c3ac      0x142 ./Drivers/STM32L4xx_HAL_Driver/Src/stm32l4xx_hal_uart.o
                0x000000000800c3ac                UART_AdvFeatureConfig
 .text.UART_CheckIdleState
                0x000000000800c4ee       0x92 ./Drivers/STM32L4xx_HAL_Driver/Src/stm32l4xx_hal_uart.o
                0x000000000800c4ee                UART_CheckIdleState
 .text.UART_WaitOnFlagUntilTimeout
                0x000000000800c580      0x188 ./Drivers/STM32L4xx_HAL_Driver/Src/stm32l4xx_hal_uart.o
                0x000000000800c580                UART_WaitOnFlagUntilTimeout
 .text.__errno  0x000000000800c708        0xc c:/st/stm32cubeide_1.5.1/stm32cubeide/plugins/com.st.stm32cube.ide.mcu.externaltools.gnu-tools-for-stm32.10.3-2021.10.win32_1.0.0.202111181127/tools/bin/../lib/gcc/arm-none-eabi/10.3.1/../../../../arm-none-eabi/lib/thumb/v7e-m/nofp\libc_nano.a(lib_a-errno.o)
                0x000000000800c708                __errno
 .text.__libc_init_array
                0x000000000800c714       0x48 c:/st/stm32cubeide_1.5.1/stm32cubeide/plugins/com.st.stm32cube.ide.mcu.externaltools.gnu-tools-for-stm32.10.3-2021.10.win32_1.0.0.202111181127/tools/bin/../lib/gcc/arm-none-eabi/10.3.1/../../../../arm-none-eabi/lib/thumb/v7e-m/nofp\libc_nano.a(lib_a-init.o)
                0x000000000800c714                __libc_init_array
 .text.__itoa   0x000000000800c75c       0x30 c:/st/stm32cubeide_1.5.1/stm32cubeide/plugins/com.st.stm32cube.ide.mcu.externaltools.gnu-tools-for-stm32.10.3-2021.10.win32_1.0.0.202111181127/tools/bin/../lib/gcc/arm-none-eabi/10.3.1/../../../../arm-none-eabi/lib/thumb/v7e-m/nofp\libc_nano.a(lib_a-itoa.o)
                0x000000000800c75c                __itoa
 .text.itoa     0x000000000800c78c        0x4 c:/st/stm32cubeide_1.5.1/stm32cubeide/plugins/com.st.stm32cube.ide.mcu.externaltools.gnu-tools-for-stm32.10.3-2021.10.win32_1.0.0.202111181127/tools/bin/../lib/gcc/arm-none-eabi/10.3.1/../../../../arm-none-eabi/lib/thumb/v7e-m/nofp\libc_nano.a(lib_a-itoa.o)
                0x000000000800c78c                itoa
 .text.memset   0x000000000800c790       0x10 c:/st/stm32cubeide_1.5.1/stm32cubeide/plugins/com.st.stm32cube.ide.mcu.externaltools.gnu-tools-for-stm32.10.3-2021.10.win32_1.0.0.202111181127/tools/bin/../lib/gcc/arm-none-eabi/10.3.1/../../../../arm-none-eabi/lib/thumb/v7e-m/nofp\libc_nano.a(lib_a-memset.o)
                0x000000000800c790                memset
 .text.strcat   0x000000000800c7a0       0x1e c:/st/stm32cubeide_1.5.1/stm32cubeide/plugins/com.st.stm32cube.ide.mcu.externaltools.gnu-tools-for-stm32.10.3-2021.10.win32_1.0.0.202111181127/tools/bin/../lib/gcc/arm-none-eabi/10.3.1/../../../../arm-none-eabi/lib/thumb/v7e-m/nofp\libc_nano.a(lib_a-strcat.o)
                0x000000000800c7a0                strcat
 *fill*         0x000000000800c7be        0x2 
 .text.__utoa   0x000000000800c7c0       0x84 c:/st/stm32cubeide_1.5.1/stm32cubeide/plugins/com.st.stm32cube.ide.mcu.externaltools.gnu-tools-for-stm32.10.3-2021.10.win32_1.0.0.202111181127/tools/bin/../lib/gcc/arm-none-eabi/10.3.1/../../../../arm-none-eabi/lib/thumb/v7e-m/nofp\libc_nano.a(lib_a-utoa.o)
                0x000000000800c7c0                __utoa
 .text._vsnprintf_r
                0x000000000800c844       0x56 c:/st/stm32cubeide_1.5.1/stm32cubeide/plugins/com.st.stm32cube.ide.mcu.externaltools.gnu-tools-for-stm32.10.3-2021.10.win32_1.0.0.202111181127/tools/bin/../lib/gcc/arm-none-eabi/10.3.1/../../../../arm-none-eabi/lib/thumb/v7e-m/nofp\libc_nano.a(lib_a-vsnprintf.o)
                0x000000000800c844                _vsniprintf_r
                0x000000000800c844                _vsnprintf_r
 *fill*         0x000000000800c89a        0x2 
 .text.vsnprintf
                0x000000000800c89c       0x1c c:/st/stm32cubeide_1.5.1/stm32cubeide/plugins/com.st.stm32cube.ide.mcu.externaltools.gnu-tools-for-stm32.10.3-2021.10.win32_1.0.0.202111181127/tools/bin/../lib/gcc/arm-none-eabi/10.3.1/../../../../arm-none-eabi/lib/thumb/v7e-m/nofp\libc_nano.a(lib_a-vsnprintf.o)
                0x000000000800c89c                vsniprintf
                0x000000000800c89c                vsnprintf
 .text.__ssputs_r
                0x000000000800c8b8       0xb6 c:/st/stm32cubeide_1.5.1/stm32cubeide/plugins/com.st.stm32cube.ide.mcu.externaltools.gnu-tools-for-stm32.10.3-2021.10.win32_1.0.0.202111181127/tools/bin/../lib/gcc/arm-none-eabi/10.3.1/../../../../arm-none-eabi/lib/thumb/v7e-m/nofp\libc_nano.a(lib_a-nano-svfprintf.o)
                0x000000000800c8b8                __ssputs_r
 *fill*         0x000000000800c96e        0x2 
 .text._svfprintf_r
                0x000000000800c970      0x200 c:/st/stm32cubeide_1.5.1/stm32cubeide/plugins/com.st.stm32cube.ide.mcu.externaltools.gnu-tools-for-stm32.10.3-2021.10.win32_1.0.0.202111181127/tools/bin/../lib/gcc/arm-none-eabi/10.3.1/../../../../arm-none-eabi/lib/thumb/v7e-m/nofp\libc_nano.a(lib_a-nano-svfprintf.o)
                0x000000000800c970                _svfiprintf_r
                0x000000000800c970                _svfprintf_r
 .text._printf_common
                0x000000000800cb70       0xda c:/st/stm32cubeide_1.5.1/stm32cubeide/plugins/com.st.stm32cube.ide.mcu.externaltools.gnu-tools-for-stm32.10.3-2021.10.win32_1.0.0.202111181127/tools/bin/../lib/gcc/arm-none-eabi/10.3.1/../../../../arm-none-eabi/lib/thumb/v7e-m/nofp\libc_nano.a(lib_a-nano-vfprintf_i.o)
                0x000000000800cb70                _printf_common
 *fill*         0x000000000800cc4a        0x2 
 .text._printf_i
                0x000000000800cc4c      0x24c c:/st/stm32cubeide_1.5.1/stm32cubeide/plugins/com.st.stm32cube.ide.mcu.externaltools.gnu-tools-for-stm32.10.3-2021.10.win32_1.0.0.202111181127/tools/bin/../lib/gcc/arm-none-eabi/10.3.1/../../../../arm-none-eabi/lib/thumb/v7e-m/nofp\libc_nano.a(lib_a-nano-vfprintf_i.o)
                0x000000000800cc4c                _printf_i
 .text.memcpy   0x000000000800ce98       0x1c c:/st/stm32cubeide_1.5.1/stm32cubeide/plugins/com.st.stm32cube.ide.mcu.externaltools.gnu-tools-for-stm32.10.3-2021.10.win32_1.0.0.202111181127/tools/bin/../lib/gcc/arm-none-eabi/10.3.1/../../../../arm-none-eabi/lib/thumb/v7e-m/nofp\libc_nano.a(lib_a-memcpy-stub.o)
                0x000000000800ce98                memcpy
 .text.memmove  0x000000000800ceb4       0x34 c:/st/stm32cubeide_1.5.1/stm32cubeide/plugins/com.st.stm32cube.ide.mcu.externaltools.gnu-tools-for-stm32.10.3-2021.10.win32_1.0.0.202111181127/tools/bin/../lib/gcc/arm-none-eabi/10.3.1/../../../../arm-none-eabi/lib/thumb/v7e-m/nofp\libc_nano.a(lib_a-memmove.o)
                0x000000000800ceb4                memmove
 .text._free_r  0x000000000800cee8       0x94 c:/st/stm32cubeide_1.5.1/stm32cubeide/plugins/com.st.stm32cube.ide.mcu.externaltools.gnu-tools-for-stm32.10.3-2021.10.win32_1.0.0.202111181127/tools/bin/../lib/gcc/arm-none-eabi/10.3.1/../../../../arm-none-eabi/lib/thumb/v7e-m/nofp\libc_nano.a(lib_a-nano-freer.o)
                0x000000000800cee8                _free_r
 .text.sbrk_aligned
                0x000000000800cf7c       0x40 c:/st/stm32cubeide_1.5.1/stm32cubeide/plugins/com.st.stm32cube.ide.mcu.externaltools.gnu-tools-for-stm32.10.3-2021.10.win32_1.0.0.202111181127/tools/bin/../lib/gcc/arm-none-eabi/10.3.1/../../../../arm-none-eabi/lib/thumb/v7e-m/nofp\libc_nano.a(lib_a-nano-mallocr.o)
 .text._malloc_r
                0x000000000800cfbc       0xe8 c:/st/stm32cubeide_1.5.1/stm32cubeide/plugins/com.st.stm32cube.ide.mcu.externaltools.gnu-tools-for-stm32.10.3-2021.10.win32_1.0.0.202111181127/tools/bin/../lib/gcc/arm-none-eabi/10.3.1/../../../../arm-none-eabi/lib/thumb/v7e-m/nofp\libc_nano.a(lib_a-nano-mallocr.o)
                0x000000000800cfbc                _malloc_r
 .text._realloc_r
                0x000000000800d0a4       0x5e c:/st/stm32cubeide_1.5.1/stm32cubeide/plugins/com.st.stm32cube.ide.mcu.externaltools.gnu-tools-for-stm32.10.3-2021.10.win32_1.0.0.202111181127/tools/bin/../lib/gcc/arm-none-eabi/10.3.1/../../../../arm-none-eabi/lib/thumb/v7e-m/nofp\libc_nano.a(lib_a-nano-reallocr.o)
                0x000000000800d0a4                _realloc_r
 *fill*         0x000000000800d102        0x2 
 .text._sbrk_r  0x000000000800d104       0x20 c:/st/stm32cubeide_1.5.1/stm32cubeide/plugins/com.st.stm32cube.ide.mcu.externaltools.gnu-tools-for-stm32.10.3-2021.10.win32_1.0.0.202111181127/tools/bin/../lib/gcc/arm-none-eabi/10.3.1/../../../../arm-none-eabi/lib/thumb/v7e-m/nofp\libc_nano.a(lib_a-sbrkr.o)
                0x000000000800d104                _sbrk_r
 .text.__malloc_lock
                0x000000000800d124        0xc c:/st/stm32cubeide_1.5.1/stm32cubeide/plugins/com.st.stm32cube.ide.mcu.externaltools.gnu-tools-for-stm32.10.3-2021.10.win32_1.0.0.202111181127/tools/bin/../lib/gcc/arm-none-eabi/10.3.1/../../../../arm-none-eabi/lib/thumb/v7e-m/nofp\libc_nano.a(lib_a-mlock.o)
                0x000000000800d124                __malloc_lock
 .text.__malloc_unlock
                0x000000000800d130        0xc c:/st/stm32cubeide_1.5.1/stm32cubeide/plugins/com.st.stm32cube.ide.mcu.externaltools.gnu-tools-for-stm32.10.3-2021.10.win32_1.0.0.202111181127/tools/bin/../lib/gcc/arm-none-eabi/10.3.1/../../../../arm-none-eabi/lib/thumb/v7e-m/nofp\libc_nano.a(lib_a-mlock.o)
                0x000000000800d130                __malloc_unlock
 .text._malloc_usable_size_r
                0x000000000800d13c       0x10 c:/st/stm32cubeide_1.5.1/stm32cubeide/plugins/com.st.stm32cube.ide.mcu.externaltools.gnu-tools-for-stm32.10.3-2021.10.win32_1.0.0.202111181127/tools/bin/../lib/gcc/arm-none-eabi/10.3.1/../../../../arm-none-eabi/lib/thumb/v7e-m/nofp\libc_nano.a(lib_a-nano-msizer.o)
                0x000000000800d13c                _malloc_usable_size_r
 .text.__retarget_lock_acquire_recursive
                0x000000000800d14c        0x2 c:/st/stm32cubeide_1.5.1/stm32cubeide/plugins/com.st.stm32cube.ide.mcu.externaltools.gnu-tools-for-stm32.10.3-2021.10.win32_1.0.0.202111181127/tools/bin/../lib/gcc/arm-none-eabi/10.3.1/../../../../arm-none-eabi/lib/thumb/v7e-m/nofp\libc_nano.a(lib_a-lock.o)
                0x000000000800d14c                __retarget_lock_acquire_recursive
 .text.__retarget_lock_release_recursive
                0x000000000800d14e        0x2 c:/st/stm32cubeide_1.5.1/stm32cubeide/plugins/com.st.stm32cube.ide.mcu.externaltools.gnu-tools-for-stm32.10.3-2021.10.win32_1.0.0.202111181127/tools/bin/../lib/gcc/arm-none-eabi/10.3.1/../../../../arm-none-eabi/lib/thumb/v7e-m/nofp\libc_nano.a(lib_a-lock.o)
                0x000000000800d14e                __retarget_lock_release_recursive
 *(.glue_7)
 .glue_7        0x000000000800d150        0x0 linker stubs
 *(.glue_7t)
 .glue_7t       0x000000000800d150        0x0 linker stubs
 *(.eh_frame)
 .eh_frame      0x000000000800d150        0x0 c:/st/stm32cubeide_1.5.1/stm32cubeide/plugins/com.st.stm32cube.ide.mcu.externaltools.gnu-tools-for-stm32.10.3-2021.10.win32_1.0.0.202111181127/tools/bin/../lib/gcc/arm-none-eabi/10.3.1/thumb/v7e-m/nofp/crtbegin.o
 *(.init)
 .init          0x000000000800d150        0x4 c:/st/stm32cubeide_1.5.1/stm32cubeide/plugins/com.st.stm32cube.ide.mcu.externaltools.gnu-tools-for-stm32.10.3-2021.10.win32_1.0.0.202111181127/tools/bin/../lib/gcc/arm-none-eabi/10.3.1/thumb/v7e-m/nofp/crti.o
                0x000000000800d150                _init
 .init          0x000000000800d154        0x8 c:/st/stm32cubeide_1.5.1/stm32cubeide/plugins/com.st.stm32cube.ide.mcu.externaltools.gnu-tools-for-stm32.10.3-2021.10.win32_1.0.0.202111181127/tools/bin/../lib/gcc/arm-none-eabi/10.3.1/thumb/v7e-m/nofp/crtn.o
 *(.fini)
 .fini          0x000000000800d15c        0x4 c:/st/stm32cubeide_1.5.1/stm32cubeide/plugins/com.st.stm32cube.ide.mcu.externaltools.gnu-tools-for-stm32.10.3-2021.10.win32_1.0.0.202111181127/tools/bin/../lib/gcc/arm-none-eabi/10.3.1/thumb/v7e-m/nofp/crti.o
                0x000000000800d15c                _fini
 .fini          0x000000000800d160        0x8 c:/st/stm32cubeide_1.5.1/stm32cubeide/plugins/com.st.stm32cube.ide.mcu.externaltools.gnu-tools-for-stm32.10.3-2021.10.win32_1.0.0.202111181127/tools/bin/../lib/gcc/arm-none-eabi/10.3.1/thumb/v7e-m/nofp/crtn.o
                0x000000000800d168                . = ALIGN (0x4)
                0x000000000800d168                _etext = .

.vfp11_veneer   0x000000000800d168        0x0
 .vfp11_veneer  0x000000000800d168        0x0 linker stubs

.v4_bx          0x000000000800d168        0x0
 .v4_bx         0x000000000800d168        0x0 linker stubs

.iplt           0x000000000800d168        0x0
 .iplt          0x000000000800d168        0x0 c:/st/stm32cubeide_1.5.1/stm32cubeide/plugins/com.st.stm32cube.ide.mcu.externaltools.gnu-tools-for-stm32.10.3-2021.10.win32_1.0.0.202111181127/tools/bin/../lib/gcc/arm-none-eabi/10.3.1/thumb/v7e-m/nofp/crtbegin.o

.rodata         0x000000000800d168     0x2878
                0x000000000800d168                . = ALIGN (0x4)
 *(.rodata)
 .rodata        0x000000000800d168       0x44 ./Core/SD_Card/Middlewares/Third_Party/FatFs/src/ff.o
 .rodata        0x000000000800d1ac       0x42 ./Core/Src/CCS811_GasSensor.o
 *fill*         0x000000000800d1ee        0x2 
 .rodata        0x000000000800d1f0       0x2b ./Core/Src/LCD_ST7565_Control.o
 *fill*         0x000000000800d21b        0x1 
 .rodata        0x000000000800d21c        0x6 ./Core/Src/RTC_Control.o
 *fill*         0x000000000800d222        0x2 
 .rodata        0x000000000800d224      0x1da ./Core/Src/SD_Card_Control.o
 *(.rodata*)
 *fill*         0x000000000800d3fe        0x2 
 .rodata.ExCvt  0x000000000800d400       0x80 ./Core/SD_Card/Middlewares/Third_Party/FatFs/src/ff.o
 .rodata.logo   0x000000000800d480      0x150 ./Core/ST7565/bitmap.o
                0x000000000800d480                logo
 .rodata.Font7x9
                0x000000000800d5d0      0xbd0 ./Core/ST7565/fonts.o
                0x000000000800d5d0                Font7x9
 .rodata.Font11x18
                0x000000000800e1a0     0x17a0 ./Core/ST7565/fonts.o
                0x000000000800e1a0                Font11x18
 .rodata.AHBPrescTable
                0x000000000800f940       0x10 ./Core/Src/system_stm32l4xx.o
                0x000000000800f940                AHBPrescTable
 .rodata.APBPrescTable
                0x000000000800f950        0x8 ./Core/Src/system_stm32l4xx.o
                0x000000000800f950                APBPrescTable
 .rodata.MSIRangeTable
                0x000000000800f958       0x30 ./Core/Src/system_stm32l4xx.o
                0x000000000800f958                MSIRangeTable
 .rodata.__utoa.str1.1
                0x000000000800f988       0x25 c:/st/stm32cubeide_1.5.1/stm32cubeide/plugins/com.st.stm32cube.ide.mcu.externaltools.gnu-tools-for-stm32.10.3-2021.10.win32_1.0.0.202111181127/tools/bin/../lib/gcc/arm-none-eabi/10.3.1/../../../../arm-none-eabi/lib/thumb/v7e-m/nofp\libc_nano.a(lib_a-utoa.o)
 .rodata._svfprintf_r.str1.1
                0x000000000800f9ad       0x11 c:/st/stm32cubeide_1.5.1/stm32cubeide/plugins/com.st.stm32cube.ide.mcu.externaltools.gnu-tools-for-stm32.10.3-2021.10.win32_1.0.0.202111181127/tools/bin/../lib/gcc/arm-none-eabi/10.3.1/../../../../arm-none-eabi/lib/thumb/v7e-m/nofp\libc_nano.a(lib_a-nano-svfprintf.o)
 .rodata._printf_i.str1.1
                0x000000000800f9be       0x22 c:/st/stm32cubeide_1.5.1/stm32cubeide/plugins/com.st.stm32cube.ide.mcu.externaltools.gnu-tools-for-stm32.10.3-2021.10.win32_1.0.0.202111181127/tools/bin/../lib/gcc/arm-none-eabi/10.3.1/../../../../arm-none-eabi/lib/thumb/v7e-m/nofp\libc_nano.a(lib_a-nano-vfprintf_i.o)
                0x000000000800f9e0                . = ALIGN (0x4)

.ARM.extab      0x000000000800f9e0        0x0
                0x000000000800f9e0                . = ALIGN (0x4)
 *(.ARM.extab* .gnu.linkonce.armextab.*)
                0x000000000800f9e0                . = ALIGN (0x4)

.ARM            0x000000000800f9e0        0x8
                0x000000000800f9e0                . = ALIGN (0x4)
                0x000000000800f9e0                __exidx_start = .
 *(.ARM.exidx*)
 .ARM.exidx     0x000000000800f9e0        0x8 c:/st/stm32cubeide_1.5.1/stm32cubeide/plugins/com.st.stm32cube.ide.mcu.externaltools.gnu-tools-for-stm32.10.3-2021.10.win32_1.0.0.202111181127/tools/bin/../lib/gcc/arm-none-eabi/10.3.1/thumb/v7e-m/nofp\libgcc.a(_udivmoddi4.o)
                0x000000000800f9e8                __exidx_end = .
                0x000000000800f9e8                . = ALIGN (0x4)

.rel.dyn        0x000000000800f9e8        0x0
 .rel.iplt      0x000000000800f9e8        0x0 c:/st/stm32cubeide_1.5.1/stm32cubeide/plugins/com.st.stm32cube.ide.mcu.externaltools.gnu-tools-for-stm32.10.3-2021.10.win32_1.0.0.202111181127/tools/bin/../lib/gcc/arm-none-eabi/10.3.1/thumb/v7e-m/nofp/crtbegin.o

.preinit_array  0x000000000800f9e8        0x0
                0x000000000800f9e8                . = ALIGN (0x4)
                0x000000000800f9e8                PROVIDE (__preinit_array_start = .)
 *(.preinit_array*)
                0x000000000800f9e8                PROVIDE (__preinit_array_end = .)
                0x000000000800f9e8                . = ALIGN (0x4)

.init_array     0x000000000800f9e8        0x4
                0x000000000800f9e8                . = ALIGN (0x4)
                0x000000000800f9e8                PROVIDE (__init_array_start = .)
 *(SORT_BY_NAME(.init_array.*))
 *(.init_array*)
 .init_array    0x000000000800f9e8        0x4 c:/st/stm32cubeide_1.5.1/stm32cubeide/plugins/com.st.stm32cube.ide.mcu.externaltools.gnu-tools-for-stm32.10.3-2021.10.win32_1.0.0.202111181127/tools/bin/../lib/gcc/arm-none-eabi/10.3.1/thumb/v7e-m/nofp/crtbegin.o
                0x000000000800f9ec                PROVIDE (__init_array_end = .)
                0x000000000800f9ec                . = ALIGN (0x4)

.fini_array     0x000000000800f9ec        0x4
                0x000000000800f9ec                . = ALIGN (0x4)
                [!provide]                        PROVIDE (__fini_array_start = .)
 *(SORT_BY_NAME(.fini_array.*))
 *(.fini_array*)
 .fini_array    0x000000000800f9ec        0x4 c:/st/stm32cubeide_1.5.1/stm32cubeide/plugins/com.st.stm32cube.ide.mcu.externaltools.gnu-tools-for-stm32.10.3-2021.10.win32_1.0.0.202111181127/tools/bin/../lib/gcc/arm-none-eabi/10.3.1/thumb/v7e-m/nofp/crtbegin.o
                [!provide]                        PROVIDE (__fini_array_end = .)
                0x000000000800f9f0                . = ALIGN (0x4)
                0x000000000800f9f0                _sidata = LOADADDR (.data)

.data           0x0000000020000000      0x188 load address 0x000000000800f9f0
                0x0000000020000000                . = ALIGN (0x4)
                0x0000000020000000                _sdata = .
 *(.data)
 *(.data*)
 .data.Stat     0x0000000020000000        0x1 ./Core/SD_Card/FATFS/Target/user_diskio.o
 *fill*         0x0000000020000001        0x3 
 .data.USER_Driver
                0x0000000020000004       0x14 ./Core/SD_Card/FATFS/Target/user_diskio.o
                0x0000000020000004                USER_Driver
 .data.Stat     0x0000000020000018        0x1 ./Core/SD_Card/FATFS/Target/user_diskio_spi.o
 *fill*         0x0000000020000019        0x3 
 .data.Font_7x9
                0x000000002000001c        0x8 ./Core/ST7565/fonts.o
                0x000000002000001c                Font_7x9
 .data.Font_11x18
                0x0000000020000024        0x8 ./Core/ST7565/fonts.o
                0x0000000020000024                Font_11x18
 .data.gas_sensorAppStart
                0x000000002000002c        0x1 ./Core/Src/CCS811_GasSensor.o
                0x000000002000002c                gas_sensorAppStart
 .data.gas_sensorMode
                0x000000002000002d        0x1 ./Core/Src/CCS811_GasSensor.o
                0x000000002000002d                gas_sensorMode
 *fill*         0x000000002000002e        0x2 
 .data.RTCTimeDateASCIIBuffer
                0x0000000020000030       0xd2 ./Core/Src/RTC_Control.o
                0x0000000020000030                RTCTimeDateASCIIBuffer
 *fill*         0x0000000020000102        0x2 
 .data.fullFileName
                0x0000000020000104        0x9 ./Core/Src/SD_Card_Control.o
                0x0000000020000104                fullFileName
 *fill*         0x000000002000010d        0x3 
 .data.fileNameType
                0x0000000020000110        0x5 ./Core/Src/SD_Card_Control.o
                0x0000000020000110                fileNameType
 .data.statusMessage
                0x0000000020000115        0x1 ./Core/Src/TempHumidity_Control.o
                0x0000000020000115                statusMessage
 *fill*         0x0000000020000116        0x2 
 .data.SystemCoreClock
                0x0000000020000118        0x4 ./Core/Src/system_stm32l4xx.o
                0x0000000020000118                SystemCoreClock
 .data.uwTickPrio
                0x000000002000011c        0x4 ./Drivers/STM32L4xx_HAL_Driver/Src/stm32l4xx_hal.o
                0x000000002000011c                uwTickPrio
 .data.uwTickFreq
                0x0000000020000120        0x1 ./Drivers/STM32L4xx_HAL_Driver/Src/stm32l4xx_hal.o
                0x0000000020000120                uwTickFreq
 *fill*         0x0000000020000121        0x3 
 .data._impure_ptr
                0x0000000020000124        0x4 c:/st/stm32cubeide_1.5.1/stm32cubeide/plugins/com.st.stm32cube.ide.mcu.externaltools.gnu-tools-for-stm32.10.3-2021.10.win32_1.0.0.202111181127/tools/bin/../lib/gcc/arm-none-eabi/10.3.1/../../../../arm-none-eabi/lib/thumb/v7e-m/nofp\libc_nano.a(lib_a-impure.o)
                0x0000000020000124                _impure_ptr
 .data.impure_data
                0x0000000020000128       0x60 c:/st/stm32cubeide_1.5.1/stm32cubeide/plugins/com.st.stm32cube.ide.mcu.externaltools.gnu-tools-for-stm32.10.3-2021.10.win32_1.0.0.202111181127/tools/bin/../lib/gcc/arm-none-eabi/10.3.1/../../../../arm-none-eabi/lib/thumb/v7e-m/nofp\libc_nano.a(lib_a-impure.o)
 *(.RamFunc)
 *(.RamFunc*)
                0x0000000020000188                . = ALIGN (0x4)
                0x0000000020000188                _edata = .

.igot.plt       0x0000000020000188        0x0 load address 0x000000000800fb78
 .igot.plt      0x0000000020000188        0x0 c:/st/stm32cubeide_1.5.1/stm32cubeide/plugins/com.st.stm32cube.ide.mcu.externaltools.gnu-tools-for-stm32.10.3-2021.10.win32_1.0.0.202111181127/tools/bin/../lib/gcc/arm-none-eabi/10.3.1/thumb/v7e-m/nofp/crtbegin.o
                0x0000000020000188                . = ALIGN (0x4)

.bss            0x0000000020000188      0xe98 load address 0x000000000800fb78
                0x0000000020000188                _sbss = .
                0x0000000020000188                __bss_start__ = _sbss
 *(.bss)
 .bss           0x0000000020000188       0x1c c:/st/stm32cubeide_1.5.1/stm32cubeide/plugins/com.st.stm32cube.ide.mcu.externaltools.gnu-tools-for-stm32.10.3-2021.10.win32_1.0.0.202111181127/tools/bin/../lib/gcc/arm-none-eabi/10.3.1/thumb/v7e-m/nofp/crtbegin.o
 *(.bss*)
 .bss.retUSER   0x00000000200001a4        0x1 ./Core/SD_Card/FATFS/App/fatfs.o
                0x00000000200001a4                retUSER
 *fill*         0x00000000200001a5        0x3 
 .bss.USERPath  0x00000000200001a8        0x4 ./Core/SD_Card/FATFS/App/fatfs.o
                0x00000000200001a8                USERPath
 .bss.CardType  0x00000000200001ac        0x1 ./Core/SD_Card/FATFS/Target/user_diskio_spi.o
 *fill*         0x00000000200001ad        0x3 
 .bss.spiTimerTickStart
                0x00000000200001b0        0x4 ./Core/SD_Card/FATFS/Target/user_diskio_spi.o
                0x00000000200001b0                spiTimerTickStart
 .bss.spiTimerTickDelay
                0x00000000200001b4        0x4 ./Core/SD_Card/FATFS/Target/user_diskio_spi.o
                0x00000000200001b4                spiTimerTickDelay
 .bss.FatFs     0x00000000200001b8        0x4 ./Core/SD_Card/Middlewares/Third_Party/FatFs/src/ff.o
 .bss.Fsid      0x00000000200001bc        0x2 ./Core/SD_Card/Middlewares/Third_Party/FatFs/src/ff.o
 *fill*         0x00000000200001be        0x2 
 .bss.Files     0x00000000200001c0       0x20 ./Core/SD_Card/Middlewares/Third_Party/FatFs/src/ff.o
 .bss.disk      0x00000000200001e0        0xc ./Core/SD_Card/Middlewares/Third_Party/FatFs/src/ff_gen_drv.o
                0x00000000200001e0                disk
 .bss.ST7565_buffer
                0x00000000200001ec      0x400 ./Core/ST7565/ST7565.o
                0x00000000200001ec                ST7565_buffer
 .bss.gas_sensorBuffer
                0x00000000200005ec        0x1 ./Core/Src/CCS811_GasSensor.o
                0x00000000200005ec                gas_sensorBuffer
 *fill*         0x00000000200005ed        0x1 
 .bss.gas_sensorReading
                0x00000000200005ee        0x2 ./Core/Src/CCS811_GasSensor.o
                0x00000000200005ee                gas_sensorReading
 .bss.gas_sensorArray
                0x00000000200005f0        0x2 ./Core/Src/CCS811_GasSensor.o
                0x00000000200005f0                gas_sensorArray
 .bss.refreshCount
                0x00000000200005f2        0x1 ./Core/Src/LCD_ST7565_Control.o
 .bss.growTentMode
                0x00000000200005f3        0x1 ./Core/Src/Monitor_GrowTent.o
                0x00000000200005f3                growTentMode
 .bss.rtc1      0x00000000200005f4       0x24 ./Core/Src/RTC_Control.o
                0x00000000200005f4                rtc1
 .bss.rtcdateSet
                0x0000000020000618        0x4 ./Core/Src/RTC_Control.o
                0x0000000020000618                rtcdateSet
 .bss.rtctimeSet
                0x000000002000061c       0x14 ./Core/Src/RTC_Control.o
                0x000000002000061c                rtctimeSet
 .bss.rtcdateGet
                0x0000000020000630        0x4 ./Core/Src/RTC_Control.o
                0x0000000020000630                rtcdateGet
 .bss.rtctimeGet
                0x0000000020000634       0x14 ./Core/Src/RTC_Control.o
                0x0000000020000634                rtctimeGet
 .bss.rtcalarmset
                0x0000000020000648       0x2c ./Core/Src/RTC_Control.o
                0x0000000020000648                rtcalarmset
 .bss.RTCTimeDateNumbersBuffer
                0x0000000020000674        0x7 ./Core/Src/RTC_Control.o
                0x0000000020000674                RTCTimeDateNumbersBuffer
 *fill*         0x000000002000067b        0x1 
 .bss.rawRTCBackupValues
                0x000000002000067c        0x7 ./Core/Src/RTC_Control.o
                0x000000002000067c                rawRTCBackupValues
 *fill*         0x0000000020000683        0x1 
 .bss.FatFs     0x0000000020000684      0x230 ./Core/Src/SD_Card_Control.o
                0x0000000020000684                FatFs
 .bss.fil       0x00000000200008b4      0x230 ./Core/Src/SD_Card_Control.o
                0x00000000200008b4                fil
 .bss.fres      0x0000000020000ae4        0x1 ./Core/Src/SD_Card_Control.o
                0x0000000020000ae4                fres
 .bss.fileExistsFlag
                0x0000000020000ae5        0x1 ./Core/Src/SD_Card_Control.o
                0x0000000020000ae5                fileExistsFlag
 *fill*         0x0000000020000ae6        0x2 
 .bss.buffer.0  0x0000000020000ae8      0x100 ./Core/Src/SD_Card_Control.o
 .bss.readSequenceStatus
                0x0000000020000be8        0x1 ./Core/Src/TempHumidity_Control.o
                0x0000000020000be8                readSequenceStatus
 .bss.errorMessage
                0x0000000020000be9        0x1 ./Core/Src/TempHumidity_Control.o
                0x0000000020000be9                errorMessage
 .bss.dataCount
                0x0000000020000bea        0x1 ./Core/Src/TempHumidity_Control.o
                0x0000000020000bea                dataCount
 *fill*         0x0000000020000beb        0x1 
 .bss.systicCounter
                0x0000000020000bec        0x2 ./Core/Src/TempHumidity_Control.o
                0x0000000020000bec                systicCounter
 .bss.icTimeOutValue
                0x0000000020000bee        0x2 ./Core/Src/TempHumidity_Control.o
                0x0000000020000bee                icTimeOutValue
 .bss.tempHumidDataValidFlag
                0x0000000020000bf0        0x1 ./Core/Src/TempHumidity_Control.o
                0x0000000020000bf0                tempHumidDataValidFlag
 .bss.tempHumidityCheckSum
                0x0000000020000bf1        0x1 ./Core/Src/TempHumidity_Control.o
                0x0000000020000bf1                tempHumidityCheckSum
 .bss.sensorValidValueCount
                0x0000000020000bf2        0x1 ./Core/Src/TempHumidity_Control.o
                0x0000000020000bf2                sensorValidValueCount
 *fill*         0x0000000020000bf3        0x1 
 .bss.tempRH    0x0000000020000bf4        0x2 ./Core/Src/TempHumidity_Control.o
                0x0000000020000bf4                tempRH
 .bss.tempT     0x0000000020000bf6        0x2 ./Core/Src/TempHumidity_Control.o
                0x0000000020000bf6                tempT
 .bss.DHT22_DataBufferInputCapture
                0x0000000020000bf8      0x148 ./Core/Src/TempHumidity_Control.o
                0x0000000020000bf8                DHT22_DataBufferInputCapture
 .bss.TempHumidityDataBuffer_Raw
                0x0000000020000d40       0xa0 ./Core/Src/TempHumidity_Control.o
                0x0000000020000d40                TempHumidityDataBuffer_Raw
 .bss.TempHumidityDataBuffer
                0x0000000020000de0        0xa ./Core/Src/TempHumidity_Control.o
                0x0000000020000de0                TempHumidityDataBuffer
 *fill*         0x0000000020000dea        0x2 
 .bss.TempHumidityDataAverage
                0x0000000020000dec        0x5 ./Core/Src/TempHumidity_Control.o
                0x0000000020000dec                TempHumidityDataAverage
 *fill*         0x0000000020000df1        0x3 
 .bss.tim2OC    0x0000000020000df4       0x4c ./Core/Src/TempHumidity_Timer2_Control.o
                0x0000000020000df4                tim2OC
 .bss.tim2IC    0x0000000020000e40       0x4c ./Core/Src/TempHumidity_Timer2_Control.o
                0x0000000020000e40                tim2IC
 .bss.tim2OCinit
                0x0000000020000e8c       0x1c ./Core/Src/TempHumidity_Timer2_Control.o
                0x0000000020000e8c                tim2OCinit
 .bss.tim2ICinit
                0x0000000020000ea8       0x10 ./Core/Src/TempHumidity_Timer2_Control.o
                0x0000000020000ea8                tim2ICinit
 .bss.timerOCStartFlag
                0x0000000020000eb8        0x1 ./Core/Src/TempHumidity_Timer2_Control.o
                0x0000000020000eb8                timerOCStartFlag
 .bss.timerICStartFlag
                0x0000000020000eb9        0x1 ./Core/Src/TempHumidity_Timer2_Control.o
                0x0000000020000eb9                timerICStartFlag
 .bss.inputCaptureCount
                0x0000000020000eba        0x1 ./Core/Src/TempHumidity_Timer2_Control.o
                0x0000000020000eba                inputCaptureCount
 .bss.sensorNumberConfig
                0x0000000020000ebb        0x1 ./Core/Src/TempHumidity_Timer2_Control.o
                0x0000000020000ebb                sensorNumberConfig
 .bss.huart2    0x0000000020000ebc       0x84 ./Core/Src/main.o
                0x0000000020000ebc                huart2
 .bss.i2c1      0x0000000020000f40       0x4c ./Core/Src/main.o
                0x0000000020000f40                i2c1
 .bss.hspi1     0x0000000020000f8c       0x64 ./Core/Src/main.o
                0x0000000020000f8c                hspi1
 .bss.flags     0x0000000020000ff0        0x3 ./Core/Src/main.o
                0x0000000020000ff0                flags
 *fill*         0x0000000020000ff3        0x1 
 .bss.systemVariables
                0x0000000020000ff4        0xe ./Core/Src/main.o
                0x0000000020000ff4                systemVariables
 .bss.LCDUpdateCount
                0x0000000020001002        0x2 ./Core/Src/stm32l4xx_it.o
                0x0000000020001002                LCDUpdateCount
 .bss.sensorUpdateCount
                0x0000000020001004        0x2 ./Core/Src/stm32l4xx_it.o
                0x0000000020001004                sensorUpdateCount
 .bss.modeUpdateCount
                0x0000000020001006        0x2 ./Core/Src/stm32l4xx_it.o
                0x0000000020001006                modeUpdateCount
 .bss.__sbrk_heap_end
                0x0000000020001008        0x4 ./Core/Src/sysmem.o
 .bss.uwTick    0x000000002000100c        0x4 ./Drivers/STM32L4xx_HAL_Driver/Src/stm32l4xx_hal.o
                0x000000002000100c                uwTick
 .bss.__malloc_free_list
                0x0000000020001010        0x4 c:/st/stm32cubeide_1.5.1/stm32cubeide/plugins/com.st.stm32cube.ide.mcu.externaltools.gnu-tools-for-stm32.10.3-2021.10.win32_1.0.0.202111181127/tools/bin/../lib/gcc/arm-none-eabi/10.3.1/../../../../arm-none-eabi/lib/thumb/v7e-m/nofp\libc_nano.a(lib_a-nano-mallocr.o)
                0x0000000020001010                __malloc_free_list
 .bss.__malloc_sbrk_start
                0x0000000020001014        0x4 c:/st/stm32cubeide_1.5.1/stm32cubeide/plugins/com.st.stm32cube.ide.mcu.externaltools.gnu-tools-for-stm32.10.3-2021.10.win32_1.0.0.202111181127/tools/bin/../lib/gcc/arm-none-eabi/10.3.1/../../../../arm-none-eabi/lib/thumb/v7e-m/nofp\libc_nano.a(lib_a-nano-mallocr.o)
                0x0000000020001014                __malloc_sbrk_start
 .bss.errno     0x0000000020001018        0x4 c:/st/stm32cubeide_1.5.1/stm32cubeide/plugins/com.st.stm32cube.ide.mcu.externaltools.gnu-tools-for-stm32.10.3-2021.10.win32_1.0.0.202111181127/tools/bin/../lib/gcc/arm-none-eabi/10.3.1/../../../../arm-none-eabi/lib/thumb/v7e-m/nofp\libc_nano.a(lib_a-reent.o)
                0x0000000020001018                errno
 .bss.__lock___malloc_recursive_mutex
                0x000000002000101c        0x1 c:/st/stm32cubeide_1.5.1/stm32cubeide/plugins/com.st.stm32cube.ide.mcu.externaltools.gnu-tools-for-stm32.10.3-2021.10.win32_1.0.0.202111181127/tools/bin/../lib/gcc/arm-none-eabi/10.3.1/../../../../arm-none-eabi/lib/thumb/v7e-m/nofp\libc_nano.a(lib_a-lock.o)
                0x000000002000101c                __lock___malloc_recursive_mutex
 *(COMMON)
                0x0000000020001020                . = ALIGN (0x4)
 *fill*         0x000000002000101d        0x3 
                0x0000000020001020                _ebss = .
                0x0000000020001020                __bss_end__ = _ebss

._user_heap_stack
                0x0000000020001020      0x600 load address 0x000000000800fb78
                0x0000000020001020                . = ALIGN (0x8)
                [!provide]                        PROVIDE (end = .)
                0x0000000020001020                PROVIDE (_end = .)
                0x0000000020001220                . = (. + _Min_Heap_Size)
 *fill*         0x0000000020001020      0x200 
                0x0000000020001620                . = (. + _Min_Stack_Size)
 *fill*         0x0000000020001220      0x400 
                0x0000000020001620                . = ALIGN (0x8)

/DISCARD/
 libc.a(*)
 libm.a(*)
 libgcc.a(*)

.ARM.attributes
                0x0000000000000000       0x2a
 *(.ARM.attributes)
 .ARM.attributes
                0x0000000000000000       0x1e c:/st/stm32cubeide_1.5.1/stm32cubeide/plugins/com.st.stm32cube.ide.mcu.externaltools.gnu-tools-for-stm32.10.3-2021.10.win32_1.0.0.202111181127/tools/bin/../lib/gcc/arm-none-eabi/10.3.1/thumb/v7e-m/nofp/crti.o
 .ARM.attributes
                0x000000000000001e       0x2e c:/st/stm32cubeide_1.5.1/stm32cubeide/plugins/com.st.stm32cube.ide.mcu.externaltools.gnu-tools-for-stm32.10.3-2021.10.win32_1.0.0.202111181127/tools/bin/../lib/gcc/arm-none-eabi/10.3.1/thumb/v7e-m/nofp/crtbegin.o
 .ARM.attributes
                0x000000000000004c       0x2e ./Core/SD_Card/FATFS/App/fatfs.o
 .ARM.attributes
                0x000000000000007a       0x2e ./Core/SD_Card/FATFS/Target/user_diskio.o
 .ARM.attributes
                0x00000000000000a8       0x2e ./Core/SD_Card/FATFS/Target/user_diskio_spi.o
 .ARM.attributes
                0x00000000000000d6       0x2e ./Core/SD_Card/Middlewares/Third_Party/FatFs/src/diskio.o
 .ARM.attributes
                0x0000000000000104       0x2e ./Core/SD_Card/Middlewares/Third_Party/FatFs/src/ff.o
 .ARM.attributes
                0x0000000000000132       0x2e ./Core/SD_Card/Middlewares/Third_Party/FatFs/src/ff_gen_drv.o
 .ARM.attributes
                0x0000000000000160       0x2e ./Core/ST7565/ST7565.o
 .ARM.attributes
                0x000000000000018e       0x2e ./Core/ST7565/bitmap.o
 .ARM.attributes
                0x00000000000001bc       0x2e ./Core/ST7565/fonts.o
 .ARM.attributes
                0x00000000000001ea       0x2e ./Core/Src/CCS811_GasSensor.o
 .ARM.attributes
                0x0000000000000218       0x2e ./Core/Src/Clock_Control.o
 .ARM.attributes
                0x0000000000000246       0x2e ./Core/Src/GPIO_Control.o
 .ARM.attributes
                0x0000000000000274       0x2e ./Core/Src/LCD_ST7565_Control.o
 .ARM.attributes
                0x00000000000002a2       0x2e ./Core/Src/Monitor_GrowTent.o
 .ARM.attributes
                0x00000000000002d0       0x2e ./Core/Src/Power_Control.o
 .ARM.attributes
                0x00000000000002fe       0x2e ./Core/Src/RTC_Control.o
 .ARM.attributes
                0x000000000000032c       0x2e ./Core/Src/SD_Card_Control.o
 .ARM.attributes
                0x000000000000035a       0x2e ./Core/Src/TempHumidity_Control.o
 .ARM.attributes
                0x0000000000000388       0x2e ./Core/Src/TempHumidity_Timer2_Control.o
 .ARM.attributes
                0x00000000000003b6       0x2e ./Core/Src/UART_Control.o
 .ARM.attributes
                0x00000000000003e4       0x2e ./Core/Src/main.o
 .ARM.attributes
                0x0000000000000412       0x2e ./Core/Src/stm32l4xx_hal_msp.o
 .ARM.attributes
                0x0000000000000440       0x2e ./Core/Src/stm32l4xx_it.o
 .ARM.attributes
                0x000000000000046e       0x2e ./Core/Src/sysmem.o
 .ARM.attributes
                0x000000000000049c       0x2e ./Core/Src/system_stm32l4xx.o
 .ARM.attributes
                0x00000000000004ca       0x21 ./Core/Startup/startup_stm32l432kcux.o
 .ARM.attributes
                0x00000000000004eb       0x2e ./Drivers/STM32L4xx_HAL_Driver/Src/stm32l4xx_hal.o
 .ARM.attributes
                0x0000000000000519       0x2e ./Drivers/STM32L4xx_HAL_Driver/Src/stm32l4xx_hal_cortex.o
 .ARM.attributes
                0x0000000000000547       0x2e ./Drivers/STM32L4xx_HAL_Driver/Src/stm32l4xx_hal_gpio.o
 .ARM.attributes
                0x0000000000000575       0x2e ./Drivers/STM32L4xx_HAL_Driver/Src/stm32l4xx_hal_i2c.o
 .ARM.attributes
                0x00000000000005a3       0x2e ./Drivers/STM32L4xx_HAL_Driver/Src/stm32l4xx_hal_pwr.o
 .ARM.attributes
                0x00000000000005d1       0x2e ./Drivers/STM32L4xx_HAL_Driver/Src/stm32l4xx_hal_pwr_ex.o
 .ARM.attributes
                0x00000000000005ff       0x2e ./Drivers/STM32L4xx_HAL_Driver/Src/stm32l4xx_hal_rcc.o
 .ARM.attributes
                0x000000000000062d       0x2e ./Drivers/STM32L4xx_HAL_Driver/Src/stm32l4xx_hal_rcc_ex.o
 .ARM.attributes
                0x000000000000065b       0x2e ./Drivers/STM32L4xx_HAL_Driver/Src/stm32l4xx_hal_rtc.o
 .ARM.attributes
                0x0000000000000689       0x2e ./Drivers/STM32L4xx_HAL_Driver/Src/stm32l4xx_hal_rtc_ex.o
 .ARM.attributes
                0x00000000000006b7       0x2e ./Drivers/STM32L4xx_HAL_Driver/Src/stm32l4xx_hal_spi.o
 .ARM.attributes
                0x00000000000006e5       0x2e ./Drivers/STM32L4xx_HAL_Driver/Src/stm32l4xx_hal_tim.o
 .ARM.attributes
                0x0000000000000713       0x2e ./Drivers/STM32L4xx_HAL_Driver/Src/stm32l4xx_hal_tim_ex.o
 .ARM.attributes
                0x0000000000000741       0x2e ./Drivers/STM32L4xx_HAL_Driver/Src/stm32l4xx_hal_uart.o
 .ARM.attributes
                0x000000000000076f       0x2e c:/st/stm32cubeide_1.5.1/stm32cubeide/plugins/com.st.stm32cube.ide.mcu.externaltools.gnu-tools-for-stm32.10.3-2021.10.win32_1.0.0.202111181127/tools/bin/../lib/gcc/arm-none-eabi/10.3.1/../../../../arm-none-eabi/lib/thumb/v7e-m/nofp\libc_nano.a(lib_a-errno.o)
 .ARM.attributes
                0x000000000000079d       0x2e c:/st/stm32cubeide_1.5.1/stm32cubeide/plugins/com.st.stm32cube.ide.mcu.externaltools.gnu-tools-for-stm32.10.3-2021.10.win32_1.0.0.202111181127/tools/bin/../lib/gcc/arm-none-eabi/10.3.1/../../../../arm-none-eabi/lib/thumb/v7e-m/nofp\libc_nano.a(lib_a-impure.o)
 .ARM.attributes
                0x00000000000007cb       0x2e c:/st/stm32cubeide_1.5.1/stm32cubeide/plugins/com.st.stm32cube.ide.mcu.externaltools.gnu-tools-for-stm32.10.3-2021.10.win32_1.0.0.202111181127/tools/bin/../lib/gcc/arm-none-eabi/10.3.1/../../../../arm-none-eabi/lib/thumb/v7e-m/nofp\libc_nano.a(lib_a-init.o)
 .ARM.attributes