../Core/Src/stm32l4xx_it.c:48:6:NMI_Handler	4	static
../Core/Src/stm32l4xx_it.c:63:6:HardFault_Handler	4	static
../Core/Src/stm32l4xx_it.c:78:6:MemManage_Handler	4	static
../Core/Src/stm32l4xx_it.c:93:6:BusFault_Handler	4	static
../Core/Src/stm32l4xx_it.c:108:6:UsageFault_Handler	4	static
../Core/Src/stm32l4xx_it.c:123:6:SVC_Handler	4	static
../Core/Src/stm32l4xx_it.c:136:6:DebugMon_Handler	4	static
../Core/Src/stm32l4xx_it.c:149:6:PendSV_Handler	4	static
../Core/Src/stm32l4xx_it.c:162:6:SysTick_Handler	8	static
../Core/Src/stm32l4xx_it.c:213:6:TIM6_DAC_IRQHandler	4	static
../Core/Src/stm32l4xx_it.c:218:6:TIM2_IRQHandler	8	static
../Core/Src/stm32l4xx_it.c:224:6:RTC_Alarm_IRQHandler	8	static
